03:22:57 **** Incremental Build of configuration Debug for project RemoteRacing ****
make -j15 all 
arm-none-eabi-gcc "../Drivers/Custom/src/GPS.c" -mcpu=cortex-m0 -std=gnu11 -g3 -DUSE_HAL_DRIVER -DSTM32F030x8 -DDEBUG -c -I../Drivers/Custom/inc -I../Drivers/STM32F0xx_HAL_Driver/Inc -I../Drivers/CMSIS/Include -I../Core/Inc -I../Drivers/STM32F0xx_HAL_Driver/Inc/Legacy -I../Drivers/CMSIS/Device/ST/STM32F0xx/Include -I../Core/FreeRTOS/Source/include -I../Core/FreeRTOS/Source/portable/GCC/ARM_CM0 -I../Core/FreeRTOS/Source/portable/MemMang -O0 -ffunction-sections -fdata-sections -Wall -fstack-usage -MMD -MP -MF"Drivers/Custom/src/GPS.d" -MT"Drivers/Custom/src/GPS.o" --specs=nano.specs -mfloat-abi=soft -mthumb -o "Drivers/Custom/src/GPS.o"
arm-none-eabi-gcc "../Drivers/Custom/src/MMA8452Q.c" -mcpu=cortex-m0 -std=gnu11 -g3 -DUSE_HAL_DRIVER -DSTM32F030x8 -DDEBUG -c -I../Drivers/Custom/inc -I../Drivers/STM32F0xx_HAL_Driver/Inc -I../Drivers/CMSIS/Include -I../Core/Inc -I../Drivers/STM32F0xx_HAL_Driver/Inc/Legacy -I../Drivers/CMSIS/Device/ST/STM32F0xx/Include -I../Core/FreeRTOS/Source/include -I../Core/FreeRTOS/Source/portable/GCC/ARM_CM0 -I../Core/FreeRTOS/Source/portable/MemMang -O0 -ffunction-sections -fdata-sections -Wall -fstack-usage -MMD -MP -MF"Drivers/Custom/src/MMA8452Q.d" -MT"Drivers/Custom/src/MMA8452Q.o" --specs=nano.specs -mfloat-abi=soft -mthumb -o "Drivers/Custom/src/MMA8452Q.o"
arm-none-eabi-gcc "../Core/Src/freertos.c" -mcpu=cortex-m0 -std=gnu11 -g3 -DUSE_HAL_DRIVER -DSTM32F030x8 -DDEBUG -c -I../Drivers/Custom/inc -I../Drivers/STM32F0xx_HAL_Driver/Inc -I../Drivers/CMSIS/Include -I../Core/Inc -I../Drivers/STM32F0xx_HAL_Driver/Inc/Legacy -I../Drivers/CMSIS/Device/ST/STM32F0xx/Include -I../Core/FreeRTOS/Source/include -I../Core/FreeRTOS/Source/portable/GCC/ARM_CM0 -I../Core/FreeRTOS/Source/portable/MemMang -O0 -ffunction-sections -fdata-sections -Wall -fstack-usage -MMD -MP -MF"Core/Src/freertos.d" -MT"Core/Src/freertos.o" --specs=nano.specs -mfloat-abi=soft -mthumb -o "Core/Src/freertos.o"
arm-none-eabi-gcc "../Core/Src/main.c" -mcpu=cortex-m0 -std=gnu11 -g3 -DUSE_HAL_DRIVER -DSTM32F030x8 -DDEBUG -c -I../Drivers/Custom/inc -I../Drivers/STM32F0xx_HAL_Driver/Inc -I../Drivers/CMSIS/Include -I../Core/Inc -I../Drivers/STM32F0xx_HAL_Driver/Inc/Legacy -I../Drivers/CMSIS/Device/ST/STM32F0xx/Include -I../Core/FreeRTOS/Source/include -I../Core/FreeRTOS/Source/portable/GCC/ARM_CM0 -I../Core/FreeRTOS/Source/portable/MemMang -O0 -ffunction-sections -fdata-sections -Wall -fstack-usage -MMD -MP -MF"Core/Src/main.d" -MT"Core/Src/main.o" --specs=nano.specs -mfloat-abi=soft -mthumb -o "Core/Src/main.o"
arm-none-eabi-gcc "../Core/Src/racing_tasks.c" -mcpu=cortex-m0 -std=gnu11 -g3 -DUSE_HAL_DRIVER -DSTM32F030x8 -DDEBUG -c -I../Drivers/Custom/inc -I../Drivers/STM32F0xx_HAL_Driver/Inc -I../Drivers/CMSIS/Include -I../Core/Inc -I../Drivers/STM32F0xx_HAL_Driver/Inc/Legacy -I../Drivers/CMSIS/Device/ST/STM32F0xx/Include -I../Core/FreeRTOS/Source/include -I../Core/FreeRTOS/Source/portable/GCC/ARM_CM0 -I../Core/FreeRTOS/Source/portable/MemMang -O0 -ffunction-sections -fdata-sections -Wall -fstack-usage -MMD -MP -MF"Core/Src/racing_tasks.d" -MT"Core/Src/racing_tasks.o" --specs=nano.specs -mfloat-abi=soft -mthumb -o "Core/Src/racing_tasks.o"
arm-none-eabi-gcc "../Core/Src/stm32f0xx_hal_msp.c" -mcpu=cortex-m0 -std=gnu11 -g3 -DUSE_HAL_DRIVER -DSTM32F030x8 -DDEBUG -c -I../Drivers/Custom/inc -I../Drivers/STM32F0xx_HAL_Driver/Inc -I../Drivers/CMSIS/Include -I../Core/Inc -I../Drivers/STM32F0xx_HAL_Driver/Inc/Legacy -I../Drivers/CMSIS/Device/ST/STM32F0xx/Include -I../Core/FreeRTOS/Source/include -I../Core/FreeRTOS/Source/portable/GCC/ARM_CM0 -I../Core/FreeRTOS/Source/portable/MemMang -O0 -ffunction-sections -fdata-sections -Wall -fstack-usage -MMD -MP -MF"Core/Src/stm32f0xx_hal_msp.d" -MT"Core/Src/stm32f0xx_hal_msp.o" --specs=nano.specs -mfloat-abi=soft -mthumb -o "Core/Src/stm32f0xx_hal_msp.o"
arm-none-eabi-gcc "../Core/Src/stm32f0xx_it.c" -mcpu=cortex-m0 -std=gnu11 -g3 -DUSE_HAL_DRIVER -DSTM32F030x8 -DDEBUG -c -I../Drivers/Custom/inc -I../Drivers/STM32F0xx_HAL_Driver/Inc -I../Drivers/CMSIS/Include -I../Core/Inc -I../Drivers/STM32F0xx_HAL_Driver/Inc/Legacy -I../Drivers/CMSIS/Device/ST/STM32F0xx/Include -I../Core/FreeRTOS/Source/include -I../Core/FreeRTOS/Source/portable/GCC/ARM_CM0 -I../Core/FreeRTOS/Source/portable/MemMang -O0 -ffunction-sections -fdata-sections -Wall -fstack-usage -MMD -MP -MF"Core/Src/stm32f0xx_it.d" -MT"Core/Src/stm32f0xx_it.o" --specs=nano.specs -mfloat-abi=soft -mthumb -o "Core/Src/stm32f0xx_it.o"
arm-none-eabi-gcc -o "RemoteRacing.elf" @"objects.list"   -mcpu=cortex-m0 -T"/Users/pjfossee/STM32CubeIDE/workspace_1.3.0/RemoteRacing/STM32F030R8TX_FLASH.ld" --specs=nosys.specs -Wl,-Map="RemoteRacing.map" -Wl,--gc-sections -static -u _printf_float --specs=nano.specs -mfloat-abi=soft -mthumb -Wl,--start-group -lc -lm -Wl,--end-group
Finished building target: RemoteRacing.elf
 
arm-none-eabi-objdump -h -S  RemoteRacing.elf  > "RemoteRacing.list"
arm-none-eabi-objcopy  -O binary  RemoteRacing.elf  "RemoteRacing.bin"
arm-none-eabi-size   RemoteRacing.elf 
   text	   data	    bss	    dec	    hex	filename
  39980	    480	   7040	  47500	   b98c	RemoteRacing.elf
Finished building: default.size.stdout
 
Finished building: RemoteRacing.bin
 
Finished building: RemoteRacing.list
 
03:23:04 **** Incremental Build of configuration Debug for project RemoteRacing ****
make -j15 all 
arm-none-eabi-size   RemoteRacing.elf 
   text	   data	    bss	    dec	    hex	filename
  39980	    480	   7040	  47500	   b98c	RemoteRacing.elf
Finished building: default.size.stdout
 
03:25:47 **** Incremental Build of configuration Debug for project RemoteRacing ****
make -j15 all 
arm-none-eabi-size   RemoteRacing.elf 
   text	   data	    bss	    dec	    hex	filename
  39980	    480	   7040	  47500	   b98c	RemoteRacing.elf
Finished building: default.size.stdout
 
03:26:25 **** Incremental Build of configuration Debug for project RemoteRacing ****
make -j15 all 
arm-none-eabi-size   RemoteRacing.elf 
   text	   data	    bss	    dec	    hex	filename
  39980	    480	   7040	  47500	   b98c	RemoteRacing.elf
Finished building: default.size.stdout
 
03:26:38 **** Incremental Build of configuration Debug for project RemoteRacing ****
make -j15 all 
arm-none-eabi-size   RemoteRacing.elf 
   text	   data	    bss	    dec	    hex	filename
  39980	    480	   7040	  47500	   b98c	RemoteRacing.elf
Finished building: default.size.stdout
 
03:28:38 **** Incremental Build of configuration Debug for project RemoteRacing ****
make -j15 all 
arm-none-eabi-gcc "../Drivers/Custom/src/GPS.c" -mcpu=cortex-m0 -std=gnu11 -g3 -DUSE_HAL_DRIVER -DSTM32F030x8 -DDEBUG -c -I../Drivers/Custom/inc -I../Drivers/STM32F0xx_HAL_Driver/Inc -I../Drivers/CMSIS/Include -I../Core/Inc -I../Drivers/STM32F0xx_HAL_Driver/Inc/Legacy -I../Drivers/CMSIS/Device/ST/STM32F0xx/Include -I../Core/FreeRTOS/Source/include -I../Core/FreeRTOS/Source/portable/GCC/ARM_CM0 -I../Core/FreeRTOS/Source/portable/MemMang -O0 -ffunction-sections -fdata-sections -Wall -fstack-usage -MMD -MP -MF"Drivers/Custom/src/GPS.d" -MT"Drivers/Custom/src/GPS.o" --specs=nano.specs -mfloat-abi=soft -mthumb -o "Drivers/Custom/src/GPS.o"
arm-none-eabi-gcc "../Drivers/Custom/src/MMA8452Q.c" -mcpu=cortex-m0 -std=gnu11 -g3 -DUSE_HAL_DRIVER -DSTM32F030x8 -DDEBUG -c -I../Drivers/Custom/inc -I../Drivers/STM32F0xx_HAL_Driver/Inc -I../Drivers/CMSIS/Include -I../Core/Inc -I../Drivers/STM32F0xx_HAL_Driver/Inc/Legacy -I../Drivers/CMSIS/Device/ST/STM32F0xx/Include -I../Core/FreeRTOS/Source/include -I../Core/FreeRTOS/Source/portable/GCC/ARM_CM0 -I../Core/FreeRTOS/Source/portable/MemMang -O0 -ffunction-sections -fdata-sections -Wall -fstack-usage -MMD -MP -MF"Drivers/Custom/src/MMA8452Q.d" -MT"Drivers/Custom/src/MMA8452Q.o" --specs=nano.specs -mfloat-abi=soft -mthumb -o "Drivers/Custom/src/MMA8452Q.o"
arm-none-eabi-gcc "../Core/Src/freertos.c" -mcpu=cortex-m0 -std=gnu11 -g3 -DUSE_HAL_DRIVER -DSTM32F030x8 -DDEBUG -c -I../Drivers/Custom/inc -I../Drivers/STM32F0xx_HAL_Driver/Inc -I../Drivers/CMSIS/Include -I../Core/Inc -I../Drivers/STM32F0xx_HAL_Driver/Inc/Legacy -I../Drivers/CMSIS/Device/ST/STM32F0xx/Include -I../Core/FreeRTOS/Source/include -I../Core/FreeRTOS/Source/portable/GCC/ARM_CM0 -I../Core/FreeRTOS/Source/portable/MemMang -O0 -ffunction-sections -fdata-sections -Wall -fstack-usage -MMD -MP -MF"Core/Src/freertos.d" -MT"Core/Src/freertos.o" --specs=nano.specs -mfloat-abi=soft -mthumb -o "Core/Src/freertos.o"
arm-none-eabi-gcc "../Core/Src/main.c" -mcpu=cortex-m0 -std=gnu11 -g3 -DUSE_HAL_DRIVER -DSTM32F030x8 -DDEBUG -c -I../Drivers/Custom/inc -I../Drivers/STM32F0xx_HAL_Driver/Inc -I../Drivers/CMSIS/Include -I../Core/Inc -I../Drivers/STM32F0xx_HAL_Driver/Inc/Legacy -I../Drivers/CMSIS/Device/ST/STM32F0xx/Include -I../Core/FreeRTOS/Source/include -I../Core/FreeRTOS/Source/portable/GCC/ARM_CM0 -I../Core/FreeRTOS/Source/portable/MemMang -O0 -ffunction-sections -fdata-sections -Wall -fstack-usage -MMD -MP -MF"Core/Src/main.d" -MT"Core/Src/main.o" --specs=nano.specs -mfloat-abi=soft -mthumb -o "Core/Src/main.o"
arm-none-eabi-gcc "../Core/Src/racing_tasks.c" -mcpu=cortex-m0 -std=gnu11 -g3 -DUSE_HAL_DRIVER -DSTM32F030x8 -DDEBUG -c -I../Drivers/Custom/inc -I../Drivers/STM32F0xx_HAL_Driver/Inc -I../Drivers/CMSIS/Include -I../Core/Inc -I../Drivers/STM32F0xx_HAL_Driver/Inc/Legacy -I../Drivers/CMSIS/Device/ST/STM32F0xx/Include -I../Core/FreeRTOS/Source/include -I../Core/FreeRTOS/Source/portable/GCC/ARM_CM0 -I../Core/FreeRTOS/Source/portable/MemMang -O0 -ffunction-sections -fdata-sections -Wall -fstack-usage -MMD -MP -MF"Core/Src/racing_tasks.d" -MT"Core/Src/racing_tasks.o" --specs=nano.specs -mfloat-abi=soft -mthumb -o "Core/Src/racing_tasks.o"
arm-none-eabi-gcc "../Core/Src/stm32f0xx_hal_msp.c" -mcpu=cortex-m0 -std=gnu11 -g3 -DUSE_HAL_DRIVER -DSTM32F030x8 -DDEBUG -c -I../Drivers/Custom/inc -I../Drivers/STM32F0xx_HAL_Driver/Inc -I../Drivers/CMSIS/Include -I../Core/Inc -I../Drivers/STM32F0xx_HAL_Driver/Inc/Legacy -I../Drivers/CMSIS/Device/ST/STM32F0xx/Include -I../Core/FreeRTOS/Source/include -I../Core/FreeRTOS/Source/portable/GCC/ARM_CM0 -I../Core/FreeRTOS/Source/portable/MemMang -O0 -ffunction-sections -fdata-sections -Wall -fstack-usage -MMD -MP -MF"Core/Src/stm32f0xx_hal_msp.d" -MT"Core/Src/stm32f0xx_hal_msp.o" --specs=nano.specs -mfloat-abi=soft -mthumb -o "Core/Src/stm32f0xx_hal_msp.o"
arm-none-eabi-gcc "../Core/Src/stm32f0xx_it.c" -mcpu=cortex-m0 -std=gnu11 -g3 -DUSE_HAL_DRIVER -DSTM32F030x8 -DDEBUG -c -I../Drivers/Custom/inc -I../Drivers/STM32F0xx_HAL_Driver/Inc -I../Drivers/CMSIS/Include -I../Core/Inc -I../Drivers/STM32F0xx_HAL_Driver/Inc/Legacy -I../Drivers/CMSIS/Device/ST/STM32F0xx/Include -I../Core/FreeRTOS/Source/include -I../Core/FreeRTOS/Source/portable/GCC/ARM_CM0 -I../Core/FreeRTOS/Source/portable/MemMang -O0 -ffunction-sections -fdata-sections -Wall -fstack-usage -MMD -MP -MF"Core/Src/stm32f0xx_it.d" -MT"Core/Src/stm32f0xx_it.o" --specs=nano.specs -mfloat-abi=soft -mthumb -o "Core/Src/stm32f0xx_it.o"
arm-none-eabi-gcc -o "RemoteRacing.elf" @"objects.list"   -mcpu=cortex-m0 -T"/Users/pjfossee/STM32CubeIDE/workspace_1.3.0/RemoteRacing/STM32F030R8TX_FLASH.ld" --specs=nosys.specs -Wl,-Map="RemoteRacing.map" -Wl,--gc-sections -static -u _printf_float --specs=nano.specs -mfloat-abi=soft -mthumb -Wl,--start-group -lc -lm -Wl,--end-group
Finished building target: RemoteRacing.elf
 
arm-none-eabi-objdump -h -S  RemoteRacing.elf  > "RemoteRacing.list"
arm-none-eabi-objcopy  -O binary  RemoteRacing.elf  "RemoteRacing.bin"
arm-none-eabi-size   RemoteRacing.elf 
   text	   data	    bss	    dec	    hex	filename
  39980	    480	   7168	  47628	   ba0c	RemoteRacing.elf
Finished building: default.size.stdout
 
Finished building: RemoteRacing.bin
 
Finished building: RemoteRacing.list
 
03:33:32 **** Incremental Build of configuration Debug for project RemoteRacing ****
make -j15 all 
arm-none-eabi-gcc "../Drivers/Custom/src/GPS.c" -mcpu=cortex-m0 -std=gnu11 -g3 -DUSE_HAL_DRIVER -DSTM32F030x8 -DDEBUG -c -I../Drivers/Custom/inc -I../Drivers/STM32F0xx_HAL_Driver/Inc -I../Drivers/CMSIS/Include -I../Core/Inc -I../Drivers/STM32F0xx_HAL_Driver/Inc/Legacy -I../Drivers/CMSIS/Device/ST/STM32F0xx/Include -I../Core/FreeRTOS/Source/include -I../Core/FreeRTOS/Source/portable/GCC/ARM_CM0 -I../Core/FreeRTOS/Source/portable/MemMang -O0 -ffunction-sections -fdata-sections -Wall -fstack-usage -MMD -MP -MF"Drivers/Custom/src/GPS.d" -MT"Drivers/Custom/src/GPS.o" --specs=nano.specs -mfloat-abi=soft -mthumb -o "Drivers/Custom/src/GPS.o"
arm-none-eabi-gcc "../Drivers/Custom/src/MMA8452Q.c" -mcpu=cortex-m0 -std=gnu11 -g3 -DUSE_HAL_DRIVER -DSTM32F030x8 -DDEBUG -c -I../Drivers/Custom/inc -I../Drivers/STM32F0xx_HAL_Driver/Inc -I../Drivers/CMSIS/Include -I../Core/Inc -I../Drivers/STM32F0xx_HAL_Driver/Inc/Legacy -I../Drivers/CMSIS/Device/ST/STM32F0xx/Include -I../Core/FreeRTOS/Source/include -I../Core/FreeRTOS/Source/portable/GCC/ARM_CM0 -I../Core/FreeRTOS/Source/portable/MemMang -O0 -ffunction-sections -fdata-sections -Wall -fstack-usage -MMD -MP -MF"Drivers/Custom/src/MMA8452Q.d" -MT"Drivers/Custom/src/MMA8452Q.o" --specs=nano.specs -mfloat-abi=soft -mthumb -o "Drivers/Custom/src/MMA8452Q.o"
arm-none-eabi-gcc "../Core/Src/freertos.c" -mcpu=cortex-m0 -std=gnu11 -g3 -DUSE_HAL_DRIVER -DSTM32F030x8 -DDEBUG -c -I../Drivers/Custom/inc -I../Drivers/STM32F0xx_HAL_Driver/Inc -I../Drivers/CMSIS/Include -I../Core/Inc -I../Drivers/STM32F0xx_HAL_Driver/Inc/Legacy -I../Drivers/CMSIS/Device/ST/STM32F0xx/Include -I../Core/FreeRTOS/Source/include -I../Core/FreeRTOS/Source/portable/GCC/ARM_CM0 -I../Core/FreeRTOS/Source/portable/MemMang -O0 -ffunction-sections -fdata-sections -Wall -fstack-usage -MMD -MP -MF"Core/Src/freertos.d" -MT"Core/Src/freertos.o" --specs=nano.specs -mfloat-abi=soft -mthumb -o "Core/Src/freertos.o"
arm-none-eabi-gcc "../Core/Src/main.c" -mcpu=cortex-m0 -std=gnu11 -g3 -DUSE_HAL_DRIVER -DSTM32F030x8 -DDEBUG -c -I../Drivers/Custom/inc -I../Drivers/STM32F0xx_HAL_Driver/Inc -I../Drivers/CMSIS/Include -I../Core/Inc -I../Drivers/STM32F0xx_HAL_Driver/Inc/Legacy -I../Drivers/CMSIS/Device/ST/STM32F0xx/Include -I../Core/FreeRTOS/Source/include -I../Core/FreeRTOS/Source/portable/GCC/ARM_CM0 -I../Core/FreeRTOS/Source/portable/MemMang -O0 -ffunction-sections -fdata-sections -Wall -fstack-usage -MMD -MP -MF"Core/Src/main.d" -MT"Core/Src/main.o" --specs=nano.specs -mfloat-abi=soft -mthumb -o "Core/Src/main.o"
arm-none-eabi-gcc "../Core/Src/racing_tasks.c" -mcpu=cortex-m0 -std=gnu11 -g3 -DUSE_HAL_DRIVER -DSTM32F030x8 -DDEBUG -c -I../Drivers/Custom/inc -I../Drivers/STM32F0xx_HAL_Driver/Inc -I../Drivers/CMSIS/Include -I../Core/Inc -I../Drivers/STM32F0xx_HAL_Driver/Inc/Legacy -I../Drivers/CMSIS/Device/ST/STM32F0xx/Include -I../Core/FreeRTOS/Source/include -I../Core/FreeRTOS/Source/portable/GCC/ARM_CM0 -I../Core/FreeRTOS/Source/portable/MemMang -O0 -ffunction-sections -fdata-sections -Wall -fstack-usage -MMD -MP -MF"Core/Src/racing_tasks.d" -MT"Core/Src/racing_tasks.o" --specs=nano.specs -mfloat-abi=soft -mthumb -o "Core/Src/racing_tasks.o"
arm-none-eabi-gcc "../Core/Src/stm32f0xx_hal_msp.c" -mcpu=cortex-m0 -std=gnu11 -g3 -DUSE_HAL_DRIVER -DSTM32F030x8 -DDEBUG -c -I../Drivers/Custom/inc -I../Drivers/STM32F0xx_HAL_Driver/Inc -I../Drivers/CMSIS/Include -I../Core/Inc -I../Drivers/STM32F0xx_HAL_Driver/Inc/Legacy -I../Drivers/CMSIS/Device/ST/STM32F0xx/Include -I../Core/FreeRTOS/Source/include -I../Core/FreeRTOS/Source/portable/GCC/ARM_CM0 -I../Core/FreeRTOS/Source/portable/MemMang -O0 -ffunction-sections -fdata-sections -Wall -fstack-usage -MMD -MP -MF"Core/Src/stm32f0xx_hal_msp.d" -MT"Core/Src/stm32f0xx_hal_msp.o" --specs=nano.specs -mfloat-abi=soft -mthumb -o "Core/Src/stm32f0xx_hal_msp.o"
arm-none-eabi-gcc "../Core/Src/stm32f0xx_it.c" -mcpu=cortex-m0 -std=gnu11 -g3 -DUSE_HAL_DRIVER -DSTM32F030x8 -DDEBUG -c -I../Drivers/Custom/inc -I../Drivers/STM32F0xx_HAL_Driver/Inc -I../Drivers/CMSIS/Include -I../Core/Inc -I../Drivers/STM32F0xx_HAL_Driver/Inc/Legacy -I../Drivers/CMSIS/Device/ST/STM32F0xx/Include -I../Core/FreeRTOS/Source/include -I../Core/FreeRTOS/Source/portable/GCC/ARM_CM0 -I../Core/FreeRTOS/Source/portable/MemMang -O0 -ffunction-sections -fdata-sections -Wall -fstack-usage -MMD -MP -MF"Core/Src/stm32f0xx_it.d" -MT"Core/Src/stm32f0xx_it.o" --specs=nano.specs -mfloat-abi=soft -mthumb -o "Core/Src/stm32f0xx_it.o"
arm-none-eabi-gcc -o "RemoteRacing.elf" @"objects.list"   -mcpu=cortex-m0 -T"/Users/pjfossee/STM32CubeIDE/workspace_1.3.0/RemoteRacing/STM32F030R8TX_FLASH.ld" --specs=nosys.specs -Wl,-Map="RemoteRacing.map" -Wl,--gc-sections -static -u _printf_float --specs=nano.specs -mfloat-abi=soft -mthumb -Wl,--start-group -lc -lm -Wl,--end-group
Finished building target: RemoteRacing.elf
 
arm-none-eabi-objdump -h -S  RemoteRacing.elf  > "RemoteRacing.list"
arm-none-eabi-objcopy  -O binary  RemoteRacing.elf  "RemoteRacing.bin"
arm-none-eabi-size   RemoteRacing.elf 
   text	   data	    bss	    dec	    hex	filename
  39980	    480	   7424	  47884	   bb0c	RemoteRacing.elf
Finished building: default.size.stdout
 
Finished building: RemoteRacing.bin
 
Finished building: RemoteRacing.list
 
03:38:48 **** Incremental Build of configuration Debug for project RemoteRacing ****
make -j15 all 
arm-none-eabi-size   RemoteRacing.elf 
   text	   data	    bss	    dec	    hex	filename
  39980	    480	   7424	  47884	   bb0c	RemoteRacing.elf
Finished building: default.size.stdout
 
03:39:40 **** Incremental Build of configuration Debug for project RemoteRacing ****
make -j15 all 
arm-none-eabi-size   RemoteRacing.elf 
   text	   data	    bss	    dec	    hex	filename
  39980	    480	   7424	  47884	   bb0c	RemoteRacing.elf
Finished building: default.size.stdout
 
03:40:16 **** Incremental Build of configuration Debug for project RemoteRacing ****
make -j15 all 
arm-none-eabi-size   RemoteRacing.elf 
   text	   data	    bss	    dec	    hex	filename
  39980	    480	   7424	  47884	   bb0c	RemoteRacing.elf
Finished building: default.size.stdout
 
03:40:30 **** Incremental Build of configuration Debug for project RemoteRacing ****
make -j15 all 
arm-none-eabi-size   RemoteRacing.elf 
   text	   data	    bss	    dec	    hex	filename
  39980	    480	   7424	  47884	   bb0c	RemoteRacing.elf
Finished building: default.size.stdout
 
03:40:47 **** Incremental Build of configuration Debug for project RemoteRacing ****
make -j15 all 
arm-none-eabi-size   RemoteRacing.elf 
   text	   data	    bss	    dec	    hex	filename
  39980	    480	   7424	  47884	   bb0c	RemoteRacing.elf
Finished building: default.size.stdout
 
03:41:28 **** Incremental Build of configuration Debug for project RemoteRacing ****
make -j15 all 
arm-none-eabi-gcc "../Drivers/Custom/src/GPS.c" -mcpu=cortex-m0 -std=gnu11 -g3 -DUSE_HAL_DRIVER -DSTM32F030x8 -DDEBUG -c -I../Drivers/Custom/inc -I../Drivers/STM32F0xx_HAL_Driver/Inc -I../Drivers/CMSIS/Include -I../Core/Inc -I../Drivers/STM32F0xx_HAL_Driver/Inc/Legacy -I../Drivers/CMSIS/Device/ST/STM32F0xx/Include -I../Core/FreeRTOS/Source/include -I../Core/FreeRTOS/Source/portable/GCC/ARM_CM0 -I../Core/FreeRTOS/Source/portable/MemMang -O0 -ffunction-sections -fdata-sections -Wall -fstack-usage -MMD -MP -MF"Drivers/Custom/src/GPS.d" -MT"Drivers/Custom/src/GPS.o" --specs=nano.specs -mfloat-abi=soft -mthumb -o "Drivers/Custom/src/GPS.o"
arm-none-eabi-gcc "../Drivers/Custom/src/MMA8452Q.c" -mcpu=cortex-m0 -std=gnu11 -g3 -DUSE_HAL_DRIVER -DSTM32F030x8 -DDEBUG -c -I../Drivers/Custom/inc -I../Drivers/STM32F0xx_HAL_Driver/Inc -I../Drivers/CMSIS/Include -I../Core/Inc -I../Drivers/STM32F0xx_HAL_Driver/Inc/Legacy -I../Drivers/CMSIS/Device/ST/STM32F0xx/Include -I../Core/FreeRTOS/Source/include -I../Core/FreeRTOS/Source/portable/GCC/ARM_CM0 -I../Core/FreeRTOS/Source/portable/MemMang -O0 -ffunction-sections -fdata-sections -Wall -fstack-usage -MMD -MP -MF"Drivers/Custom/src/MMA8452Q.d" -MT"Drivers/Custom/src/MMA8452Q.o" --specs=nano.specs -mfloat-abi=soft -mthumb -o "Drivers/Custom/src/MMA8452Q.o"
arm-none-eabi-gcc "../Core/Src/freertos.c" -mcpu=cortex-m0 -std=gnu11 -g3 -DUSE_HAL_DRIVER -DSTM32F030x8 -DDEBUG -c -I../Drivers/Custom/inc -I../Drivers/STM32F0xx_HAL_Driver/Inc -I../Drivers/CMSIS/Include -I../Core/Inc -I../Drivers/STM32F0xx_HAL_Driver/Inc/Legacy -I../Drivers/CMSIS/Device/ST/STM32F0xx/Include -I../Core/FreeRTOS/Source/include -I../Core/FreeRTOS/Source/portable/GCC/ARM_CM0 -I../Core/FreeRTOS/Source/portable/MemMang -O0 -ffunction-sections -fdata-sections -Wall -fstack-usage -MMD -MP -MF"Core/Src/freertos.d" -MT"Core/Src/freertos.o" --specs=nano.specs -mfloat-abi=soft -mthumb -o "Core/Src/freertos.o"
arm-none-eabi-gcc "../Core/Src/main.c" -mcpu=cortex-m0 -std=gnu11 -g3 -DUSE_HAL_DRIVER -DSTM32F030x8 -DDEBUG -c -I../Drivers/Custom/inc -I../Drivers/STM32F0xx_HAL_Driver/Inc -I../Drivers/CMSIS/Include -I../Core/Inc -I../Drivers/STM32F0xx_HAL_Driver/Inc/Legacy -I../Drivers/CMSIS/Device/ST/STM32F0xx/Include -I../Core/FreeRTOS/Source/include -I../Core/FreeRTOS/Source/portable/GCC/ARM_CM0 -I../Core/FreeRTOS/Source/portable/MemMang -O0 -ffunction-sections -fdata-sections -Wall -fstack-usage -MMD -MP -MF"Core/Src/main.d" -MT"Core/Src/main.o" --specs=nano.specs -mfloat-abi=soft -mthumb -o "Core/Src/main.o"
arm-none-eabi-gcc "../Core/Src/racing_tasks.c" -mcpu=cortex-m0 -std=gnu11 -g3 -DUSE_HAL_DRIVER -DSTM32F030x8 -DDEBUG -c -I../Drivers/Custom/inc -I../Drivers/STM32F0xx_HAL_Driver/Inc -I../Drivers/CMSIS/Include -I../Core/Inc -I../Drivers/STM32F0xx_HAL_Driver/Inc/Legacy -I../Drivers/CMSIS/Device/ST/STM32F0xx/Include -I../Core/FreeRTOS/Source/include -I../Core/FreeRTOS/Source/portable/GCC/ARM_CM0 -I../Core/FreeRTOS/Source/portable/MemMang -O0 -ffunction-sections -fdata-sections -Wall -fstack-usage -MMD -MP -MF"Core/Src/racing_tasks.d" -MT"Core/Src/racing_tasks.o" --specs=nano.specs -mfloat-abi=soft -mthumb -o "Core/Src/racing_tasks.o"
arm-none-eabi-gcc "../Core/Src/stm32f0xx_hal_msp.c" -mcpu=cortex-m0 -std=gnu11 -g3 -DUSE_HAL_DRIVER -DSTM32F030x8 -DDEBUG -c -I../Drivers/Custom/inc -I../Drivers/STM32F0xx_HAL_Driver/Inc -I../Drivers/CMSIS/Include -I../Core/Inc -I../Drivers/STM32F0xx_HAL_Driver/Inc/Legacy -I../Drivers/CMSIS/Device/ST/STM32F0xx/Include -I../Core/FreeRTOS/Source/include -I../Core/FreeRTOS/Source/portable/GCC/ARM_CM0 -I../Core/FreeRTOS/Source/portable/MemMang -O0 -ffunction-sections -fdata-sections -Wall -fstack-usage -MMD -MP -MF"Core/Src/stm32f0xx_hal_msp.d" -MT"Core/Src/stm32f0xx_hal_msp.o" --specs=nano.specs -mfloat-abi=soft -mthumb -o "Core/Src/stm32f0xx_hal_msp.o"
arm-none-eabi-gcc "../Core/Src/stm32f0xx_it.c" -mcpu=cortex-m0 -std=gnu11 -g3 -DUSE_HAL_DRIVER -DSTM32F030x8 -DDEBUG -c -I../Drivers/Custom/inc -I../Drivers/STM32F0xx_HAL_Driver/Inc -I../Drivers/CMSIS/Include -I../Core/Inc -I../Drivers/STM32F0xx_HAL_Driver/Inc/Legacy -I../Drivers/CMSIS/Device/ST/STM32F0xx/Include -I../Core/FreeRTOS/Source/include -I../Core/FreeRTOS/Source/portable/GCC/ARM_CM0 -I../Core/FreeRTOS/Source/portable/MemMang -O0 -ffunction-sections -fdata-sections -Wall -fstack-usage -MMD -MP -MF"Core/Src/stm32f0xx_it.d" -MT"Core/Src/stm32f0xx_it.o" --specs=nano.specs -mfloat-abi=soft -mthumb -o "Core/Src/stm32f0xx_it.o"
arm-none-eabi-gcc -o "RemoteRacing.elf" @"objects.list"   -mcpu=cortex-m0 -T"/Users/pjfossee/STM32CubeIDE/workspace_1.3.0/RemoteRacing/STM32F030R8TX_FLASH.ld" --specs=nosys.specs -Wl,-Map="RemoteRacing.map" -Wl,--gc-sections -static -u _printf_float --specs=nano.specs -mfloat-abi=soft -mthumb -Wl,--start-group -lc -lm -Wl,--end-group
Finished building target: RemoteRacing.elf
 
arm-none-eabi-objdump -h -S  RemoteRacing.elf  > "RemoteRacing.list"
arm-none-eabi-objcopy  -O binary  RemoteRacing.elf  "RemoteRacing.bin"
arm-none-eabi-size   RemoteRacing.elf 
   text	   data	    bss	    dec	    hex	filename
  39980	    480	   6976	  47436	   b94c	RemoteRacing.elf
Finished building: default.size.stdout
 
Finished building: RemoteRacing.bin
 
Finished building: RemoteRacing.list
 
03:45:07 **** Incremental Build of configuration Debug for project RemoteRacing ****
make -j15 all 
arm-none-eabi-size   RemoteRacing.elf 
   text	   data	    bss	    dec	    hex	filename
  39980	    480	   6976	  47436	   b94c	RemoteRacing.elf
Finished building: default.size.stdout
 
03:50:25 **** Incremental Build of configuration Debug for project RemoteRacing ****
make -j15 all 
arm-none-eabi-gcc "../Drivers/Custom/src/GPS.c" -mcpu=cortex-m0 -std=gnu11 -g3 -DUSE_HAL_DRIVER -DSTM32F030x8 -DDEBUG -c -I../Drivers/Custom/inc -I../Drivers/STM32F0xx_HAL_Driver/Inc -I../Drivers/CMSIS/Include -I../Core/Inc -I../Drivers/STM32F0xx_HAL_Driver/Inc/Legacy -I../Drivers/CMSIS/Device/ST/STM32F0xx/Include -I../Core/FreeRTOS/Source/include -I../Core/FreeRTOS/Source/portable/GCC/ARM_CM0 -I../Core/FreeRTOS/Source/portable/MemMang -O0 -ffunction-sections -fdata-sections -Wall -fstack-usage -MMD -MP -MF"Drivers/Custom/src/GPS.d" -MT"Drivers/Custom/src/GPS.o" --specs=nano.specs -mfloat-abi=soft -mthumb -o "Drivers/Custom/src/GPS.o"
arm-none-eabi-gcc "../Core/Src/racing_tasks.c" -mcpu=cortex-m0 -std=gnu11 -g3 -DUSE_HAL_DRIVER -DSTM32F030x8 -DDEBUG -c -I../Drivers/Custom/inc -I../Drivers/STM32F0xx_HAL_Driver/Inc -I../Drivers/CMSIS/Include -I../Core/Inc -I../Drivers/STM32F0xx_HAL_Driver/Inc/Legacy -I../Drivers/CMSIS/Device/ST/STM32F0xx/Include -I../Core/FreeRTOS/Source/include -I../Core/FreeRTOS/Source/portable/GCC/ARM_CM0 -I../Core/FreeRTOS/Source/portable/MemMang -O0 -ffunction-sections -fdata-sections -Wall -fstack-usage -MMD -MP -MF"Core/Src/racing_tasks.d" -MT"Core/Src/racing_tasks.o" --specs=nano.specs -mfloat-abi=soft -mthumb -o "Core/Src/racing_tasks.o"
arm-none-eabi-gcc -o "RemoteRacing.elf" @"objects.list"   -mcpu=cortex-m0 -T"/Users/pjfossee/STM32CubeIDE/workspace_1.3.0/RemoteRacing/STM32F030R8TX_FLASH.ld" --specs=nosys.specs -Wl,-Map="RemoteRacing.map" -Wl,--gc-sections -static -u _printf_float --specs=nano.specs -mfloat-abi=soft -mthumb -Wl,--start-group -lc -lm -Wl,--end-group
Finished building target: RemoteRacing.elf
 
arm-none-eabi-objdump -h -S  RemoteRacing.elf  > "RemoteRacing.list"
arm-none-eabi-objcopy  -O binary  RemoteRacing.elf  "RemoteRacing.bin"
arm-none-eabi-size   RemoteRacing.elf 
   text	   data	    bss	    dec	    hex	filename
  40016	    480	   6976	  47472	   b970	RemoteRacing.elf
Finished building: default.size.stdout
 
Finished building: RemoteRacing.bin
 
Finished building: RemoteRacing.list
 
03:51:04 **** Incremental Build of configuration Debug for project RemoteRacing ****
make -j15 all 
arm-none-eabi-size   RemoteRacing.elf 
   text	   data	    bss	    dec	    hex	filename
  40016	    480	   6976	  47472	   b970	RemoteRacing.elf
Finished building: default.size.stdout
 
03:51:49 **** Incremental Build of configuration Debug for project RemoteRacing ****
make -j15 all 
arm-none-eabi-size   RemoteRacing.elf 
   text	   data	    bss	    dec	    hex	filename
  40016	    480	   6976	  47472	   b970	RemoteRacing.elf
Finished building: default.size.stdout
 
03:53:20 **** Incremental Build of configuration Debug for project RemoteRacing ****
make -j15 all 
arm-none-eabi-size   RemoteRacing.elf 
   text	   data	    bss	    dec	    hex	filename
  40016	    480	   6976	  47472	   b970	RemoteRacing.elf
Finished building: default.size.stdout
 
03:54:12 **** Incremental Build of configuration Debug for project RemoteRacing ****
make -j15 all 
arm-none-eabi-size   RemoteRacing.elf 
   text	   data	    bss	    dec	    hex	filename
  40016	    480	   6976	  47472	   b970	RemoteRacing.elf
Finished building: default.size.stdout
 
03:54:54 **** Incremental Build of configuration Debug for project RemoteRacing ****
make -j15 all 
arm-none-eabi-size   RemoteRacing.elf 
   text	   data	    bss	    dec	    hex	filename
  40016	    480	   6976	  47472	   b970	RemoteRacing.elf
Finished building: default.size.stdout
 
03:55:06 **** Incremental Build of configuration Debug for project RemoteRacing ****
make -j15 all 
arm-none-eabi-size   RemoteRacing.elf 
   text	   data	    bss	    dec	    hex	filename
  40016	    480	   6976	  47472	   b970	RemoteRacing.elf
Finished building: default.size.stdout
 
04:01:04 **** Incremental Build of configuration Debug for project RemoteRacing ****
make -j15 all 
arm-none-eabi-size   RemoteRacing.elf 
   text	   data	    bss	    dec	    hex	filename
  40016	    480	   6976	  47472	   b970	RemoteRacing.elf
Finished building: default.size.stdout
 
04:06:08 **** Incremental Build of configuration Debug for project RemoteRacing ****
make -j15 all 
arm-none-eabi-gcc "../Drivers/Custom/src/GPS.c" -mcpu=cortex-m0 -std=gnu11 -g3 -DUSE_HAL_DRIVER -DSTM32F030x8 -DDEBUG -c -I../Drivers/Custom/inc -I../Drivers/STM32F0xx_HAL_Driver/Inc -I../Drivers/CMSIS/Include -I../Core/Inc -I../Drivers/STM32F0xx_HAL_Driver/Inc/Legacy -I../Drivers/CMSIS/Device/ST/STM32F0xx/Include -I../Core/FreeRTOS/Source/include -I../Core/FreeRTOS/Source/portable/GCC/ARM_CM0 -I../Core/FreeRTOS/Source/portable/MemMang -O0 -ffunction-sections -fdata-sections -Wall -fstack-usage -MMD -MP -MF"Drivers/Custom/src/GPS.d" -MT"Drivers/Custom/src/GPS.o" --specs=nano.specs -mfloat-abi=soft -mthumb -o "Drivers/Custom/src/GPS.o"
../Drivers/Custom/src/GPS.c: In function 'gps_get_data':
../Drivers/Custom/src/GPS.c:75:40: warning: comparison between pointer and integer
  txBufferReadIndex = txBufferReadIndex == GPS_TX_BUFFER_SIZE ? txBuffer : txBufferReadIndex;
                                        ^~
arm-none-eabi-gcc -o "RemoteRacing.elf" @"objects.list"   -mcpu=cortex-m0 -T"/Users/pjfossee/STM32CubeIDE/workspace_1.3.0/RemoteRacing/STM32F030R8TX_FLASH.ld" --specs=nosys.specs -Wl,-Map="RemoteRacing.map" -Wl,--gc-sections -static -u _printf_float --specs=nano.specs -mfloat-abi=soft -mthumb -Wl,--start-group -lc -lm -Wl,--end-group
Finished building target: RemoteRacing.elf
 
arm-none-eabi-objdump -h -S  RemoteRacing.elf  > "RemoteRacing.list"
arm-none-eabi-objcopy  -O binary  RemoteRacing.elf  "RemoteRacing.bin"
arm-none-eabi-size   RemoteRacing.elf 
   text	   data	    bss	    dec	    hex	filename
  40040	    480	   6976	  47496	   b988	RemoteRacing.elf
Finished building: default.size.stdout
 
Finished building: RemoteRacing.bin
 
Finished building: RemoteRacing.list
 
04:06:36 **** Incremental Build of configuration Debug for project RemoteRacing ****
make -j15 all 
arm-none-eabi-gcc "../Drivers/Custom/src/GPS.c" -mcpu=cortex-m0 -std=gnu11 -g3 -DUSE_HAL_DRIVER -DSTM32F030x8 -DDEBUG -c -I../Drivers/Custom/inc -I../Drivers/STM32F0xx_HAL_Driver/Inc -I../Drivers/CMSIS/Include -I../Core/Inc -I../Drivers/STM32F0xx_HAL_Driver/Inc/Legacy -I../Drivers/CMSIS/Device/ST/STM32F0xx/Include -I../Core/FreeRTOS/Source/include -I../Core/FreeRTOS/Source/portable/GCC/ARM_CM0 -I../Core/FreeRTOS/Source/portable/MemMang -O0 -ffunction-sections -fdata-sections -Wall -fstack-usage -MMD -MP -MF"Drivers/Custom/src/GPS.d" -MT"Drivers/Custom/src/GPS.o" --specs=nano.specs -mfloat-abi=soft -mthumb -o "Drivers/Custom/src/GPS.o"
arm-none-eabi-gcc -o "RemoteRacing.elf" @"objects.list"   -mcpu=cortex-m0 -T"/Users/pjfossee/STM32CubeIDE/workspace_1.3.0/RemoteRacing/STM32F030R8TX_FLASH.ld" --specs=nosys.specs -Wl,-Map="RemoteRacing.map" -Wl,--gc-sections -static -u _printf_float --specs=nano.specs -mfloat-abi=soft -mthumb -Wl,--start-group -lc -lm -Wl,--end-group
Finished building target: RemoteRacing.elf
 
arm-none-eabi-objdump -h -S  RemoteRacing.elf  > "RemoteRacing.list"
arm-none-eabi-objcopy  -O binary  RemoteRacing.elf  "RemoteRacing.bin"
arm-none-eabi-size   RemoteRacing.elf 
   text	   data	    bss	    dec	    hex	filename
  40040	    480	   6976	  47496	   b988	RemoteRacing.elf
Finished building: default.size.stdout
 
Finished building: RemoteRacing.bin
 
Finished building: RemoteRacing.list
 
04:09:24 **** Incremental Build of configuration Debug for project RemoteRacing ****
make -j15 all 
arm-none-eabi-size   RemoteRacing.elf 
   text	   data	    bss	    dec	    hex	filename
  40040	    480	   6976	  47496	   b988	RemoteRacing.elf
Finished building: default.size.stdout
 
04:13:53 **** Incremental Build of configuration Debug for project RemoteRacing ****
make -j15 all 
arm-none-eabi-size   RemoteRacing.elf 
   text	   data	    bss	    dec	    hex	filename
  40040	    480	   6976	  47496	   b988	RemoteRacing.elf
Finished building: default.size.stdout
 
04:15:39 **** Incremental Build of configuration Debug for project RemoteRacing ****
make -j15 all 
arm-none-eabi-gcc "../Drivers/Custom/src/GPS.c" -mcpu=cortex-m0 -std=gnu11 -g3 -DUSE_HAL_DRIVER -DSTM32F030x8 -DDEBUG -c -I../Drivers/Custom/inc -I../Drivers/STM32F0xx_HAL_Driver/Inc -I../Drivers/CMSIS/Include -I../Core/Inc -I../Drivers/STM32F0xx_HAL_Driver/Inc/Legacy -I../Drivers/CMSIS/Device/ST/STM32F0xx/Include -I../Core/FreeRTOS/Source/include -I../Core/FreeRTOS/Source/portable/GCC/ARM_CM0 -I../Core/FreeRTOS/Source/portable/MemMang -O0 -ffunction-sections -fdata-sections -Wall -fstack-usage -MMD -MP -MF"Drivers/Custom/src/GPS.d" -MT"Drivers/Custom/src/GPS.o" --specs=nano.specs -mfloat-abi=soft -mthumb -o "Drivers/Custom/src/GPS.o"
arm-none-eabi-gcc "../Drivers/Custom/src/MMA8452Q.c" -mcpu=cortex-m0 -std=gnu11 -g3 -DUSE_HAL_DRIVER -DSTM32F030x8 -DDEBUG -c -I../Drivers/Custom/inc -I../Drivers/STM32F0xx_HAL_Driver/Inc -I../Drivers/CMSIS/Include -I../Core/Inc -I../Drivers/STM32F0xx_HAL_Driver/Inc/Legacy -I../Drivers/CMSIS/Device/ST/STM32F0xx/Include -I../Core/FreeRTOS/Source/include -I../Core/FreeRTOS/Source/portable/GCC/ARM_CM0 -I../Core/FreeRTOS/Source/portable/MemMang -O0 -ffunction-sections -fdata-sections -Wall -fstack-usage -MMD -MP -MF"Drivers/Custom/src/MMA8452Q.d" -MT"Drivers/Custom/src/MMA8452Q.o" --specs=nano.specs -mfloat-abi=soft -mthumb -o "Drivers/Custom/src/MMA8452Q.o"
arm-none-eabi-gcc "../Core/Src/freertos.c" -mcpu=cortex-m0 -std=gnu11 -g3 -DUSE_HAL_DRIVER -DSTM32F030x8 -DDEBUG -c -I../Drivers/Custom/inc -I../Drivers/STM32F0xx_HAL_Driver/Inc -I../Drivers/CMSIS/Include -I../Core/Inc -I../Drivers/STM32F0xx_HAL_Driver/Inc/Legacy -I../Drivers/CMSIS/Device/ST/STM32F0xx/Include -I../Core/FreeRTOS/Source/include -I../Core/FreeRTOS/Source/portable/GCC/ARM_CM0 -I../Core/FreeRTOS/Source/portable/MemMang -O0 -ffunction-sections -fdata-sections -Wall -fstack-usage -MMD -MP -MF"Core/Src/freertos.d" -MT"Core/Src/freertos.o" --specs=nano.specs -mfloat-abi=soft -mthumb -o "Core/Src/freertos.o"
arm-none-eabi-gcc "../Core/Src/main.c" -mcpu=cortex-m0 -std=gnu11 -g3 -DUSE_HAL_DRIVER -DSTM32F030x8 -DDEBUG -c -I../Drivers/Custom/inc -I../Drivers/STM32F0xx_HAL_Driver/Inc -I../Drivers/CMSIS/Include -I../Core/Inc -I../Drivers/STM32F0xx_HAL_Driver/Inc/Legacy -I../Drivers/CMSIS/Device/ST/STM32F0xx/Include -I../Core/FreeRTOS/Source/include -I../Core/FreeRTOS/Source/portable/GCC/ARM_CM0 -I../Core/FreeRTOS/Source/portable/MemMang -O0 -ffunction-sections -fdata-sections -Wall -fstack-usage -MMD -MP -MF"Core/Src/main.d" -MT"Core/Src/main.o" --specs=nano.specs -mfloat-abi=soft -mthumb -o "Core/Src/main.o"
arm-none-eabi-gcc "../Core/Src/racing_tasks.c" -mcpu=cortex-m0 -std=gnu11 -g3 -DUSE_HAL_DRIVER -DSTM32F030x8 -DDEBUG -c -I../Drivers/Custom/inc -I../Drivers/STM32F0xx_HAL_Driver/Inc -I../Drivers/CMSIS/Include -I../Core/Inc -I../Drivers/STM32F0xx_HAL_Driver/Inc/Legacy -I../Drivers/CMSIS/Device/ST/STM32F0xx/Include -I../Core/FreeRTOS/Source/include -I../Core/FreeRTOS/Source/portable/GCC/ARM_CM0 -I../Core/FreeRTOS/Source/portable/MemMang -O0 -ffunction-sections -fdata-sections -Wall -fstack-usage -MMD -MP -MF"Core/Src/racing_tasks.d" -MT"Core/Src/racing_tasks.o" --specs=nano.specs -mfloat-abi=soft -mthumb -o "Core/Src/racing_tasks.o"
arm-none-eabi-gcc "../Core/Src/stm32f0xx_hal_msp.c" -mcpu=cortex-m0 -std=gnu11 -g3 -DUSE_HAL_DRIVER -DSTM32F030x8 -DDEBUG -c -I../Drivers/Custom/inc -I../Drivers/STM32F0xx_HAL_Driver/Inc -I../Drivers/CMSIS/Include -I../Core/Inc -I../Drivers/STM32F0xx_HAL_Driver/Inc/Legacy -I../Drivers/CMSIS/Device/ST/STM32F0xx/Include -I../Core/FreeRTOS/Source/include -I../Core/FreeRTOS/Source/portable/GCC/ARM_CM0 -I../Core/FreeRTOS/Source/portable/MemMang -O0 -ffunction-sections -fdata-sections -Wall -fstack-usage -MMD -MP -MF"Core/Src/stm32f0xx_hal_msp.d" -MT"Core/Src/stm32f0xx_hal_msp.o" --specs=nano.specs -mfloat-abi=soft -mthumb -o "Core/Src/stm32f0xx_hal_msp.o"
arm-none-eabi-gcc "../Core/Src/stm32f0xx_it.c" -mcpu=cortex-m0 -std=gnu11 -g3 -DUSE_HAL_DRIVER -DSTM32F030x8 -DDEBUG -c -I../Drivers/Custom/inc -I../Drivers/STM32F0xx_HAL_Driver/Inc -I../Drivers/CMSIS/Include -I../Core/Inc -I../Drivers/STM32F0xx_HAL_Driver/Inc/Legacy -I../Drivers/CMSIS/Device/ST/STM32F0xx/Include -I../Core/FreeRTOS/Source/include -I../Core/FreeRTOS/Source/portable/GCC/ARM_CM0 -I../Core/FreeRTOS/Source/portable/MemMang -O0 -ffunction-sections -fdata-sections -Wall -fstack-usage -MMD -MP -MF"Core/Src/stm32f0xx_it.d" -MT"Core/Src/stm32f0xx_it.o" --specs=nano.specs -mfloat-abi=soft -mthumb -o "Core/Src/stm32f0xx_it.o"
arm-none-eabi-gcc -o "RemoteRacing.elf" @"objects.list"   -mcpu=cortex-m0 -T"/Users/pjfossee/STM32CubeIDE/workspace_1.3.0/RemoteRacing/STM32F030R8TX_FLASH.ld" --specs=nosys.specs -Wl,-Map="RemoteRacing.map" -Wl,--gc-sections -static -u _printf_float --specs=nano.specs -mfloat-abi=soft -mthumb -Wl,--start-group -lc -lm -Wl,--end-group
Finished building target: RemoteRacing.elf
 
arm-none-eabi-objdump -h -S  RemoteRacing.elf  > "RemoteRacing.list"
arm-none-eabi-objcopy  -O binary  RemoteRacing.elf  "RemoteRacing.bin"
arm-none-eabi-size   RemoteRacing.elf 
   text	   data	    bss	    dec	    hex	filename
  40040	    480	   7040	  47560	   b9c8	RemoteRacing.elf
Finished building: default.size.stdout
 
Finished building: RemoteRacing.bin
 
Finished building: RemoteRacing.list
 
04:20:25 **** Incremental Build of configuration Debug for project RemoteRacing ****
make -j15 all 
arm-none-eabi-size   RemoteRacing.elf 
   text	   data	    bss	    dec	    hex	filename
  40040	    480	   7040	  47560	   b9c8	RemoteRacing.elf
Finished building: default.size.stdout
 
04:22:45 **** Incremental Build of configuration Debug for project RemoteRacing ****
make -j15 all 
arm-none-eabi-gcc "../Drivers/Custom/src/GPS.c" -mcpu=cortex-m0 -std=gnu11 -g3 -DUSE_HAL_DRIVER -DSTM32F030x8 -DDEBUG -c -I../Drivers/Custom/inc -I../Drivers/STM32F0xx_HAL_Driver/Inc -I../Drivers/CMSIS/Include -I../Core/Inc -I../Drivers/STM32F0xx_HAL_Driver/Inc/Legacy -I../Drivers/CMSIS/Device/ST/STM32F0xx/Include -I../Core/FreeRTOS/Source/include -I../Core/FreeRTOS/Source/portable/GCC/ARM_CM0 -I../Core/FreeRTOS/Source/portable/MemMang -O0 -ffunction-sections -fdata-sections -Wall -fstack-usage -MMD -MP -MF"Drivers/Custom/src/GPS.d" -MT"Drivers/Custom/src/GPS.o" --specs=nano.specs -mfloat-abi=soft -mthumb -o "Drivers/Custom/src/GPS.o"
arm-none-eabi-gcc -o "RemoteRacing.elf" @"objects.list"   -mcpu=cortex-m0 -T"/Users/pjfossee/STM32CubeIDE/workspace_1.3.0/RemoteRacing/STM32F030R8TX_FLASH.ld" --specs=nosys.specs -Wl,-Map="RemoteRacing.map" -Wl,--gc-sections -static -u _printf_float --specs=nano.specs -mfloat-abi=soft -mthumb -Wl,--start-group -lc -lm -Wl,--end-group
Finished building target: RemoteRacing.elf
 
arm-none-eabi-objdump -h -S  RemoteRacing.elf  > "RemoteRacing.list"
arm-none-eabi-objcopy  -O binary  RemoteRacing.elf  "RemoteRacing.bin"
arm-none-eabi-size   RemoteRacing.elf 
   text	   data	    bss	    dec	    hex	filename
  40040	    480	   7040	  47560	   b9c8	RemoteRacing.elf
Finished building: default.size.stdout
 
Finished building: RemoteRacing.bin
 
Finished building: RemoteRacing.list
 
04:24:02 **** Incremental Build of configuration Debug for project RemoteRacing ****
make -j15 all 
arm-none-eabi-gcc "../Drivers/Custom/src/GPS.c" -mcpu=cortex-m0 -std=gnu11 -g3 -DUSE_HAL_DRIVER -DSTM32F030x8 -DDEBUG -c -I../Drivers/Custom/inc -I../Drivers/STM32F0xx_HAL_Driver/Inc -I../Drivers/CMSIS/Include -I../Core/Inc -I../Drivers/STM32F0xx_HAL_Driver/Inc/Legacy -I../Drivers/CMSIS/Device/ST/STM32F0xx/Include -I../Core/FreeRTOS/Source/include -I../Core/FreeRTOS/Source/portable/GCC/ARM_CM0 -I../Core/FreeRTOS/Source/portable/MemMang -O0 -ffunction-sections -fdata-sections -Wall -fstack-usage -MMD -MP -MF"Drivers/Custom/src/GPS.d" -MT"Drivers/Custom/src/GPS.o" --specs=nano.specs -mfloat-abi=soft -mthumb -o "Drivers/Custom/src/GPS.o"
arm-none-eabi-gcc -o "RemoteRacing.elf" @"objects.list"   -mcpu=cortex-m0 -T"/Users/pjfossee/STM32CubeIDE/workspace_1.3.0/RemoteRacing/STM32F030R8TX_FLASH.ld" --specs=nosys.specs -Wl,-Map="RemoteRacing.map" -Wl,--gc-sections -static -u _printf_float --specs=nano.specs -mfloat-abi=soft -mthumb -Wl,--start-group -lc -lm -Wl,--end-group
Finished building target: RemoteRacing.elf
 
arm-none-eabi-objdump -h -S  RemoteRacing.elf  > "RemoteRacing.list"
arm-none-eabi-objcopy  -O binary  RemoteRacing.elf  "RemoteRacing.bin"
arm-none-eabi-size   RemoteRacing.elf 
   text	   data	    bss	    dec	    hex	filename
  40040	    480	   7040	  47560	   b9c8	RemoteRacing.elf
Finished building: default.size.stdout
 
Finished building: RemoteRacing.bin
 
Finished building: RemoteRacing.list
 
04:24:55 **** Incremental Build of configuration Debug for project RemoteRacing ****
make -j15 all 
arm-none-eabi-size   RemoteRacing.elf 
   text	   data	    bss	    dec	    hex	filename
  40040	    480	   7040	  47560	   b9c8	RemoteRacing.elf
Finished building: default.size.stdout
 
04:25:50 **** Incremental Build of configuration Debug for project RemoteRacing ****
make -j15 all 
arm-none-eabi-size   RemoteRacing.elf 
   text	   data	    bss	    dec	    hex	filename
  40040	    480	   7040	  47560	   b9c8	RemoteRacing.elf
Finished building: default.size.stdout
 
04:31:51 **** Incremental Build of configuration Debug for project RemoteRacing ****
make -j15 all 
arm-none-eabi-gcc "../Drivers/Custom/src/BLE.c" -mcpu=cortex-m0 -std=gnu11 -g3 -DUSE_HAL_DRIVER -DSTM32F030x8 -DDEBUG -c -I../Drivers/Custom/inc -I../Drivers/STM32F0xx_HAL_Driver/Inc -I../Drivers/CMSIS/Include -I../Core/Inc -I../Drivers/STM32F0xx_HAL_Driver/Inc/Legacy -I../Drivers/CMSIS/Device/ST/STM32F0xx/Include -I../Core/FreeRTOS/Source/include -I../Core/FreeRTOS/Source/portable/GCC/ARM_CM0 -I../Core/FreeRTOS/Source/portable/MemMang -O0 -ffunction-sections -fdata-sections -Wall -fstack-usage -MMD -MP -MF"Drivers/Custom/src/BLE.d" -MT"Drivers/Custom/src/BLE.o" --specs=nano.specs -mfloat-abi=soft -mthumb -o "Drivers/Custom/src/BLE.o"
arm-none-eabi-gcc -o "RemoteRacing.elf" @"objects.list"   -mcpu=cortex-m0 -T"/Users/pjfossee/STM32CubeIDE/workspace_1.3.0/RemoteRacing/STM32F030R8TX_FLASH.ld" --specs=nosys.specs -Wl,-Map="RemoteRacing.map" -Wl,--gc-sections -static -u _printf_float --specs=nano.specs -mfloat-abi=soft -mthumb -Wl,--start-group -lc -lm -Wl,--end-group
Finished building target: RemoteRacing.elf
 
arm-none-eabi-objdump -h -S  RemoteRacing.elf  > "RemoteRacing.list"
arm-none-eabi-objcopy  -O binary  RemoteRacing.elf  "RemoteRacing.bin"
arm-none-eabi-size   RemoteRacing.elf 
   text	   data	    bss	    dec	    hex	filename
  40044	    480	   7040	  47564	   b9cc	RemoteRacing.elf
Finished building: default.size.stdout
 
Finished building: RemoteRacing.bin
 
Finished building: RemoteRacing.list
 
04:32:11 **** Incremental Build of configuration Debug for project RemoteRacing ****
make -j15 all 
arm-none-eabi-size   RemoteRacing.elf 
   text	   data	    bss	    dec	    hex	filename
  40044	    480	   7040	  47564	   b9cc	RemoteRacing.elf
Finished building: default.size.stdout
 
04:33:44 **** Incremental Build of configuration Debug for project RemoteRacing ****
make -j15 all 
arm-none-eabi-size   RemoteRacing.elf 
   text	   data	    bss	    dec	    hex	filename
  40044	    480	   7040	  47564	   b9cc	RemoteRacing.elf
Finished building: default.size.stdout
 
04:36:30 **** Incremental Build of configuration Debug for project RemoteRacing ****
make -j15 all 
arm-none-eabi-size   RemoteRacing.elf 
   text	   data	    bss	    dec	    hex	filename
  40044	    480	   7040	  47564	   b9cc	RemoteRacing.elf
Finished building: default.size.stdout
 
04:38:05 **** Incremental Build of configuration Debug for project RemoteRacing ****
make -j15 all 
arm-none-eabi-size   RemoteRacing.elf 
   text	   data	    bss	    dec	    hex	filename
  40044	    480	   7040	  47564	   b9cc	RemoteRacing.elf
Finished building: default.size.stdout
 
04:39:32 **** Incremental Build of configuration Debug for project RemoteRacing ****
make -j15 all 
arm-none-eabi-size   RemoteRacing.elf 
   text	   data	    bss	    dec	    hex	filename
  40044	    480	   7040	  47564	   b9cc	RemoteRacing.elf
Finished building: default.size.stdout
 
04:40:40 **** Incremental Build of configuration Debug for project RemoteRacing ****
make -j15 all 
arm-none-eabi-size   RemoteRacing.elf 
   text	   data	    bss	    dec	    hex	filename
  40044	    480	   7040	  47564	   b9cc	RemoteRacing.elf
Finished building: default.size.stdout
 
04:47:02 **** Incremental Build of configuration Debug for project RemoteRacing ****
make -j15 all 
arm-none-eabi-gcc "../Drivers/Custom/src/MMA8452Q.c" -mcpu=cortex-m0 -std=gnu11 -g3 -DUSE_HAL_DRIVER -DSTM32F030x8 -DDEBUG -c -I../Drivers/Custom/inc -I../Drivers/STM32F0xx_HAL_Driver/Inc -I../Drivers/CMSIS/Include -I../Core/Inc -I../Drivers/STM32F0xx_HAL_Driver/Inc/Legacy -I../Drivers/CMSIS/Device/ST/STM32F0xx/Include -I../Core/FreeRTOS/Source/include -I../Core/FreeRTOS/Source/portable/GCC/ARM_CM0 -I../Core/FreeRTOS/Source/portable/MemMang -O0 -ffunction-sections -fdata-sections -Wall -fstack-usage -MMD -MP -MF"Drivers/Custom/src/MMA8452Q.d" -MT"Drivers/Custom/src/MMA8452Q.o" --specs=nano.specs -mfloat-abi=soft -mthumb -o "Drivers/Custom/src/MMA8452Q.o"
arm-none-eabi-gcc "../Core/Src/freertos.c" -mcpu=cortex-m0 -std=gnu11 -g3 -DUSE_HAL_DRIVER -DSTM32F030x8 -DDEBUG -c -I../Drivers/Custom/inc -I../Drivers/STM32F0xx_HAL_Driver/Inc -I../Drivers/CMSIS/Include -I../Core/Inc -I../Drivers/STM32F0xx_HAL_Driver/Inc/Legacy -I../Drivers/CMSIS/Device/ST/STM32F0xx/Include -I../Core/FreeRTOS/Source/include -I../Core/FreeRTOS/Source/portable/GCC/ARM_CM0 -I../Core/FreeRTOS/Source/portable/MemMang -O0 -ffunction-sections -fdata-sections -Wall -fstack-usage -MMD -MP -MF"Core/Src/freertos.d" -MT"Core/Src/freertos.o" --specs=nano.specs -mfloat-abi=soft -mthumb -o "Core/Src/freertos.o"
arm-none-eabi-gcc "../Core/Src/main.c" -mcpu=cortex-m0 -std=gnu11 -g3 -DUSE_HAL_DRIVER -DSTM32F030x8 -DDEBUG -c -I../Drivers/Custom/inc -I../Drivers/STM32F0xx_HAL_Driver/Inc -I../Drivers/CMSIS/Include -I../Core/Inc -I../Drivers/STM32F0xx_HAL_Driver/Inc/Legacy -I../Drivers/CMSIS/Device/ST/STM32F0xx/Include -I../Core/FreeRTOS/Source/include -I../Core/FreeRTOS/Source/portable/GCC/ARM_CM0 -I../Core/FreeRTOS/Source/portable/MemMang -O0 -ffunction-sections -fdata-sections -Wall -fstack-usage -MMD -MP -MF"Core/Src/main.d" -MT"Core/Src/main.o" --specs=nano.specs -mfloat-abi=soft -mthumb -o "Core/Src/main.o"
arm-none-eabi-gcc "../Core/Src/racing_tasks.c" -mcpu=cortex-m0 -std=gnu11 -g3 -DUSE_HAL_DRIVER -DSTM32F030x8 -DDEBUG -c -I../Drivers/Custom/inc -I../Drivers/STM32F0xx_HAL_Driver/Inc -I../Drivers/CMSIS/Include -I../Core/Inc -I../Drivers/STM32F0xx_HAL_Driver/Inc/Legacy -I../Drivers/CMSIS/Device/ST/STM32F0xx/Include -I../Core/FreeRTOS/Source/include -I../Core/FreeRTOS/Source/portable/GCC/ARM_CM0 -I../Core/FreeRTOS/Source/portable/MemMang -O0 -ffunction-sections -fdata-sections -Wall -fstack-usage -MMD -MP -MF"Core/Src/racing_tasks.d" -MT"Core/Src/racing_tasks.o" --specs=nano.specs -mfloat-abi=soft -mthumb -o "Core/Src/racing_tasks.o"
arm-none-eabi-gcc "../Core/Src/stm32f0xx_hal_msp.c" -mcpu=cortex-m0 -std=gnu11 -g3 -DUSE_HAL_DRIVER -DSTM32F030x8 -DDEBUG -c -I../Drivers/Custom/inc -I../Drivers/STM32F0xx_HAL_Driver/Inc -I../Drivers/CMSIS/Include -I../Core/Inc -I../Drivers/STM32F0xx_HAL_Driver/Inc/Legacy -I../Drivers/CMSIS/Device/ST/STM32F0xx/Include -I../Core/FreeRTOS/Source/include -I../Core/FreeRTOS/Source/portable/GCC/ARM_CM0 -I../Core/FreeRTOS/Source/portable/MemMang -O0 -ffunction-sections -fdata-sections -Wall -fstack-usage -MMD -MP -MF"Core/Src/stm32f0xx_hal_msp.d" -MT"Core/Src/stm32f0xx_hal_msp.o" --specs=nano.specs -mfloat-abi=soft -mthumb -o "Core/Src/stm32f0xx_hal_msp.o"
arm-none-eabi-gcc "../Core/Src/stm32f0xx_it.c" -mcpu=cortex-m0 -std=gnu11 -g3 -DUSE_HAL_DRIVER -DSTM32F030x8 -DDEBUG -c -I../Drivers/Custom/inc -I../Drivers/STM32F0xx_HAL_Driver/Inc -I../Drivers/CMSIS/Include -I../Core/Inc -I../Drivers/STM32F0xx_HAL_Driver/Inc/Legacy -I../Drivers/CMSIS/Device/ST/STM32F0xx/Include -I../Core/FreeRTOS/Source/include -I../Core/FreeRTOS/Source/portable/GCC/ARM_CM0 -I../Core/FreeRTOS/Source/portable/MemMang -O0 -ffunction-sections -fdata-sections -Wall -fstack-usage -MMD -MP -MF"Core/Src/stm32f0xx_it.d" -MT"Core/Src/stm32f0xx_it.o" --specs=nano.specs -mfloat-abi=soft -mthumb -o "Core/Src/stm32f0xx_it.o"
../Core/Src/racing_tasks.c: In function 'task_send_ble_packet':
../Core/Src/racing_tasks.c:22:43: error: 'TX_BUFFER_SIZE' undeclared (first use in this function); did you mean 'GPS_TX_BUFFER_SIZE'?
           unsigned int size = (txBuffer + TX_BUFFER_SIZE) - gps_read_data[0];
                                           ^~~~~~~~~~~~~~
                                           GPS_TX_BUFFER_SIZE
../Core/Src/racing_tasks.c:22:43: note: each undeclared identifier is reported only once for each function it appears in
make: *** [Core/Src/subdir.mk:46: Core/Src/racing_tasks.o] Error 1
make: *** Waiting for unfinished jobs....
"make -j15 all" terminated with exit code 2. Build might be incomplete.
04:47:21 **** Incremental Build of configuration Debug for project RemoteRacing ****
make -j15 all 
arm-none-eabi-gcc "../Core/Src/racing_tasks.c" -mcpu=cortex-m0 -std=gnu11 -g3 -DUSE_HAL_DRIVER -DSTM32F030x8 -DDEBUG -c -I../Drivers/Custom/inc -I../Drivers/STM32F0xx_HAL_Driver/Inc -I../Drivers/CMSIS/Include -I../Core/Inc -I../Drivers/STM32F0xx_HAL_Driver/Inc/Legacy -I../Drivers/CMSIS/Device/ST/STM32F0xx/Include -I../Core/FreeRTOS/Source/include -I../Core/FreeRTOS/Source/portable/GCC/ARM_CM0 -I../Core/FreeRTOS/Source/portable/MemMang -O0 -ffunction-sections -fdata-sections -Wall -fstack-usage -MMD -MP -MF"Core/Src/racing_tasks.d" -MT"Core/Src/racing_tasks.o" --specs=nano.specs -mfloat-abi=soft -mthumb -o "Core/Src/racing_tasks.o"
arm-none-eabi-gcc -o "RemoteRacing.elf" @"objects.list"   -mcpu=cortex-m0 -T"/Users/pjfossee/STM32CubeIDE/workspace_1.3.0/RemoteRacing/STM32F030R8TX_FLASH.ld" --specs=nosys.specs -Wl,-Map="RemoteRacing.map" -Wl,--gc-sections -static -u _printf_float --specs=nano.specs -mfloat-abi=soft -mthumb -Wl,--start-group -lc -lm -Wl,--end-group
Finished building target: RemoteRacing.elf
 
arm-none-eabi-objdump -h -S  RemoteRacing.elf  > "RemoteRacing.list"
arm-none-eabi-objcopy  -O binary  RemoteRacing.elf  "RemoteRacing.bin"
arm-none-eabi-size   RemoteRacing.elf 
   text	   data	    bss	    dec	    hex	filename
  40124	    480	   7040	  47644	   ba1c	RemoteRacing.elf
Finished building: default.size.stdout
 
Finished building: RemoteRacing.bin
 
Finished building: RemoteRacing.list
 
04:47:22 **** Incremental Build of configuration Debug for project RemoteRacing ****
make -j15 all 
arm-none-eabi-size   RemoteRacing.elf 
   text	   data	    bss	    dec	    hex	filename
  40124	    480	   7040	  47644	   ba1c	RemoteRacing.elf
Finished building: default.size.stdout
 
04:53:49 **** Incremental Build of configuration Debug for project RemoteRacing ****
make -j15 all 
arm-none-eabi-gcc "../Drivers/Custom/src/GPS.c" -mcpu=cortex-m0 -std=gnu11 -g3 -DUSE_HAL_DRIVER -DSTM32F030x8 -DDEBUG -c -I../Drivers/Custom/inc -I../Drivers/STM32F0xx_HAL_Driver/Inc -I../Drivers/CMSIS/Include -I../Core/Inc -I../Drivers/STM32F0xx_HAL_Driver/Inc/Legacy -I../Drivers/CMSIS/Device/ST/STM32F0xx/Include -I../Core/FreeRTOS/Source/include -I../Core/FreeRTOS/Source/portable/GCC/ARM_CM0 -I../Core/FreeRTOS/Source/portable/MemMang -O0 -ffunction-sections -fdata-sections -Wall -fstack-usage -MMD -MP -MF"Drivers/Custom/src/GPS.d" -MT"Drivers/Custom/src/GPS.o" --specs=nano.specs -mfloat-abi=soft -mthumb -o "Drivers/Custom/src/GPS.o"
arm-none-eabi-gcc "../Drivers/Custom/src/MMA8452Q.c" -mcpu=cortex-m0 -std=gnu11 -g3 -DUSE_HAL_DRIVER -DSTM32F030x8 -DDEBUG -c -I../Drivers/Custom/inc -I../Drivers/STM32F0xx_HAL_Driver/Inc -I../Drivers/CMSIS/Include -I../Core/Inc -I../Drivers/STM32F0xx_HAL_Driver/Inc/Legacy -I../Drivers/CMSIS/Device/ST/STM32F0xx/Include -I../Core/FreeRTOS/Source/include -I../Core/FreeRTOS/Source/portable/GCC/ARM_CM0 -I../Core/FreeRTOS/Source/portable/MemMang -O0 -ffunction-sections -fdata-sections -Wall -fstack-usage -MMD -MP -MF"Drivers/Custom/src/MMA8452Q.d" -MT"Drivers/Custom/src/MMA8452Q.o" --specs=nano.specs -mfloat-abi=soft -mthumb -o "Drivers/Custom/src/MMA8452Q.o"
arm-none-eabi-gcc "../Core/Src/freertos.c" -mcpu=cortex-m0 -std=gnu11 -g3 -DUSE_HAL_DRIVER -DSTM32F030x8 -DDEBUG -c -I../Drivers/Custom/inc -I../Drivers/STM32F0xx_HAL_Driver/Inc -I../Drivers/CMSIS/Include -I../Core/Inc -I../Drivers/STM32F0xx_HAL_Driver/Inc/Legacy -I../Drivers/CMSIS/Device/ST/STM32F0xx/Include -I../Core/FreeRTOS/Source/include -I../Core/FreeRTOS/Source/portable/GCC/ARM_CM0 -I../Core/FreeRTOS/Source/portable/MemMang -O0 -ffunction-sections -fdata-sections -Wall -fstack-usage -MMD -MP -MF"Core/Src/freertos.d" -MT"Core/Src/freertos.o" --specs=nano.specs -mfloat-abi=soft -mthumb -o "Core/Src/freertos.o"
arm-none-eabi-gcc "../Core/Src/main.c" -mcpu=cortex-m0 -std=gnu11 -g3 -DUSE_HAL_DRIVER -DSTM32F030x8 -DDEBUG -c -I../Drivers/Custom/inc -I../Drivers/STM32F0xx_HAL_Driver/Inc -I../Drivers/CMSIS/Include -I../Core/Inc -I../Drivers/STM32F0xx_HAL_Driver/Inc/Legacy -I../Drivers/CMSIS/Device/ST/STM32F0xx/Include -I../Core/FreeRTOS/Source/include -I../Core/FreeRTOS/Source/portable/GCC/ARM_CM0 -I../Core/FreeRTOS/Source/portable/MemMang -O0 -ffunction-sections -fdata-sections -Wall -fstack-usage -MMD -MP -MF"Core/Src/main.d" -MT"Core/Src/main.o" --specs=nano.specs -mfloat-abi=soft -mthumb -o "Core/Src/main.o"
arm-none-eabi-gcc "../Core/Src/racing_tasks.c" -mcpu=cortex-m0 -std=gnu11 -g3 -DUSE_HAL_DRIVER -DSTM32F030x8 -DDEBUG -c -I../Drivers/Custom/inc -I../Drivers/STM32F0xx_HAL_Driver/Inc -I../Drivers/CMSIS/Include -I../Core/Inc -I../Drivers/STM32F0xx_HAL_Driver/Inc/Legacy -I../Drivers/CMSIS/Device/ST/STM32F0xx/Include -I../Core/FreeRTOS/Source/include -I../Core/FreeRTOS/Source/portable/GCC/ARM_CM0 -I../Core/FreeRTOS/Source/portable/MemMang -O0 -ffunction-sections -fdata-sections -Wall -fstack-usage -MMD -MP -MF"Core/Src/racing_tasks.d" -MT"Core/Src/racing_tasks.o" --specs=nano.specs -mfloat-abi=soft -mthumb -o "Core/Src/racing_tasks.o"
arm-none-eabi-gcc "../Core/Src/stm32f0xx_hal_msp.c" -mcpu=cortex-m0 -std=gnu11 -g3 -DUSE_HAL_DRIVER -DSTM32F030x8 -DDEBUG -c -I../Drivers/Custom/inc -I../Drivers/STM32F0xx_HAL_Driver/Inc -I../Drivers/CMSIS/Include -I../Core/Inc -I../Drivers/STM32F0xx_HAL_Driver/Inc/Legacy -I../Drivers/CMSIS/Device/ST/STM32F0xx/Include -I../Core/FreeRTOS/Source/include -I../Core/FreeRTOS/Source/portable/GCC/ARM_CM0 -I../Core/FreeRTOS/Source/portable/MemMang -O0 -ffunction-sections -fdata-sections -Wall -fstack-usage -MMD -MP -MF"Core/Src/stm32f0xx_hal_msp.d" -MT"Core/Src/stm32f0xx_hal_msp.o" --specs=nano.specs -mfloat-abi=soft -mthumb -o "Core/Src/stm32f0xx_hal_msp.o"
arm-none-eabi-gcc "../Core/Src/stm32f0xx_it.c" -mcpu=cortex-m0 -std=gnu11 -g3 -DUSE_HAL_DRIVER -DSTM32F030x8 -DDEBUG -c -I../Drivers/Custom/inc -I../Drivers/STM32F0xx_HAL_Driver/Inc -I../Drivers/CMSIS/Include -I../Core/Inc -I../Drivers/STM32F0xx_HAL_Driver/Inc/Legacy -I../Drivers/CMSIS/Device/ST/STM32F0xx/Include -I../Core/FreeRTOS/Source/include -I../Core/FreeRTOS/Source/portable/GCC/ARM_CM0 -I../Core/FreeRTOS/Source/portable/MemMang -O0 -ffunction-sections -fdata-sections -Wall -fstack-usage -MMD -MP -MF"Core/Src/stm32f0xx_it.d" -MT"Core/Src/stm32f0xx_it.o" --specs=nano.specs -mfloat-abi=soft -mthumb -o "Core/Src/stm32f0xx_it.o"
arm-none-eabi-gcc -o "RemoteRacing.elf" @"objects.list"   -mcpu=cortex-m0 -T"/Users/pjfossee/STM32CubeIDE/workspace_1.3.0/RemoteRacing/STM32F030R8TX_FLASH.ld" --specs=nosys.specs -Wl,-Map="RemoteRacing.map" -Wl,--gc-sections -static -u _printf_float --specs=nano.specs -mfloat-abi=soft -mthumb -Wl,--start-group -lc -lm -Wl,--end-group
Finished building target: RemoteRacing.elf
 
arm-none-eabi-objdump -h -S  RemoteRacing.elf  > "RemoteRacing.list"
arm-none-eabi-objcopy  -O binary  RemoteRacing.elf  "RemoteRacing.bin"
arm-none-eabi-size   RemoteRacing.elf 
   text	   data	    bss	    dec	    hex	filename
  40184	    480	   7168	  47832	   bad8	RemoteRacing.elf
Finished building: default.size.stdout
 
Finished building: RemoteRacing.bin
 
Finished building: RemoteRacing.list
 
04:55:17 **** Incremental Build of configuration Debug for project RemoteRacing ****
make -j15 all 
arm-none-eabi-gcc "../Core/Src/racing_tasks.c" -mcpu=cortex-m0 -std=gnu11 -g3 -DUSE_HAL_DRIVER -DSTM32F030x8 -DDEBUG -c -I../Drivers/Custom/inc -I../Drivers/STM32F0xx_HAL_Driver/Inc -I../Drivers/CMSIS/Include -I../Core/Inc -I../Drivers/STM32F0xx_HAL_Driver/Inc/Legacy -I../Drivers/CMSIS/Device/ST/STM32F0xx/Include -I../Core/FreeRTOS/Source/include -I../Core/FreeRTOS/Source/portable/GCC/ARM_CM0 -I../Core/FreeRTOS/Source/portable/MemMang -O0 -ffunction-sections -fdata-sections -Wall -fstack-usage -MMD -MP -MF"Core/Src/racing_tasks.d" -MT"Core/Src/racing_tasks.o" --specs=nano.specs -mfloat-abi=soft -mthumb -o "Core/Src/racing_tasks.o"
arm-none-eabi-gcc -o "RemoteRacing.elf" @"objects.list"   -mcpu=cortex-m0 -T"/Users/pjfossee/STM32CubeIDE/workspace_1.3.0/RemoteRacing/STM32F030R8TX_FLASH.ld" --specs=nosys.specs -Wl,-Map="RemoteRacing.map" -Wl,--gc-sections -static -u _printf_float --specs=nano.specs -mfloat-abi=soft -mthumb -Wl,--start-group -lc -lm -Wl,--end-group
Finished building target: RemoteRacing.elf
 
arm-none-eabi-objdump -h -S  RemoteRacing.elf  > "RemoteRacing.list"
arm-none-eabi-objcopy  -O binary  RemoteRacing.elf  "RemoteRacing.bin"
arm-none-eabi-size   RemoteRacing.elf 
   text	   data	    bss	    dec	    hex	filename
  40184	    480	   7168	  47832	   bad8	RemoteRacing.elf
Finished building: default.size.stdout
 
Finished building: RemoteRacing.bin
 
Finished building: RemoteRacing.list
 
05:00:46 **** Incremental Build of configuration Debug for project RemoteRacing ****
make -j15 all 
arm-none-eabi-gcc "../Drivers/Custom/src/BLE.c" -mcpu=cortex-m0 -std=gnu11 -g3 -DUSE_HAL_DRIVER -DSTM32F030x8 -DDEBUG -c -I../Drivers/Custom/inc -I../Drivers/STM32F0xx_HAL_Driver/Inc -I../Drivers/CMSIS/Include -I../Core/Inc -I../Drivers/STM32F0xx_HAL_Driver/Inc/Legacy -I../Drivers/CMSIS/Device/ST/STM32F0xx/Include -I../Core/FreeRTOS/Source/include -I../Core/FreeRTOS/Source/portable/GCC/ARM_CM0 -I../Core/FreeRTOS/Source/portable/MemMang -O0 -ffunction-sections -fdata-sections -Wall -fstack-usage -MMD -MP -MF"Drivers/Custom/src/BLE.d" -MT"Drivers/Custom/src/BLE.o" --specs=nano.specs -mfloat-abi=soft -mthumb -o "Drivers/Custom/src/BLE.o"
arm-none-eabi-gcc "../Drivers/Custom/src/MMA8452Q.c" -mcpu=cortex-m0 -std=gnu11 -g3 -DUSE_HAL_DRIVER -DSTM32F030x8 -DDEBUG -c -I../Drivers/Custom/inc -I../Drivers/STM32F0xx_HAL_Driver/Inc -I../Drivers/CMSIS/Include -I../Core/Inc -I../Drivers/STM32F0xx_HAL_Driver/Inc/Legacy -I../Drivers/CMSIS/Device/ST/STM32F0xx/Include -I../Core/FreeRTOS/Source/include -I../Core/FreeRTOS/Source/portable/GCC/ARM_CM0 -I../Core/FreeRTOS/Source/portable/MemMang -O0 -ffunction-sections -fdata-sections -Wall -fstack-usage -MMD -MP -MF"Drivers/Custom/src/MMA8452Q.d" -MT"Drivers/Custom/src/MMA8452Q.o" --specs=nano.specs -mfloat-abi=soft -mthumb -o "Drivers/Custom/src/MMA8452Q.o"
arm-none-eabi-gcc "../Core/Src/freertos.c" -mcpu=cortex-m0 -std=gnu11 -g3 -DUSE_HAL_DRIVER -DSTM32F030x8 -DDEBUG -c -I../Drivers/Custom/inc -I../Drivers/STM32F0xx_HAL_Driver/Inc -I../Drivers/CMSIS/Include -I../Core/Inc -I../Drivers/STM32F0xx_HAL_Driver/Inc/Legacy -I../Drivers/CMSIS/Device/ST/STM32F0xx/Include -I../Core/FreeRTOS/Source/include -I../Core/FreeRTOS/Source/portable/GCC/ARM_CM0 -I../Core/FreeRTOS/Source/portable/MemMang -O0 -ffunction-sections -fdata-sections -Wall -fstack-usage -MMD -MP -MF"Core/Src/freertos.d" -MT"Core/Src/freertos.o" --specs=nano.specs -mfloat-abi=soft -mthumb -o "Core/Src/freertos.o"
arm-none-eabi-gcc "../Core/Src/main.c" -mcpu=cortex-m0 -std=gnu11 -g3 -DUSE_HAL_DRIVER -DSTM32F030x8 -DDEBUG -c -I../Drivers/Custom/inc -I../Drivers/STM32F0xx_HAL_Driver/Inc -I../Drivers/CMSIS/Include -I../Core/Inc -I../Drivers/STM32F0xx_HAL_Driver/Inc/Legacy -I../Drivers/CMSIS/Device/ST/STM32F0xx/Include -I../Core/FreeRTOS/Source/include -I../Core/FreeRTOS/Source/portable/GCC/ARM_CM0 -I../Core/FreeRTOS/Source/portable/MemMang -O0 -ffunction-sections -fdata-sections -Wall -fstack-usage -MMD -MP -MF"Core/Src/main.d" -MT"Core/Src/main.o" --specs=nano.specs -mfloat-abi=soft -mthumb -o "Core/Src/main.o"
arm-none-eabi-gcc "../Core/Src/racing_tasks.c" -mcpu=cortex-m0 -std=gnu11 -g3 -DUSE_HAL_DRIVER -DSTM32F030x8 -DDEBUG -c -I../Drivers/Custom/inc -I../Drivers/STM32F0xx_HAL_Driver/Inc -I../Drivers/CMSIS/Include -I../Core/Inc -I../Drivers/STM32F0xx_HAL_Driver/Inc/Legacy -I../Drivers/CMSIS/Device/ST/STM32F0xx/Include -I../Core/FreeRTOS/Source/include -I../Core/FreeRTOS/Source/portable/GCC/ARM_CM0 -I../Core/FreeRTOS/Source/portable/MemMang -O0 -ffunction-sections -fdata-sections -Wall -fstack-usage -MMD -MP -MF"Core/Src/racing_tasks.d" -MT"Core/Src/racing_tasks.o" --specs=nano.specs -mfloat-abi=soft -mthumb -o "Core/Src/racing_tasks.o"
arm-none-eabi-gcc "../Core/Src/stm32f0xx_hal_msp.c" -mcpu=cortex-m0 -std=gnu11 -g3 -DUSE_HAL_DRIVER -DSTM32F030x8 -DDEBUG -c -I../Drivers/Custom/inc -I../Drivers/STM32F0xx_HAL_Driver/Inc -I../Drivers/CMSIS/Include -I../Core/Inc -I../Drivers/STM32F0xx_HAL_Driver/Inc/Legacy -I../Drivers/CMSIS/Device/ST/STM32F0xx/Include -I../Core/FreeRTOS/Source/include -I../Core/FreeRTOS/Source/portable/GCC/ARM_CM0 -I../Core/FreeRTOS/Source/portable/MemMang -O0 -ffunction-sections -fdata-sections -Wall -fstack-usage -MMD -MP -MF"Core/Src/stm32f0xx_hal_msp.d" -MT"Core/Src/stm32f0xx_hal_msp.o" --specs=nano.specs -mfloat-abi=soft -mthumb -o "Core/Src/stm32f0xx_hal_msp.o"
arm-none-eabi-gcc "../Core/Src/stm32f0xx_it.c" -mcpu=cortex-m0 -std=gnu11 -g3 -DUSE_HAL_DRIVER -DSTM32F030x8 -DDEBUG -c -I../Drivers/Custom/inc -I../Drivers/STM32F0xx_HAL_Driver/Inc -I../Drivers/CMSIS/Include -I../Core/Inc -I../Drivers/STM32F0xx_HAL_Driver/Inc/Legacy -I../Drivers/CMSIS/Device/ST/STM32F0xx/Include -I../Core/FreeRTOS/Source/include -I../Core/FreeRTOS/Source/portable/GCC/ARM_CM0 -I../Core/FreeRTOS/Source/portable/MemMang -O0 -ffunction-sections -fdata-sections -Wall -fstack-usage -MMD -MP -MF"Core/Src/stm32f0xx_it.d" -MT"Core/Src/stm32f0xx_it.o" --specs=nano.specs -mfloat-abi=soft -mthumb -o "Core/Src/stm32f0xx_it.o"
arm-none-eabi-gcc -o "RemoteRacing.elf" @"objects.list"   -mcpu=cortex-m0 -T"/Users/pjfossee/STM32CubeIDE/workspace_1.3.0/RemoteRacing/STM32F030R8TX_FLASH.ld" --specs=nosys.specs -Wl,-Map="RemoteRacing.map" -Wl,--gc-sections -static -u _printf_float --specs=nano.specs -mfloat-abi=soft -mthumb -Wl,--start-group -lc -lm -Wl,--end-group
Finished building target: RemoteRacing.elf
 
arm-none-eabi-objdump -h -S  RemoteRacing.elf  > "RemoteRacing.list"
arm-none-eabi-objcopy  -O binary  RemoteRacing.elf  "RemoteRacing.bin"
arm-none-eabi-size   RemoteRacing.elf 
   text	   data	    bss	    dec	    hex	filename
  37824	    480	   7152	  45456	   b190	RemoteRacing.elf
Finished building: default.size.stdout
 
Finished building: RemoteRacing.bin
 
Finished building: RemoteRacing.list
 
05:01:35 **** Incremental Build of configuration Debug for project RemoteRacing ****
make -j15 all 
arm-none-eabi-gcc "../Core/Src/racing_tasks.c" -mcpu=cortex-m0 -std=gnu11 -g3 -DUSE_HAL_DRIVER -DSTM32F030x8 -DDEBUG -c -I../Drivers/Custom/inc -I../Drivers/STM32F0xx_HAL_Driver/Inc -I../Drivers/CMSIS/Include -I../Core/Inc -I../Drivers/STM32F0xx_HAL_Driver/Inc/Legacy -I../Drivers/CMSIS/Device/ST/STM32F0xx/Include -I../Core/FreeRTOS/Source/include -I../Core/FreeRTOS/Source/portable/GCC/ARM_CM0 -I../Core/FreeRTOS/Source/portable/MemMang -O0 -ffunction-sections -fdata-sections -Wall -fstack-usage -MMD -MP -MF"Core/Src/racing_tasks.d" -MT"Core/Src/racing_tasks.o" --specs=nano.specs -mfloat-abi=soft -mthumb -o "Core/Src/racing_tasks.o"
arm-none-eabi-gcc -o "RemoteRacing.elf" @"objects.list"   -mcpu=cortex-m0 -T"/Users/pjfossee/STM32CubeIDE/workspace_1.3.0/RemoteRacing/STM32F030R8TX_FLASH.ld" --specs=nosys.specs -Wl,-Map="RemoteRacing.map" -Wl,--gc-sections -static -u _printf_float --specs=nano.specs -mfloat-abi=soft -mthumb -Wl,--start-group -lc -lm -Wl,--end-group
Finished building target: RemoteRacing.elf
 
arm-none-eabi-objdump -h -S  RemoteRacing.elf  > "RemoteRacing.list"
arm-none-eabi-objcopy  -O binary  RemoteRacing.elf  "RemoteRacing.bin"
arm-none-eabi-size   RemoteRacing.elf 
   text	   data	    bss	    dec	    hex	filename
  37824	    480	   7152	  45456	   b190	RemoteRacing.elf
Finished building: default.size.stdout
 
Finished building: RemoteRacing.bin
 
Finished building: RemoteRacing.list
 
05:06:36 **** Incremental Build of configuration Debug for project RemoteRacing ****
make -j15 all 
arm-none-eabi-gcc "../Drivers/Custom/src/GPS.c" -mcpu=cortex-m0 -std=gnu11 -g3 -DUSE_HAL_DRIVER -DSTM32F030x8 -DDEBUG -c -I../Drivers/Custom/inc -I../Drivers/STM32F0xx_HAL_Driver/Inc -I../Drivers/CMSIS/Include -I../Core/Inc -I../Drivers/STM32F0xx_HAL_Driver/Inc/Legacy -I../Drivers/CMSIS/Device/ST/STM32F0xx/Include -I../Core/FreeRTOS/Source/include -I../Core/FreeRTOS/Source/portable/GCC/ARM_CM0 -I../Core/FreeRTOS/Source/portable/MemMang -O0 -ffunction-sections -fdata-sections -Wall -fstack-usage -MMD -MP -MF"Drivers/Custom/src/GPS.d" -MT"Drivers/Custom/src/GPS.o" --specs=nano.specs -mfloat-abi=soft -mthumb -o "Drivers/Custom/src/GPS.o"
arm-none-eabi-gcc "../Drivers/Custom/src/MMA8452Q.c" -mcpu=cortex-m0 -std=gnu11 -g3 -DUSE_HAL_DRIVER -DSTM32F030x8 -DDEBUG -c -I../Drivers/Custom/inc -I../Drivers/STM32F0xx_HAL_Driver/Inc -I../Drivers/CMSIS/Include -I../Core/Inc -I../Drivers/STM32F0xx_HAL_Driver/Inc/Legacy -I../Drivers/CMSIS/Device/ST/STM32F0xx/Include -I../Core/FreeRTOS/Source/include -I../Core/FreeRTOS/Source/portable/GCC/ARM_CM0 -I../Core/FreeRTOS/Source/portable/MemMang -O0 -ffunction-sections -fdata-sections -Wall -fstack-usage -MMD -MP -MF"Drivers/Custom/src/MMA8452Q.d" -MT"Drivers/Custom/src/MMA8452Q.o" --specs=nano.specs -mfloat-abi=soft -mthumb -o "Drivers/Custom/src/MMA8452Q.o"
arm-none-eabi-gcc "../Core/Src/freertos.c" -mcpu=cortex-m0 -std=gnu11 -g3 -DUSE_HAL_DRIVER -DSTM32F030x8 -DDEBUG -c -I../Drivers/Custom/inc -I../Drivers/STM32F0xx_HAL_Driver/Inc -I../Drivers/CMSIS/Include -I../Core/Inc -I../Drivers/STM32F0xx_HAL_Driver/Inc/Legacy -I../Drivers/CMSIS/Device/ST/STM32F0xx/Include -I../Core/FreeRTOS/Source/include -I../Core/FreeRTOS/Source/portable/GCC/ARM_CM0 -I../Core/FreeRTOS/Source/portable/MemMang -O0 -ffunction-sections -fdata-sections -Wall -fstack-usage -MMD -MP -MF"Core/Src/freertos.d" -MT"Core/Src/freertos.o" --specs=nano.specs -mfloat-abi=soft -mthumb -o "Core/Src/freertos.o"
arm-none-eabi-gcc "../Core/Src/main.c" -mcpu=cortex-m0 -std=gnu11 -g3 -DUSE_HAL_DRIVER -DSTM32F030x8 -DDEBUG -c -I../Drivers/Custom/inc -I../Drivers/STM32F0xx_HAL_Driver/Inc -I../Drivers/CMSIS/Include -I../Core/Inc -I../Drivers/STM32F0xx_HAL_Driver/Inc/Legacy -I../Drivers/CMSIS/Device/ST/STM32F0xx/Include -I../Core/FreeRTOS/Source/include -I../Core/FreeRTOS/Source/portable/GCC/ARM_CM0 -I../Core/FreeRTOS/Source/portable/MemMang -O0 -ffunction-sections -fdata-sections -Wall -fstack-usage -MMD -MP -MF"Core/Src/main.d" -MT"Core/Src/main.o" --specs=nano.specs -mfloat-abi=soft -mthumb -o "Core/Src/main.o"
arm-none-eabi-gcc "../Core/Src/racing_tasks.c" -mcpu=cortex-m0 -std=gnu11 -g3 -DUSE_HAL_DRIVER -DSTM32F030x8 -DDEBUG -c -I../Drivers/Custom/inc -I../Drivers/STM32F0xx_HAL_Driver/Inc -I../Drivers/CMSIS/Include -I../Core/Inc -I../Drivers/STM32F0xx_HAL_Driver/Inc/Legacy -I../Drivers/CMSIS/Device/ST/STM32F0xx/Include -I../Core/FreeRTOS/Source/include -I../Core/FreeRTOS/Source/portable/GCC/ARM_CM0 -I../Core/FreeRTOS/Source/portable/MemMang -O0 -ffunction-sections -fdata-sections -Wall -fstack-usage -MMD -MP -MF"Core/Src/racing_tasks.d" -MT"Core/Src/racing_tasks.o" --specs=nano.specs -mfloat-abi=soft -mthumb -o "Core/Src/racing_tasks.o"
arm-none-eabi-gcc "../Core/Src/stm32f0xx_hal_msp.c" -mcpu=cortex-m0 -std=gnu11 -g3 -DUSE_HAL_DRIVER -DSTM32F030x8 -DDEBUG -c -I../Drivers/Custom/inc -I../Drivers/STM32F0xx_HAL_Driver/Inc -I../Drivers/CMSIS/Include -I../Core/Inc -I../Drivers/STM32F0xx_HAL_Driver/Inc/Legacy -I../Drivers/CMSIS/Device/ST/STM32F0xx/Include -I../Core/FreeRTOS/Source/include -I../Core/FreeRTOS/Source/portable/GCC/ARM_CM0 -I../Core/FreeRTOS/Source/portable/MemMang -O0 -ffunction-sections -fdata-sections -Wall -fstack-usage -MMD -MP -MF"Core/Src/stm32f0xx_hal_msp.d" -MT"Core/Src/stm32f0xx_hal_msp.o" --specs=nano.specs -mfloat-abi=soft -mthumb -o "Core/Src/stm32f0xx_hal_msp.o"
arm-none-eabi-gcc "../Core/Src/stm32f0xx_it.c" -mcpu=cortex-m0 -std=gnu11 -g3 -DUSE_HAL_DRIVER -DSTM32F030x8 -DDEBUG -c -I../Drivers/Custom/inc -I../Drivers/STM32F0xx_HAL_Driver/Inc -I../Drivers/CMSIS/Include -I../Core/Inc -I../Drivers/STM32F0xx_HAL_Driver/Inc/Legacy -I../Drivers/CMSIS/Device/ST/STM32F0xx/Include -I../Core/FreeRTOS/Source/include -I../Core/FreeRTOS/Source/portable/GCC/ARM_CM0 -I../Core/FreeRTOS/Source/portable/MemMang -O0 -ffunction-sections -fdata-sections -Wall -fstack-usage -MMD -MP -MF"Core/Src/stm32f0xx_it.d" -MT"Core/Src/stm32f0xx_it.o" --specs=nano.specs -mfloat-abi=soft -mthumb -o "Core/Src/stm32f0xx_it.o"
arm-none-eabi-gcc -o "RemoteRacing.elf" @"objects.list"   -mcpu=cortex-m0 -T"/Users/pjfossee/STM32CubeIDE/workspace_1.3.0/RemoteRacing/STM32F030R8TX_FLASH.ld" --specs=nosys.specs -Wl,-Map="RemoteRacing.map" -Wl,--gc-sections -static -u _printf_float --specs=nano.specs -mfloat-abi=soft -mthumb -Wl,--start-group -lc -lm -Wl,--end-group
Finished building target: RemoteRacing.elf
 
arm-none-eabi-objdump -h -S  RemoteRacing.elf  > "RemoteRacing.list"
arm-none-eabi-objcopy  -O binary  RemoteRacing.elf  "RemoteRacing.bin"
arm-none-eabi-size   RemoteRacing.elf 
   text	   data	    bss	    dec	    hex	filename
  37824	    480	   6960	  45264	   b0d0	RemoteRacing.elf
Finished building: default.size.stdout
 
Finished building: RemoteRacing.bin
 
Finished building: RemoteRacing.list
 
05:07:45 **** Incremental Build of configuration Debug for project RemoteRacing ****
make -j15 all 
arm-none-eabi-gcc "../Drivers/Custom/src/BLE.c" -mcpu=cortex-m0 -std=gnu11 -g3 -DUSE_HAL_DRIVER -DSTM32F030x8 -DDEBUG -c -I../Drivers/Custom/inc -I../Drivers/STM32F0xx_HAL_Driver/Inc -I../Drivers/CMSIS/Include -I../Core/Inc -I../Drivers/STM32F0xx_HAL_Driver/Inc/Legacy -I../Drivers/CMSIS/Device/ST/STM32F0xx/Include -I../Core/FreeRTOS/Source/include -I../Core/FreeRTOS/Source/portable/GCC/ARM_CM0 -I../Core/FreeRTOS/Source/portable/MemMang -O0 -ffunction-sections -fdata-sections -Wall -fstack-usage -MMD -MP -MF"Drivers/Custom/src/BLE.d" -MT"Drivers/Custom/src/BLE.o" --specs=nano.specs -mfloat-abi=soft -mthumb -o "Drivers/Custom/src/BLE.o"
arm-none-eabi-gcc "../Drivers/Custom/src/MMA8452Q.c" -mcpu=cortex-m0 -std=gnu11 -g3 -DUSE_HAL_DRIVER -DSTM32F030x8 -DDEBUG -c -I../Drivers/Custom/inc -I../Drivers/STM32F0xx_HAL_Driver/Inc -I../Drivers/CMSIS/Include -I../Core/Inc -I../Drivers/STM32F0xx_HAL_Driver/Inc/Legacy -I../Drivers/CMSIS/Device/ST/STM32F0xx/Include -I../Core/FreeRTOS/Source/include -I../Core/FreeRTOS/Source/portable/GCC/ARM_CM0 -I../Core/FreeRTOS/Source/portable/MemMang -O0 -ffunction-sections -fdata-sections -Wall -fstack-usage -MMD -MP -MF"Drivers/Custom/src/MMA8452Q.d" -MT"Drivers/Custom/src/MMA8452Q.o" --specs=nano.specs -mfloat-abi=soft -mthumb -o "Drivers/Custom/src/MMA8452Q.o"
arm-none-eabi-gcc "../Core/Src/freertos.c" -mcpu=cortex-m0 -std=gnu11 -g3 -DUSE_HAL_DRIVER -DSTM32F030x8 -DDEBUG -c -I../Drivers/Custom/inc -I../Drivers/STM32F0xx_HAL_Driver/Inc -I../Drivers/CMSIS/Include -I../Core/Inc -I../Drivers/STM32F0xx_HAL_Driver/Inc/Legacy -I../Drivers/CMSIS/Device/ST/STM32F0xx/Include -I../Core/FreeRTOS/Source/include -I../Core/FreeRTOS/Source/portable/GCC/ARM_CM0 -I../Core/FreeRTOS/Source/portable/MemMang -O0 -ffunction-sections -fdata-sections -Wall -fstack-usage -MMD -MP -MF"Core/Src/freertos.d" -MT"Core/Src/freertos.o" --specs=nano.specs -mfloat-abi=soft -mthumb -o "Core/Src/freertos.o"
arm-none-eabi-gcc "../Core/Src/main.c" -mcpu=cortex-m0 -std=gnu11 -g3 -DUSE_HAL_DRIVER -DSTM32F030x8 -DDEBUG -c -I../Drivers/Custom/inc -I../Drivers/STM32F0xx_HAL_Driver/Inc -I../Drivers/CMSIS/Include -I../Core/Inc -I../Drivers/STM32F0xx_HAL_Driver/Inc/Legacy -I../Drivers/CMSIS/Device/ST/STM32F0xx/Include -I../Core/FreeRTOS/Source/include -I../Core/FreeRTOS/Source/portable/GCC/ARM_CM0 -I../Core/FreeRTOS/Source/portable/MemMang -O0 -ffunction-sections -fdata-sections -Wall -fstack-usage -MMD -MP -MF"Core/Src/main.d" -MT"Core/Src/main.o" --specs=nano.specs -mfloat-abi=soft -mthumb -o "Core/Src/main.o"
arm-none-eabi-gcc "../Core/Src/racing_tasks.c" -mcpu=cortex-m0 -std=gnu11 -g3 -DUSE_HAL_DRIVER -DSTM32F030x8 -DDEBUG -c -I../Drivers/Custom/inc -I../Drivers/STM32F0xx_HAL_Driver/Inc -I../Drivers/CMSIS/Include -I../Core/Inc -I../Drivers/STM32F0xx_HAL_Driver/Inc/Legacy -I../Drivers/CMSIS/Device/ST/STM32F0xx/Include -I../Core/FreeRTOS/Source/include -I../Core/FreeRTOS/Source/portable/GCC/ARM_CM0 -I../Core/FreeRTOS/Source/portable/MemMang -O0 -ffunction-sections -fdata-sections -Wall -fstack-usage -MMD -MP -MF"Core/Src/racing_tasks.d" -MT"Core/Src/racing_tasks.o" --specs=nano.specs -mfloat-abi=soft -mthumb -o "Core/Src/racing_tasks.o"
arm-none-eabi-gcc "../Core/Src/stm32f0xx_hal_msp.c" -mcpu=cortex-m0 -std=gnu11 -g3 -DUSE_HAL_DRIVER -DSTM32F030x8 -DDEBUG -c -I../Drivers/Custom/inc -I../Drivers/STM32F0xx_HAL_Driver/Inc -I../Drivers/CMSIS/Include -I../Core/Inc -I../Drivers/STM32F0xx_HAL_Driver/Inc/Legacy -I../Drivers/CMSIS/Device/ST/STM32F0xx/Include -I../Core/FreeRTOS/Source/include -I../Core/FreeRTOS/Source/portable/GCC/ARM_CM0 -I../Core/FreeRTOS/Source/portable/MemMang -O0 -ffunction-sections -fdata-sections -Wall -fstack-usage -MMD -MP -MF"Core/Src/stm32f0xx_hal_msp.d" -MT"Core/Src/stm32f0xx_hal_msp.o" --specs=nano.specs -mfloat-abi=soft -mthumb -o "Core/Src/stm32f0xx_hal_msp.o"
arm-none-eabi-gcc "../Core/Src/stm32f0xx_it.c" -mcpu=cortex-m0 -std=gnu11 -g3 -DUSE_HAL_DRIVER -DSTM32F030x8 -DDEBUG -c -I../Drivers/Custom/inc -I../Drivers/STM32F0xx_HAL_Driver/Inc -I../Drivers/CMSIS/Include -I../Core/Inc -I../Drivers/STM32F0xx_HAL_Driver/Inc/Legacy -I../Drivers/CMSIS/Device/ST/STM32F0xx/Include -I../Core/FreeRTOS/Source/include -I../Core/FreeRTOS/Source/portable/GCC/ARM_CM0 -I../Core/FreeRTOS/Source/portable/MemMang -O0 -ffunction-sections -fdata-sections -Wall -fstack-usage -MMD -MP -MF"Core/Src/stm32f0xx_it.d" -MT"Core/Src/stm32f0xx_it.o" --specs=nano.specs -mfloat-abi=soft -mthumb -o "Core/Src/stm32f0xx_it.o"
arm-none-eabi-gcc -o "RemoteRacing.elf" @"objects.list"   -mcpu=cortex-m0 -T"/Users/pjfossee/STM32CubeIDE/workspace_1.3.0/RemoteRacing/STM32F030R8TX_FLASH.ld" --specs=nosys.specs -Wl,-Map="RemoteRacing.map" -Wl,--gc-sections -static -u _printf_float --specs=nano.specs -mfloat-abi=soft -mthumb -Wl,--start-group -lc -lm -Wl,--end-group
Finished building target: RemoteRacing.elf
 
arm-none-eabi-objdump -h -S  RemoteRacing.elf  > "RemoteRacing.list"
arm-none-eabi-objcopy  -O binary  RemoteRacing.elf  "RemoteRacing.bin"
arm-none-eabi-size   RemoteRacing.elf 
   text	   data	    bss	    dec	    hex	filename
  40184	    480	   6976	  47640	   ba18	RemoteRacing.elf
Finished building: default.size.stdout
 
Finished building: RemoteRacing.bin
 
Finished building: RemoteRacing.list
 
18:55:51 **** Incremental Build of configuration Debug for project RemoteRacing ****
make -j15 all 
arm-none-eabi-size   RemoteRacing.elf 
   text	   data	    bss	    dec	    hex	filename
  40184	    480	   6976	  47640	   ba18	RemoteRacing.elf
Finished building: default.size.stdout
 
02:38:16 **** Incremental Build of configuration Debug for project RemoteRacing ****
make -j15 all 
arm-none-eabi-gcc "../Drivers/Custom/src/BLE.c" -mcpu=cortex-m0 -std=gnu11 -g3 -DUSE_HAL_DRIVER -DSTM32F030x8 -DDEBUG -c -I../Drivers/Custom/inc -I../Drivers/STM32F0xx_HAL_Driver/Inc -I../Drivers/CMSIS/Include -I../Core/Inc -I../Drivers/STM32F0xx_HAL_Driver/Inc/Legacy -I../Drivers/CMSIS/Device/ST/STM32F0xx/Include -I../Core/FreeRTOS/Source/include -I../Core/FreeRTOS/Source/portable/GCC/ARM_CM0 -I../Core/FreeRTOS/Source/portable/MemMang -O0 -ffunction-sections -fdata-sections -Wall -fstack-usage -MMD -MP -MF"Drivers/Custom/src/BLE.d" -MT"Drivers/Custom/src/BLE.o" --specs=nano.specs -mfloat-abi=soft -mthumb -o "Drivers/Custom/src/BLE.o"
arm-none-eabi-gcc "../Drivers/Custom/src/MMA8452Q.c" -mcpu=cortex-m0 -std=gnu11 -g3 -DUSE_HAL_DRIVER -DSTM32F030x8 -DDEBUG -c -I../Drivers/Custom/inc -I../Drivers/STM32F0xx_HAL_Driver/Inc -I../Drivers/CMSIS/Include -I../Core/Inc -I../Drivers/STM32F0xx_HAL_Driver/Inc/Legacy -I../Drivers/CMSIS/Device/ST/STM32F0xx/Include -I../Core/FreeRTOS/Source/include -I../Core/FreeRTOS/Source/portable/GCC/ARM_CM0 -I../Core/FreeRTOS/Source/portable/MemMang -O0 -ffunction-sections -fdata-sections -Wall -fstack-usage -MMD -MP -MF"Drivers/Custom/src/MMA8452Q.d" -MT"Drivers/Custom/src/MMA8452Q.o" --specs=nano.specs -mfloat-abi=soft -mthumb -o "Drivers/Custom/src/MMA8452Q.o"
arm-none-eabi-gcc "../Core/Src/freertos.c" -mcpu=cortex-m0 -std=gnu11 -g3 -DUSE_HAL_DRIVER -DSTM32F030x8 -DDEBUG -c -I../Drivers/Custom/inc -I../Drivers/STM32F0xx_HAL_Driver/Inc -I../Drivers/CMSIS/Include -I../Core/Inc -I../Drivers/STM32F0xx_HAL_Driver/Inc/Legacy -I../Drivers/CMSIS/Device/ST/STM32F0xx/Include -I../Core/FreeRTOS/Source/include -I../Core/FreeRTOS/Source/portable/GCC/ARM_CM0 -I../Core/FreeRTOS/Source/portable/MemMang -O0 -ffunction-sections -fdata-sections -Wall -fstack-usage -MMD -MP -MF"Core/Src/freertos.d" -MT"Core/Src/freertos.o" --specs=nano.specs -mfloat-abi=soft -mthumb -o "Core/Src/freertos.o"
arm-none-eabi-gcc "../Core/Src/main.c" -mcpu=cortex-m0 -std=gnu11 -g3 -DUSE_HAL_DRIVER -DSTM32F030x8 -DDEBUG -c -I../Drivers/Custom/inc -I../Drivers/STM32F0xx_HAL_Driver/Inc -I../Drivers/CMSIS/Include -I../Core/Inc -I../Drivers/STM32F0xx_HAL_Driver/Inc/Legacy -I../Drivers/CMSIS/Device/ST/STM32F0xx/Include -I../Core/FreeRTOS/Source/include -I../Core/FreeRTOS/Source/portable/GCC/ARM_CM0 -I../Core/FreeRTOS/Source/portable/MemMang -O0 -ffunction-sections -fdata-sections -Wall -fstack-usage -MMD -MP -MF"Core/Src/main.d" -MT"Core/Src/main.o" --specs=nano.specs -mfloat-abi=soft -mthumb -o "Core/Src/main.o"
arm-none-eabi-gcc "../Core/Src/racing_tasks.c" -mcpu=cortex-m0 -std=gnu11 -g3 -DUSE_HAL_DRIVER -DSTM32F030x8 -DDEBUG -c -I../Drivers/Custom/inc -I../Drivers/STM32F0xx_HAL_Driver/Inc -I../Drivers/CMSIS/Include -I../Core/Inc -I../Drivers/STM32F0xx_HAL_Driver/Inc/Legacy -I../Drivers/CMSIS/Device/ST/STM32F0xx/Include -I../Core/FreeRTOS/Source/include -I../Core/FreeRTOS/Source/portable/GCC/ARM_CM0 -I../Core/FreeRTOS/Source/portable/MemMang -O0 -ffunction-sections -fdata-sections -Wall -fstack-usage -MMD -MP -MF"Core/Src/racing_tasks.d" -MT"Core/Src/racing_tasks.o" --specs=nano.specs -mfloat-abi=soft -mthumb -o "Core/Src/racing_tasks.o"
arm-none-eabi-gcc "../Core/Src/stm32f0xx_hal_msp.c" -mcpu=cortex-m0 -std=gnu11 -g3 -DUSE_HAL_DRIVER -DSTM32F030x8 -DDEBUG -c -I../Drivers/Custom/inc -I../Drivers/STM32F0xx_HAL_Driver/Inc -I../Drivers/CMSIS/Include -I../Core/Inc -I../Drivers/STM32F0xx_HAL_Driver/Inc/Legacy -I../Drivers/CMSIS/Device/ST/STM32F0xx/Include -I../Core/FreeRTOS/Source/include -I../Core/FreeRTOS/Source/portable/GCC/ARM_CM0 -I../Core/FreeRTOS/Source/portable/MemMang -O0 -ffunction-sections -fdata-sections -Wall -fstack-usage -MMD -MP -MF"Core/Src/stm32f0xx_hal_msp.d" -MT"Core/Src/stm32f0xx_hal_msp.o" --specs=nano.specs -mfloat-abi=soft -mthumb -o "Core/Src/stm32f0xx_hal_msp.o"
arm-none-eabi-gcc "../Core/Src/stm32f0xx_it.c" -mcpu=cortex-m0 -std=gnu11 -g3 -DUSE_HAL_DRIVER -DSTM32F030x8 -DDEBUG -c -I../Drivers/Custom/inc -I../Drivers/STM32F0xx_HAL_Driver/Inc -I../Drivers/CMSIS/Include -I../Core/Inc -I../Drivers/STM32F0xx_HAL_Driver/Inc/Legacy -I../Drivers/CMSIS/Device/ST/STM32F0xx/Include -I../Core/FreeRTOS/Source/include -I../Core/FreeRTOS/Source/portable/GCC/ARM_CM0 -I../Core/FreeRTOS/Source/portable/MemMang -O0 -ffunction-sections -fdata-sections -Wall -fstack-usage -MMD -MP -MF"Core/Src/stm32f0xx_it.d" -MT"Core/Src/stm32f0xx_it.o" --specs=nano.specs -mfloat-abi=soft -mthumb -o "Core/Src/stm32f0xx_it.o"
arm-none-eabi-gcc -o "RemoteRacing.elf" @"objects.list"   -mcpu=cortex-m0 -T"/Users/pjfossee/STM32CubeIDE/workspace_1.3.0/RemoteRacing/STM32F030R8TX_FLASH.ld" --specs=nosys.specs -Wl,-Map="RemoteRacing.map" -Wl,--gc-sections -static -u _printf_float --specs=nano.specs -mfloat-abi=soft -mthumb -Wl,--start-group -lc -lm -Wl,--end-group
Finished building target: RemoteRacing.elf
 
arm-none-eabi-objdump -h -S  RemoteRacing.elf  > "RemoteRacing.list"
arm-none-eabi-objcopy  -O binary  RemoteRacing.elf  "RemoteRacing.bin"
arm-none-eabi-size   RemoteRacing.elf 
   text	   data	    bss	    dec	    hex	filename
  40168	    480	   6944	  47592	   b9e8	RemoteRacing.elf
Finished building: default.size.stdout
 
Finished building: RemoteRacing.bin
 
Finished building: RemoteRacing.list
 
