02:38:16 **** Incremental Build of configuration Debug for project RemoteRacing ****
make -j15 all 
arm-none-eabi-gcc "../Drivers/Custom/src/BLE.c" -mcpu=cortex-m0 -std=gnu11 -g3 -DUSE_HAL_DRIVER -DSTM32F030x8 -DDEBUG -c -I../Drivers/Custom/inc -I../Drivers/STM32F0xx_HAL_Driver/Inc -I../Drivers/CMSIS/Include -I../Core/Inc -I../Drivers/STM32F0xx_HAL_Driver/Inc/Legacy -I../Drivers/CMSIS/Device/ST/STM32F0xx/Include -I../Core/FreeRTOS/Source/include -I../Core/FreeRTOS/Source/portable/GCC/ARM_CM0 -I../Core/FreeRTOS/Source/portable/MemMang -O0 -ffunction-sections -fdata-sections -Wall -fstack-usage -MMD -MP -MF"Drivers/Custom/src/BLE.d" -MT"Drivers/Custom/src/BLE.o" --specs=nano.specs -mfloat-abi=soft -mthumb -o "Drivers/Custom/src/BLE.o"
arm-none-eabi-gcc "../Drivers/Custom/src/MMA8452Q.c" -mcpu=cortex-m0 -std=gnu11 -g3 -DUSE_HAL_DRIVER -DSTM32F030x8 -DDEBUG -c -I../Drivers/Custom/inc -I../Drivers/STM32F0xx_HAL_Driver/Inc -I../Drivers/CMSIS/Include -I../Core/Inc -I../Drivers/STM32F0xx_HAL_Driver/Inc/Legacy -I../Drivers/CMSIS/Device/ST/STM32F0xx/Include -I../Core/FreeRTOS/Source/include -I../Core/FreeRTOS/Source/portable/GCC/ARM_CM0 -I../Core/FreeRTOS/Source/portable/MemMang -O0 -ffunction-sections -fdata-sections -Wall -fstack-usage -MMD -MP -MF"Drivers/Custom/src/MMA8452Q.d" -MT"Drivers/Custom/src/MMA8452Q.o" --specs=nano.specs -mfloat-abi=soft -mthumb -o "Drivers/Custom/src/MMA8452Q.o"
arm-none-eabi-gcc "../Core/Src/freertos.c" -mcpu=cortex-m0 -std=gnu11 -g3 -DUSE_HAL_DRIVER -DSTM32F030x8 -DDEBUG -c -I../Drivers/Custom/inc -I../Drivers/STM32F0xx_HAL_Driver/Inc -I../Drivers/CMSIS/Include -I../Core/Inc -I../Drivers/STM32F0xx_HAL_Driver/Inc/Legacy -I../Drivers/CMSIS/Device/ST/STM32F0xx/Include -I../Core/FreeRTOS/Source/include -I../Core/FreeRTOS/Source/portable/GCC/ARM_CM0 -I../Core/FreeRTOS/Source/portable/MemMang -O0 -ffunction-sections -fdata-sections -Wall -fstack-usage -MMD -MP -MF"Core/Src/freertos.d" -MT"Core/Src/freertos.o" --specs=nano.specs -mfloat-abi=soft -mthumb -o "Core/Src/freertos.o"
arm-none-eabi-gcc "../Core/Src/main.c" -mcpu=cortex-m0 -std=gnu11 -g3 -DUSE_HAL_DRIVER -DSTM32F030x8 -DDEBUG -c -I../Drivers/Custom/inc -I../Drivers/STM32F0xx_HAL_Driver/Inc -I../Drivers/CMSIS/Include -I../Core/Inc -I../Drivers/STM32F0xx_HAL_Driver/Inc/Legacy -I../Drivers/CMSIS/Device/ST/STM32F0xx/Include -I../Core/FreeRTOS/Source/include -I../Core/FreeRTOS/Source/portable/GCC/ARM_CM0 -I../Core/FreeRTOS/Source/portable/MemMang -O0 -ffunction-sections -fdata-sections -Wall -fstack-usage -MMD -MP -MF"Core/Src/main.d" -MT"Core/Src/main.o" --specs=nano.specs -mfloat-abi=soft -mthumb -o "Core/Src/main.o"
arm-none-eabi-gcc "../Core/Src/racing_tasks.c" -mcpu=cortex-m0 -std=gnu11 -g3 -DUSE_HAL_DRIVER -DSTM32F030x8 -DDEBUG -c -I../Drivers/Custom/inc -I../Drivers/STM32F0xx_HAL_Driver/Inc -I../Drivers/CMSIS/Include -I../Core/Inc -I../Drivers/STM32F0xx_HAL_Driver/Inc/Legacy -I../Drivers/CMSIS/Device/ST/STM32F0xx/Include -I../Core/FreeRTOS/Source/include -I../Core/FreeRTOS/Source/portable/GCC/ARM_CM0 -I../Core/FreeRTOS/Source/portable/MemMang -O0 -ffunction-sections -fdata-sections -Wall -fstack-usage -MMD -MP -MF"Core/Src/racing_tasks.d" -MT"Core/Src/racing_tasks.o" --specs=nano.specs -mfloat-abi=soft -mthumb -o "Core/Src/racing_tasks.o"
arm-none-eabi-gcc "../Core/Src/stm32f0xx_hal_msp.c" -mcpu=cortex-m0 -std=gnu11 -g3 -DUSE_HAL_DRIVER -DSTM32F030x8 -DDEBUG -c -I../Drivers/Custom/inc -I../Drivers/STM32F0xx_HAL_Driver/Inc -I../Drivers/CMSIS/Include -I../Core/Inc -I../Drivers/STM32F0xx_HAL_Driver/Inc/Legacy -I../Drivers/CMSIS/Device/ST/STM32F0xx/Include -I../Core/FreeRTOS/Source/include -I../Core/FreeRTOS/Source/portable/GCC/ARM_CM0 -I../Core/FreeRTOS/Source/portable/MemMang -O0 -ffunction-sections -fdata-sections -Wall -fstack-usage -MMD -MP -MF"Core/Src/stm32f0xx_hal_msp.d" -MT"Core/Src/stm32f0xx_hal_msp.o" --specs=nano.specs -mfloat-abi=soft -mthumb -o "Core/Src/stm32f0xx_hal_msp.o"
arm-none-eabi-gcc "../Core/Src/stm32f0xx_it.c" -mcpu=cortex-m0 -std=gnu11 -g3 -DUSE_HAL_DRIVER -DSTM32F030x8 -DDEBUG -c -I../Drivers/Custom/inc -I../Drivers/STM32F0xx_HAL_Driver/Inc -I../Drivers/CMSIS/Include -I../Core/Inc -I../Drivers/STM32F0xx_HAL_Driver/Inc/Legacy -I../Drivers/CMSIS/Device/ST/STM32F0xx/Include -I../Core/FreeRTOS/Source/include -I../Core/FreeRTOS/Source/portable/GCC/ARM_CM0 -I../Core/FreeRTOS/Source/portable/MemMang -O0 -ffunction-sections -fdata-sections -Wall -fstack-usage -MMD -MP -MF"Core/Src/stm32f0xx_it.d" -MT"Core/Src/stm32f0xx_it.o" --specs=nano.specs -mfloat-abi=soft -mthumb -o "Core/Src/stm32f0xx_it.o"
arm-none-eabi-gcc -o "RemoteRacing.elf" @"objects.list"   -mcpu=cortex-m0 -T"/Users/pjfossee/STM32CubeIDE/workspace_1.3.0/RemoteRacing/STM32F030R8TX_FLASH.ld" --specs=nosys.specs -Wl,-Map="RemoteRacing.map" -Wl,--gc-sections -static -u _printf_float --specs=nano.specs -mfloat-abi=soft -mthumb -Wl,--start-group -lc -lm -Wl,--end-group
Finished building target: RemoteRacing.elf
 
arm-none-eabi-objdump -h -S  RemoteRacing.elf  > "RemoteRacing.list"
arm-none-eabi-objcopy  -O binary  RemoteRacing.elf  "RemoteRacing.bin"
arm-none-eabi-size   RemoteRacing.elf 
   text	   data	    bss	    dec	    hex	filename
  40168	    480	   6944	  47592	   b9e8	RemoteRacing.elf
Finished building: default.size.stdout
 
Finished building: RemoteRacing.bin
 
Finished building: RemoteRacing.list
 

02:38:17 Build Finished. 0 errors, 0 warnings. (took 709ms)

