LCD.c:212:6:sendCommands16.constprop	56	static
LCD.c:282:6:writePixel.part.0	56	static
LCD.c:93:6:fillRect.part.1	48	static
LCD.c:77:6:fillScreen	48	static
LCD.c:93:6:fillRect	48	static
LCD.c:166:6:sendCommand	24	static
LCD.c:183:6:sendCommands	32	static
LCD.c:212:6:sendCommands16	56	static
LCD.c:242:6:write8Bit	16	static
LCD.c:282:6:writePixel	8	static
LCD.c:311:6:setAddrWindow	24	static
LCD.c:326:6:writeLine	48	static
LCD.c:372:6:drawFastVLine	40	static
LCD.c:386:6:drawFastHLine	40	static
LCD.c:400:6:drawLine	32	static
LCD.c:423:6:setRotation	32	static
LCD.c:38:6:LCD_Init	48	static
LCD.c:451:6:setTextSize	0	static
LCD.c:455:6:setTextColor	0	static
LCD.c:456:6:setCursor	0	static
LCD.c:472:6:drawChar	104	static
LCD.c:515:8:write	96	static
LCD.c:540:6:LCD_draw_text_helper	104	static
LCD.c:535:6:erase	16	static
LCD.c:148:6:LCD_draw_text	40	static
