LCD.c:255:6:sendCommands16.constprop	56	static
LCD.c:325:6:writePixel.part.0	56	static
LCD.c:136:6:fillRect.part.1	48	static
LCD.c:120:6:fillScreen	48	static
LCD.c:136:6:fillRect	48	static
LCD.c:209:6:sendCommand	24	static
LCD.c:226:6:sendCommands	32	static
LCD.c:255:6:sendCommands16	56	static
LCD.c:285:6:write8Bit	16	static
LCD.c:325:6:writePixel	8	static
LCD.c:354:6:setAddrWindow	24	static
LCD.c:369:6:writeLine	48	static
LCD.c:415:6:drawFastVLine	40	static
LCD.c:429:6:drawFastHLine	40	static
LCD.c:443:6:drawLine	32	static
LCD.c:466:6:setRotation	32	static
LCD.c:81:6:LCD_Init	48	static
LCD.c:494:6:setTextSize	0	static
LCD.c:498:6:setTextColor	0	static
LCD.c:499:6:setCursor	0	static
LCD.c:515:6:drawChar	104	static
LCD.c:558:8:write	96	static
LCD.c:578:6:erase	32	static
LCD.c:582:6:LCD_draw_text_helper	104	static
LCD.c:191:6:LCD_draw_text	40	static
LCD.c:34:8:print_pos_update_init	72	static
LCD.c:29:8:race	40	static
LCD.c:17:8:print_idle	72	static
LCD.c:23:8:print_race_start	72	static
LCD.c:41:8:print_pos_update	80	static
LCD.c:596:6:erase_update	72	static
LCD.c:52:8:print_race_end	72	static
LCD.c:9:8:print_gps_rip	96	static
LCD.c:600:6:erase_end	48	static
