LCD.c:265:6:write8Bit	0	static
LCD.c:190:6:sendCommand	16	static
LCD.c:207:6:sendCommands	16	static
LCD.c:236:6:sendCommands16	16	static
LCD.c:385:6:setRotation	16	static
LCD.c:413:6:setTextSize	0	static
LCD.c:417:6:setTextColor	0	static
LCD.c:418:6:setCursor	0	static
LCD.c:503:6:setAddrWindow	16	static
LCD.c:517:6:writePixel	8	static
LCD.c:111:6:fillRect	40	static
LCD.c:96:6:fillScreen	16	static
LCD.c:288:6:writeLine	48	static
LCD.c:334:6:drawFastVLine	40	static
LCD.c:348:6:drawFastHLine	40	static
LCD.c:362:6:drawLine	40	static
LCD.c:434:6:drawChar	80	static
LCD.c:477:8:write	40	static
LCD.c:166:6:LCD_draw_text	32	static
LCD.c:580:9:read8Bit	8	static
LCD.c:608:6:resetPins	8	static
LCD.c:615:6:set8BitOutput	40	static
LCD.c:634:6:set8BitInput	32	static
LCD.c:546:9:readcommand8	32	static
LCD.c:39:6:LCD_Init	24	static
