Archive member included to satisfy reference by file (symbol)

c:/st/stm32cubeide_1.0.2/stm32cubeide/plugins/com.st.stm32cube.ide.mcu.externaltools.gnu-tools-for-stm32.7-2018-q2-update.win32_1.0.0.201904181610/tools/bin/../lib/gcc/arm-none-eabi/7.3.1/../../../../arm-none-eabi/lib/thumb/v6-m\libc_nano.a(lib_a-errno.o)
                              Src/syscalls.o (__errno)
c:/st/stm32cubeide_1.0.2/stm32cubeide/plugins/com.st.stm32cube.ide.mcu.externaltools.gnu-tools-for-stm32.7-2018-q2-update.win32_1.0.0.201904181610/tools/bin/../lib/gcc/arm-none-eabi/7.3.1/../../../../arm-none-eabi/lib/thumb/v6-m\libc_nano.a(lib_a-exit.o)
                              c:/st/stm32cubeide_1.0.2/stm32cubeide/plugins/com.st.stm32cube.ide.mcu.externaltools.gnu-tools-for-stm32.7-2018-q2-update.win32_1.0.0.201904181610/tools/bin/../lib/gcc/arm-none-eabi/7.3.1/../../../../arm-none-eabi/lib/thumb/v6-m/crt0.o (exit)
c:/st/stm32cubeide_1.0.2/stm32cubeide/plugins/com.st.stm32cube.ide.mcu.externaltools.gnu-tools-for-stm32.7-2018-q2-update.win32_1.0.0.201904181610/tools/bin/../lib/gcc/arm-none-eabi/7.3.1/../../../../arm-none-eabi/lib/thumb/v6-m\libc_nano.a(lib_a-impure.o)
                              c:/st/stm32cubeide_1.0.2/stm32cubeide/plugins/com.st.stm32cube.ide.mcu.externaltools.gnu-tools-for-stm32.7-2018-q2-update.win32_1.0.0.201904181610/tools/bin/../lib/gcc/arm-none-eabi/7.3.1/../../../../arm-none-eabi/lib/thumb/v6-m\libc_nano.a(lib_a-exit.o) (_global_impure_ptr)
c:/st/stm32cubeide_1.0.2/stm32cubeide/plugins/com.st.stm32cube.ide.mcu.externaltools.gnu-tools-for-stm32.7-2018-q2-update.win32_1.0.0.201904181610/tools/bin/../lib/gcc/arm-none-eabi/7.3.1/../../../../arm-none-eabi/lib/thumb/v6-m\libc_nano.a(lib_a-init.o)
                              c:/st/stm32cubeide_1.0.2/stm32cubeide/plugins/com.st.stm32cube.ide.mcu.externaltools.gnu-tools-for-stm32.7-2018-q2-update.win32_1.0.0.201904181610/tools/bin/../lib/gcc/arm-none-eabi/7.3.1/../../../../arm-none-eabi/lib/thumb/v6-m/crt0.o (__libc_init_array)
c:/st/stm32cubeide_1.0.2/stm32cubeide/plugins/com.st.stm32cube.ide.mcu.externaltools.gnu-tools-for-stm32.7-2018-q2-update.win32_1.0.0.201904181610/tools/bin/../lib/gcc/arm-none-eabi/7.3.1/../../../../arm-none-eabi/lib/thumb/v6-m\libc_nano.a(lib_a-memcpy-stub.o)
                              Src/GPS.o (memcpy)
c:/st/stm32cubeide_1.0.2/stm32cubeide/plugins/com.st.stm32cube.ide.mcu.externaltools.gnu-tools-for-stm32.7-2018-q2-update.win32_1.0.0.201904181610/tools/bin/../lib/gcc/arm-none-eabi/7.3.1/../../../../arm-none-eabi/lib/thumb/v6-m\libc_nano.a(lib_a-memset.o)
                              c:/st/stm32cubeide_1.0.2/stm32cubeide/plugins/com.st.stm32cube.ide.mcu.externaltools.gnu-tools-for-stm32.7-2018-q2-update.win32_1.0.0.201904181610/tools/bin/../lib/gcc/arm-none-eabi/7.3.1/../../../../arm-none-eabi/lib/thumb/v6-m/crt0.o (memset)
c:/st/stm32cubeide_1.0.2/stm32cubeide/plugins/com.st.stm32cube.ide.mcu.externaltools.gnu-tools-for-stm32.7-2018-q2-update.win32_1.0.0.201904181610/tools/bin/../lib/gcc/arm-none-eabi/7.3.1/../../../../arm-none-eabi/lib/thumb/v6-m\libc_nano.a(lib_a-strcpy.o)
                              Src/LCD.o (strcpy)
c:/st/stm32cubeide_1.0.2/stm32cubeide/plugins/com.st.stm32cube.ide.mcu.externaltools.gnu-tools-for-stm32.7-2018-q2-update.win32_1.0.0.201904181610/tools/bin/../lib/gcc/arm-none-eabi/7.3.1/../../../../arm-none-eabi/lib/thumb/v6-m\libc_nano.a(lib_a-strlen.o)
                              Src/LCD.o (strlen)
c:/st/stm32cubeide_1.0.2/stm32cubeide/plugins/com.st.stm32cube.ide.mcu.externaltools.gnu-tools-for-stm32.7-2018-q2-update.win32_1.0.0.201904181610/tools/bin/../lib/gcc/arm-none-eabi/7.3.1/thumb/v6-m\libgcc.a(_udivsi3.o)
                              Drivers/STM32F0xx_HAL_Driver/Src/stm32f0xx_hal.o (__aeabi_uidiv)
c:/st/stm32cubeide_1.0.2/stm32cubeide/plugins/com.st.stm32cube.ide.mcu.externaltools.gnu-tools-for-stm32.7-2018-q2-update.win32_1.0.0.201904181610/tools/bin/../lib/gcc/arm-none-eabi/7.3.1/thumb/v6-m\libgcc.a(_divsi3.o)
                              Drivers/STM32F0xx_HAL_Driver/Src/stm32f0xx_hal.o (__aeabi_idiv)
c:/st/stm32cubeide_1.0.2/stm32cubeide/plugins/com.st.stm32cube.ide.mcu.externaltools.gnu-tools-for-stm32.7-2018-q2-update.win32_1.0.0.201904181610/tools/bin/../lib/gcc/arm-none-eabi/7.3.1/thumb/v6-m\libgcc.a(_dvmd_tls.o)
                              c:/st/stm32cubeide_1.0.2/stm32cubeide/plugins/com.st.stm32cube.ide.mcu.externaltools.gnu-tools-for-stm32.7-2018-q2-update.win32_1.0.0.201904181610/tools/bin/../lib/gcc/arm-none-eabi/7.3.1/thumb/v6-m\libgcc.a(_udivsi3.o) (__aeabi_idiv0)
c:/st/stm32cubeide_1.0.2/stm32cubeide/plugins/com.st.stm32cube.ide.mcu.externaltools.gnu-tools-for-stm32.7-2018-q2-update.win32_1.0.0.201904181610/tools/bin/../lib/gcc/arm-none-eabi/7.3.1/thumb/v6-m\libgcc.a(_fixunssfsi.o)
                              Src/racing_tasks.o (__aeabi_f2uiz)
[...]
Memory Configuration

Name             Origin             Length             Attributes
RAM              0x0000000020000000 0x0000000000002000 xrw
FLASH            0x0000000008000000 0x0000000000010000 xr
*default*        0x0000000000000000 0xffffffffffffffff

Linker script and memory map

LOAD c:/st/stm32cubeide_1.0.2/stm32cubeide/plugins/com.st.stm32cube.ide.mcu.externaltools.gnu-tools-for-stm32.7-2018-q2-update.win32_1.0.0.201904181610/tools/bin/../lib/gcc/arm-none-eabi/7.3.1/thumb/v6-m/crti.o
LOAD c:/st/stm32cubeide_1.0.2/stm32cubeide/plugins/com.st.stm32cube.ide.mcu.externaltools.gnu-tools-for-stm32.7-2018-q2-update.win32_1.0.0.201904181610/tools/bin/../lib/gcc/arm-none-eabi/7.3.1/thumb/v6-m/crtbegin.o
LOAD c:/st/stm32cubeide_1.0.2/stm32cubeide/plugins/com.st.stm32cube.ide.mcu.externaltools.gnu-tools-for-stm32.7-2018-q2-update.win32_1.0.0.201904181610/tools/bin/../lib/gcc/arm-none-eabi/7.3.1/../../../../arm-none-eabi/lib/thumb/v6-m/crt0.o
LOAD Drivers/STM32F0xx_HAL_Driver/Src/stm32f0xx_hal.o
LOAD Drivers/STM32F0xx_HAL_Driver/Src/stm32f0xx_hal_cortex.o
LOAD Drivers/STM32F0xx_HAL_Driver/Src/stm32f0xx_hal_dma.o
LOAD Drivers/STM32F0xx_HAL_Driver/Src/stm32f0xx_hal_exti.o
LOAD Drivers/STM32F0xx_HAL_Driver/Src/stm32f0xx_hal_flash.o
LOAD Drivers/STM32F0xx_HAL_Driver/Src/stm32f0xx_hal_flash_ex.o
LOAD Drivers/STM32F0xx_HAL_Driver/Src/stm32f0xx_hal_gpio.o
LOAD Drivers/STM32F0xx_HAL_Driver/Src/stm32f0xx_hal_i2c.o
LOAD Drivers/STM32F0xx_HAL_Driver/Src/stm32f0xx_hal_i2c_ex.o
LOAD Drivers/STM32F0xx_HAL_Driver/Src/stm32f0xx_hal_pwr.o
LOAD Drivers/STM32F0xx_HAL_Driver/Src/stm32f0xx_hal_pwr_ex.o
LOAD Drivers/STM32F0xx_HAL_Driver/Src/stm32f0xx_hal_rcc.o
LOAD Drivers/STM32F0xx_HAL_Driver/Src/stm32f0xx_hal_rcc_ex.o
LOAD Drivers/STM32F0xx_HAL_Driver/Src/stm32f0xx_hal_tim.o
LOAD Drivers/STM32F0xx_HAL_Driver/Src/stm32f0xx_hal_tim_ex.o
LOAD Drivers/STM32F0xx_HAL_Driver/Src/stm32f0xx_hal_uart.o
LOAD Drivers/STM32F0xx_HAL_Driver/Src/stm32f0xx_hal_uart_ex.o
LOAD Src/BLE.o
LOAD Src/GPS.o
LOAD Src/LCD.o
LOAD Src/LEDs.o
LOAD Src/MMA8452Q.o
LOAD Src/freertos.o
LOAD Src/main.o
LOAD Src/racing_tasks.o
LOAD Src/stm32f0xx_hal_msp.o
LOAD Src/stm32f0xx_hal_timebase_tim.o
LOAD Src/stm32f0xx_it.o
LOAD Src/syscalls.o
LOAD Src/sysmem.o
LOAD Src/system_stm32f0xx.o
LOAD Src/FreeRTOS/Source/CMSIS_RTOS/cmsis_os.o
LOAD Src/FreeRTOS/Source/croutine.o
LOAD Src/FreeRTOS/Source/event_groups.o
LOAD Src/FreeRTOS/Source/list.o
LOAD Src/FreeRTOS/Source/queue.o
LOAD Src/FreeRTOS/Source/tasks.o
LOAD Src/FreeRTOS/Source/timers.o
LOAD Src/FreeRTOS/Source/portable/GCC/ARM_CM0/port.o
LOAD Src/FreeRTOS/Source/portable/MemMang/heap_4.o
LOAD Startup/startup_stm32f030r8tx.o
START GROUP
LOAD c:/st/stm32cubeide_1.0.2/stm32cubeide/plugins/com.st.stm32cube.ide.mcu.externaltools.gnu-tools-for-stm32.7-2018-q2-update.win32_1.0.0.201904181610/tools/bin/../lib/gcc/arm-none-eabi/7.3.1/../../../../arm-none-eabi/lib/thumb/v6-m\libc_nano.a
LOAD c:/st/stm32cubeide_1.0.2/stm32cubeide/plugins/com.st.stm32cube.ide.mcu.externaltools.gnu-tools-for-stm32.7-2018-q2-update.win32_1.0.0.201904181610/tools/bin/../lib/gcc/arm-none-eabi/7.3.1/../../../../arm-none-eabi/lib/thumb/v6-m\libm.a
END GROUP
START GROUP
LOAD c:/st/stm32cubeide_1.0.2/stm32cubeide/plugins/com.st.stm32cube.ide.mcu.externaltools.gnu-tools-for-stm32.7-2018-q2-update.win32_1.0.0.201904181610/tools/bin/../lib/gcc/arm-none-eabi/7.3.1/thumb/v6-m\libgcc.a
LOAD c:/st/stm32cubeide_1.0.2/stm32cubeide/plugins/com.st.stm32cube.ide.mcu.externaltools.gnu-tools-for-stm32.7-2018-q2-update.win32_1.0.0.201904181610/tools/bin/../lib/gcc/arm-none-eabi/7.3.1/../../../../arm-none-eabi/lib/thumb/v6-m\libc_nano.a
END GROUP
START GROUP
LOAD c:/st/stm32cubeide_1.0.2/stm32cubeide/plugins/com.st.stm32cube.ide.mcu.externaltools.gnu-tools-for-stm32.7-2018-q2-update.win32_1.0.0.201904181610/tools/bin/../lib/gcc/arm-none-eabi/7.3.1/thumb/v6-m\libgcc.a
LOAD c:/st/stm32cubeide_1.0.2/stm32cubeide/plugins/com.st.stm32cube.ide.mcu.externaltools.gnu-tools-for-stm32.7-2018-q2-update.win32_1.0.0.201904181610/tools/bin/../lib/gcc/arm-none-eabi/7.3.1/../../../../arm-none-eabi/lib/thumb/v6-m\libc_nano.a
LOAD c:/st/stm32cubeide_1.0.2/stm32cubeide/plugins/com.st.stm32cube.ide.mcu.externaltools.gnu-tools-for-stm32.7-2018-q2-update.win32_1.0.0.201904181610/tools/bin/../lib/gcc/arm-none-eabi/7.3.1/../../../../arm-none-eabi/lib/thumb/v6-m\libnosys.a
END GROUP
START GROUP
LOAD c:/st/stm32cubeide_1.0.2/stm32cubeide/plugins/com.st.stm32cube.ide.mcu.externaltools.gnu-tools-for-stm32.7-2018-q2-update.win32_1.0.0.201904181610/tools/bin/../lib/gcc/arm-none-eabi/7.3.1/thumb/v6-m\libgcc.a
LOAD c:/st/stm32cubeide_1.0.2/stm32cubeide/plugins/com.st.stm32cube.ide.mcu.externaltools.gnu-tools-for-stm32.7-2018-q2-update.win32_1.0.0.201904181610/tools/bin/../lib/gcc/arm-none-eabi/7.3.1/../../../../arm-none-eabi/lib/thumb/v6-m\libc_nano.a
LOAD c:/st/stm32cubeide_1.0.2/stm32cubeide/plugins/com.st.stm32cube.ide.mcu.externaltools.gnu-tools-for-stm32.7-2018-q2-update.win32_1.0.0.201904181610/tools/bin/../lib/gcc/arm-none-eabi/7.3.1/../../../../arm-none-eabi/lib/thumb/v6-m\libnosys.a
END GROUP
LOAD c:/st/stm32cubeide_1.0.2/stm32cubeide/plugins/com.st.stm32cube.ide.mcu.externaltools.gnu-tools-for-stm32.7-2018-q2-update.win32_1.0.0.201904181610/tools/bin/../lib/gcc/arm-none-eabi/7.3.1/thumb/v6-m/crtend.o
LOAD c:/st/stm32cubeide_1.0.2/stm32cubeide/plugins/com.st.stm32cube.ide.mcu.externaltools.gnu-tools-for-stm32.7-2018-q2-update.win32_1.0.0.201904181610/tools/bin/../lib/gcc/arm-none-eabi/7.3.1/thumb/v6-m/crtn.o
                0x0000000020002000                _estack = 0x20002000
                0x0000000000000200                _Min_Heap_Size = 0x200
                0x0000000000000400                _Min_Stack_Size = 0x400

.isr_vector     0x0000000008000000       0xc0
                0x0000000008000000                . = ALIGN (0x4)
 *(.isr_vector)
 .isr_vector    0x0000000008000000       0xc0 Startup/startup_stm32f030r8tx.o
                0x0000000008000000                g_pfnVectors
                0x00000000080000c0                . = ALIGN (0x4)

.text           0x00000000080000c0     0x7534
                0x00000000080000c0                . = ALIGN (0x4)
 *(.text)
 .text          0x00000000080000c0       0x48 c:/st/stm32cubeide_1.0.2/stm32cubeide/plugins/com.st.stm32cube.ide.mcu.externaltools.gnu-tools-for-stm32.7-2018-q2-update.win32_1.0.0.201904181610/tools/bin/../lib/gcc/arm-none-eabi/7.3.1/thumb/v6-m/crtbegin.o
 .text          0x0000000008000108        0xe c:/st/stm32cubeide_1.0.2/stm32cubeide/plugins/com.st.stm32cube.ide.mcu.externaltools.gnu-tools-for-stm32.7-2018-q2-update.win32_1.0.0.201904181610/tools/bin/../lib/gcc/arm-none-eabi/7.3.1/../../../../arm-none-eabi/lib/thumb/v6-m\libc_nano.a(lib_a-strlen.o)
                0x0000000008000108                strlen
 *fill*         0x0000000008000116        0x2 
 .text          0x0000000008000118      0x114 c:/st/stm32cubeide_1.0.2/stm32cubeide/plugins/com.st.stm32cube.ide.mcu.externaltools.gnu-tools-for-stm32.7-2018-q2-update.win32_1.0.0.201904181610/tools/bin/../lib/gcc/arm-none-eabi/7.3.1/thumb/v6-m\libgcc.a(_udivsi3.o)
                0x0000000008000118                __aeabi_uidiv
                0x0000000008000118                __udivsi3
                0x0000000008000224                __aeabi_uidivmod
 .text          0x000000000800022c        0x4 c:/st/stm32cubeide_1.0.2/stm32cubeide/plugins/com.st.stm32cube.ide.mcu.externaltools.gnu-tools-for-stm32.7-2018-q2-update.win32_1.0.0.201904181610/tools/bin/../lib/gcc/arm-none-eabi/7.3.1/thumb/v6-m\libgcc.a(_dvmd_tls.o)
                0x000000000800022c                __aeabi_idiv0
                0x000000000800022c                __aeabi_ldiv0
 .text          0x0000000008000230       0x30 c:/st/stm32cubeide_1.0.2/stm32cubeide/plugins/com.st.stm32cube.ide.mcu.externaltools.gnu-tools-for-stm32.7-2018-q2-update.win32_1.0.0.201904181610/tools/bin/../lib/gcc/arm-none-eabi/7.3.1/thumb/v6-m\libgcc.a(_fixunssfsi.o)
                0x0000000008000230                __fixunssfsi
                0x0000000008000230                __aeabi_f2uiz
 .text          0x0000000008000260      0x334 c:/st/stm32cubeide_1.0.2/stm32cubeide/plugins/com.st.stm32cube.ide.mcu.externaltools.gnu-tools-for-stm32.7-2018-q2-update.win32_1.0.0.201904181610/tools/bin/../lib/gcc/arm-none-eabi/7.3.1/thumb/v6-m\libgcc.a(addsf3.o)
                0x0000000008000260                __aeabi_fadd
 .text          0x0000000008000594      0x224 c:/st/stm32cubeide_1.0.2/stm32cubeide/plugins/com.st.stm32cube.ide.mcu.externaltools.gnu-tools-for-stm32.7-2018-q2-update.win32_1.0.0.201904181610/tools/bin/../lib/gcc/arm-none-eabi/7.3.1/thumb/v6-m\libgcc.a(divsf3.o)
                0x0000000008000594                __aeabi_fdiv
 .text          0x00000000080007b8      0x264 c:/st/stm32cubeide_1.0.2/stm32cubeide/plugins/com.st.stm32cube.ide.mcu.externaltools.gnu-tools-for-stm32.7-2018-q2-update.win32_1.0.0.201904181610/tools/bin/../lib/gcc/arm-none-eabi/7.3.1/thumb/v6-m\libgcc.a(mulsf3.o)
                0x00000000080007b8                __aeabi_fmul
 .text          0x0000000008000a1c      0x388 c:/st/stm32cubeide_1.0.2/stm32cubeide/plugins/com.st.stm32cube.ide.mcu.externaltools.gnu-tools-for-stm32.7-2018-q2-update.win32_1.0.0.201904181610/tools/bin/../lib/gcc/arm-none-eabi/7.3.1/thumb/v6-m\libgcc.a(subsf3.o)
                0x0000000008000a1c                __aeabi_fsub
 .text          0x0000000008000da4       0x40 c:/st/stm32cubeide_1.0.2/stm32cubeide/plugins/com.st.stm32cube.ide.mcu.externaltools.gnu-tools-for-stm32.7-2018-q2-update.win32_1.0.0.201904181610/tools/bin/../lib/gcc/arm-none-eabi/7.3.1/thumb/v6-m\libgcc.a(fixsfsi.o)
                0x0000000008000da4                __aeabi_f2iz
 .text          0x0000000008000de4       0x94 c:/st/stm32cubeide_1.0.2/stm32cubeide/plugins/com.st.stm32cube.ide.mcu.externaltools.gnu-tools-for-stm32.7-2018-q2-update.win32_1.0.0.201904181610/tools/bin/../lib/gcc/arm-none-eabi/7.3.1/thumb/v6-m\libgcc.a(floatsisf.o)
                0x0000000008000de4                __aeabi_i2f
 .text          0x0000000008000e78       0x80 c:/st/stm32cubeide_1.0.2/stm32cubeide/plugins/com.st.stm32cube.ide.mcu.externaltools.gnu-tools-for-stm32.7-2018-q2-update.win32_1.0.0.201904181610/tools/bin/../lib/gcc/arm-none-eabi/7.3.1/thumb/v6-m\libgcc.a(floatunsisf.o)
                0x0000000008000e78                __aeabi_ui2f
 .text          0x0000000008000ef8       0x74 c:/st/stm32cubeide_1.0.2/stm32cubeide/plugins/com.st.stm32cube.ide.mcu.externaltools.gnu-tools-for-stm32.7-2018-q2-update.win32_1.0.0.201904181610/tools/bin/../lib/gcc/arm-none-eabi/7.3.1/thumb/v6-m\libgcc.a(_arm_cmpsf2.o)
                0x0000000008000ef8                __aeabi_cfrcmple
                0x0000000008000f00                __aeabi_cfcmpeq
                0x0000000008000f00                __aeabi_cfcmple
                0x0000000008000f10                __aeabi_fcmpeq
                0x0000000008000f1c                __aeabi_fcmplt
                0x0000000008000f30                __aeabi_fcmple
                0x0000000008000f44                __aeabi_fcmpgt
                0x0000000008000f58                __aeabi_fcmpge
 .text          0x0000000008000f6c       0x3c c:/st/stm32cubeide_1.0.2/stm32cubeide/plugins/com.st.stm32cube.ide.mcu.externaltools.gnu-tools-for-stm32.7-2018-q2-update.win32_1.0.0.201904181610/tools/bin/../lib/gcc/arm-none-eabi/7.3.1/thumb/v6-m\libgcc.a(_clzsi2.o)
                0x0000000008000f6c                __clzsi2
 .text          0x0000000008000fa8       0x50 c:/st/stm32cubeide_1.0.2/stm32cubeide/plugins/com.st.stm32cube.ide.mcu.externaltools.gnu-tools-for-stm32.7-2018-q2-update.win32_1.0.0.201904181610/tools/bin/../lib/gcc/arm-none-eabi/7.3.1/thumb/v6-m\libgcc.a(eqsf2.o)
                0x0000000008000fa8                __eqsf2
                0x0000000008000fa8                __nesf2
 .text          0x0000000008000ff8       0x9c c:/st/stm32cubeide_1.0.2/stm32cubeide/plugins/com.st.stm32cube.ide.mcu.externaltools.gnu-tools-for-stm32.7-2018-q2-update.win32_1.0.0.201904181610/tools/bin/../lib/gcc/arm-none-eabi/7.3.1/thumb/v6-m\libgcc.a(gesf2.o)
                0x0000000008000ff8                __gesf2
                0x0000000008000ff8                __gtsf2
 .text          0x0000000008001094       0xa0 c:/st/stm32cubeide_1.0.2/stm32cubeide/plugins/com.st.stm32cube.ide.mcu.externaltools.gnu-tools-for-stm32.7-2018-q2-update.win32_1.0.0.201904181610/tools/bin/../lib/gcc/arm-none-eabi/7.3.1/thumb/v6-m\libgcc.a(lesf2.o)
                0x0000000008001094                __ltsf2
                0x0000000008001094                __lesf2
 *(.text*)
 .text.HAL_Init
                0x0000000008001134       0x20 Drivers/STM32F0xx_HAL_Driver/Src/stm32f0xx_hal.o
                0x0000000008001134                HAL_Init
 .text.HAL_IncTick
                0x0000000008001154       0x18 Drivers/STM32F0xx_HAL_Driver/Src/stm32f0xx_hal.o
                0x0000000008001154                HAL_IncTick
 .text.HAL_GetTick
                0x000000000800116c        0xc Drivers/STM32F0xx_HAL_Driver/Src/stm32f0xx_hal.o
                0x000000000800116c                HAL_GetTick
 .text.HAL_Delay
                0x0000000008001178       0x24 Drivers/STM32F0xx_HAL_Driver/Src/stm32f0xx_hal.o
                0x0000000008001178                HAL_Delay
 .text.HAL_NVIC_SetPriority
                0x000000000800119c       0x58 Drivers/STM32F0xx_HAL_Driver/Src/stm32f0xx_hal_cortex.o
                0x000000000800119c                HAL_NVIC_SetPriority
 .text.HAL_NVIC_EnableIRQ
                0x00000000080011f4       0x18 Drivers/STM32F0xx_HAL_Driver/Src/stm32f0xx_hal_cortex.o
                0x00000000080011f4                HAL_NVIC_EnableIRQ
 .text.HAL_DMA_Init
                0x000000000800120c       0x68 Drivers/STM32F0xx_HAL_Driver/Src/stm32f0xx_hal_dma.o
                0x000000000800120c                HAL_DMA_Init
 .text.HAL_DMA_Start_IT
                0x0000000008001274       0x80 Drivers/STM32F0xx_HAL_Driver/Src/stm32f0xx_hal_dma.o
                0x0000000008001274                HAL_DMA_Start_IT
 .text.HAL_DMA_Abort_IT
                0x00000000080012f4       0x48 Drivers/STM32F0xx_HAL_Driver/Src/stm32f0xx_hal_dma.o
                0x00000000080012f4                HAL_DMA_Abort_IT
 .text.HAL_DMA_IRQHandler
                0x000000000800133c       0x9c Drivers/STM32F0xx_HAL_Driver/Src/stm32f0xx_hal_dma.o
                0x000000000800133c                HAL_DMA_IRQHandler
 .text.HAL_GPIO_Init
                0x00000000080013d8      0x1c4 Drivers/STM32F0xx_HAL_Driver/Src/stm32f0xx_hal_gpio.o
                0x00000000080013d8                HAL_GPIO_Init
 .text.HAL_GPIO_WritePin
                0x000000000800159c        0xc Drivers/STM32F0xx_HAL_Driver/Src/stm32f0xx_hal_gpio.o
                0x000000000800159c                HAL_GPIO_WritePin
 .text.I2C_WaitOnTXISFlagUntilTimeout
                0x00000000080015a8       0xc4 Drivers/STM32F0xx_HAL_Driver/Src/stm32f0xx_hal_i2c.o
 .text.I2C_WaitOnSTOPFlagUntilTimeout
                0x000000000800166c       0xd0 Drivers/STM32F0xx_HAL_Driver/Src/stm32f0xx_hal_i2c.o
 .text.HAL_I2C_Init
                0x000000000800173c       0xb0 Drivers/STM32F0xx_HAL_Driver/Src/stm32f0xx_hal_i2c.o
                0x000000000800173c                HAL_I2C_Init
 .text.HAL_I2C_Mem_Write
                0x00000000080017ec      0x25c Drivers/STM32F0xx_HAL_Driver/Src/stm32f0xx_hal_i2c.o
                0x00000000080017ec                HAL_I2C_Mem_Write
 .text.HAL_I2C_Mem_Read
                0x0000000008001a48      0x290 Drivers/STM32F0xx_HAL_Driver/Src/stm32f0xx_hal_i2c.o
                0x0000000008001a48                HAL_I2C_Mem_Read
 .text.HAL_I2CEx_ConfigAnalogFilter
                0x0000000008001cd8       0x5c Drivers/STM32F0xx_HAL_Driver/Src/stm32f0xx_hal_i2c_ex.o
                0x0000000008001cd8                HAL_I2CEx_ConfigAnalogFilter
 .text.HAL_I2CEx_ConfigDigitalFilter
                0x0000000008001d34       0x5c Drivers/STM32F0xx_HAL_Driver/Src/stm32f0xx_hal_i2c_ex.o
                0x0000000008001d34                HAL_I2CEx_ConfigDigitalFilter
 .text.HAL_RCC_OscConfig
                0x0000000008001d90      0x49c Drivers/STM32F0xx_HAL_Driver/Src/stm32f0xx_hal_rcc.o
                0x0000000008001d90                HAL_RCC_OscConfig
 .text.HAL_RCC_ClockConfig
                0x000000000800222c      0x178 Drivers/STM32F0xx_HAL_Driver/Src/stm32f0xx_hal_rcc.o
                0x000000000800222c                HAL_RCC_ClockConfig
 .text.HAL_RCC_GetSysClockFreq
                0x00000000080023a4       0x6c Drivers/STM32F0xx_HAL_Driver/Src/stm32f0xx_hal_rcc.o
                0x00000000080023a4                HAL_RCC_GetSysClockFreq
 .text.HAL_RCC_GetPCLK1Freq
                0x0000000008002410       0x20 Drivers/STM32F0xx_HAL_Driver/Src/stm32f0xx_hal_rcc.o
                0x0000000008002410                HAL_RCC_GetPCLK1Freq
 .text.HAL_RCC_GetClockConfig
                0x0000000008002430       0x38 Drivers/STM32F0xx_HAL_Driver/Src/stm32f0xx_hal_rcc.o
                0x0000000008002430                HAL_RCC_GetClockConfig
 .text.HAL_RCCEx_PeriphCLKConfig
                0x0000000008002468      0x120 Drivers/STM32F0xx_HAL_Driver/Src/stm32f0xx_hal_rcc_ex.o
                0x0000000008002468                HAL_RCCEx_PeriphCLKConfig
 .text.HAL_TIM_Base_MspInit
                0x0000000008002588        0x4 Drivers/STM32F0xx_HAL_Driver/Src/stm32f0xx_hal_tim.o
                0x0000000008002588                HAL_TIM_Base_MspInit
 .text.HAL_TIM_Base_Init
                0x000000000800258c       0xbc Drivers/STM32F0xx_HAL_Driver/Src/stm32f0xx_hal_tim.o
                0x000000000800258c                HAL_TIM_Base_Init
 .text.HAL_TIM_Base_Start_IT
                0x0000000008002648       0x20 Drivers/STM32F0xx_HAL_Driver/Src/stm32f0xx_hal_tim.o
                0x0000000008002648                HAL_TIM_Base_Start_IT
 .text.HAL_TIM_OC_DelayElapsedCallback
                0x0000000008002668        0x4 Drivers/STM32F0xx_HAL_Driver/Src/stm32f0xx_hal_tim.o
                0x0000000008002668                HAL_TIM_OC_DelayElapsedCallback
 .text.HAL_TIM_IC_CaptureCallback
                0x000000000800266c        0x4 Drivers/STM32F0xx_HAL_Driver/Src/stm32f0xx_hal_tim.o
                0x000000000800266c                HAL_TIM_IC_CaptureCallback
 .text.HAL_TIM_PWM_PulseFinishedCallback
                0x0000000008002670        0x4 Drivers/STM32F0xx_HAL_Driver/Src/stm32f0xx_hal_tim.o
                0x0000000008002670                HAL_TIM_PWM_PulseFinishedCallback
 .text.HAL_TIM_TriggerCallback
                0x0000000008002674        0x4 Drivers/STM32F0xx_HAL_Driver/Src/stm32f0xx_hal_tim.o
                0x0000000008002674                HAL_TIM_TriggerCallback
 .text.HAL_TIM_IRQHandler
                0x0000000008002678      0x158 Drivers/STM32F0xx_HAL_Driver/Src/stm32f0xx_hal_tim.o
                0x0000000008002678                HAL_TIM_IRQHandler
 .text.HAL_TIMEx_CommutCallback
                0x00000000080027d0        0x4 Drivers/STM32F0xx_HAL_Driver/Src/stm32f0xx_hal_tim_ex.o
                0x00000000080027d0                HAL_TIMEx_CommutCallback
 .text.HAL_TIMEx_BreakCallback
                0x00000000080027d4        0x4 Drivers/STM32F0xx_HAL_Driver/Src/stm32f0xx_hal_tim_ex.o
                0x00000000080027d4                HAL_TIMEx_BreakCallback
 .text.HAL_UART_Transmit
                0x00000000080027d8      0x1c0 Drivers/STM32F0xx_HAL_Driver/Src/stm32f0xx_hal_uart.o
                0x00000000080027d8                HAL_UART_Transmit
 .text.HAL_UART_Transmit_DMA
                0x0000000008002998       0xac Drivers/STM32F0xx_HAL_Driver/Src/stm32f0xx_hal_uart.o
                0x0000000008002998                HAL_UART_Transmit_DMA
 .text.HAL_UART_Receive_DMA
                0x0000000008002a44       0xb4 Drivers/STM32F0xx_HAL_Driver/Src/stm32f0xx_hal_uart.o
                0x0000000008002a44                HAL_UART_Receive_DMA
 .text.HAL_UART_TxCpltCallback
                0x0000000008002af8        0x4 Drivers/STM32F0xx_HAL_Driver/Src/stm32f0xx_hal_uart.o
                0x0000000008002af8                HAL_UART_TxCpltCallback
 .text.UART_DMATransmitCplt
                0x0000000008002afc       0x2c Drivers/STM32F0xx_HAL_Driver/Src/stm32f0xx_hal_uart.o
 .text.HAL_UART_TxHalfCpltCallback
                0x0000000008002b28        0x4 Drivers/STM32F0xx_HAL_Driver/Src/stm32f0xx_hal_uart.o
                0x0000000008002b28                HAL_UART_TxHalfCpltCallback
 .text.UART_DMATxHalfCplt
                0x0000000008002b2c        0xc Drivers/STM32F0xx_HAL_Driver/Src/stm32f0xx_hal_uart.o
 .text.UART_DMAReceiveCplt
                0x0000000008002b38       0x3c Drivers/STM32F0xx_HAL_Driver/Src/stm32f0xx_hal_uart.o
 .text.UART_DMARxHalfCplt
                0x0000000008002b74        0xc Drivers/STM32F0xx_HAL_Driver/Src/stm32f0xx_hal_uart.o
 .text.HAL_UART_ErrorCallback
                0x0000000008002b80        0x4 Drivers/STM32F0xx_HAL_Driver/Src/stm32f0xx_hal_uart.o
                0x0000000008002b80                HAL_UART_ErrorCallback
 .text.UART_DMAError
                0x0000000008002b84       0x64 Drivers/STM32F0xx_HAL_Driver/Src/stm32f0xx_hal_uart.o
 .text.HAL_UART_IRQHandler
                0x0000000008002be8      0x170 Drivers/STM32F0xx_HAL_Driver/Src/stm32f0xx_hal_uart.o
                0x0000000008002be8                HAL_UART_IRQHandler
 .text.UART_DMAAbortOnError
                0x0000000008002d58       0x14 Drivers/STM32F0xx_HAL_Driver/Src/stm32f0xx_hal_uart.o
 .text.UART_AdvFeatureConfig
                0x0000000008002d6c       0xd0 Drivers/STM32F0xx_HAL_Driver/Src/stm32f0xx_hal_uart.o
                0x0000000008002d6c                UART_AdvFeatureConfig
 .text.HAL_UART_Init
                0x0000000008002e3c      0x2a8 Drivers/STM32F0xx_HAL_Driver/Src/stm32f0xx_hal_uart.o
                0x0000000008002e3c                HAL_UART_Init
 .text.ble_init
                0x00000000080030e4       0x18 Src/BLE.o
                0x00000000080030e4                ble_init
 .text.ble_send
                0x00000000080030fc        0xc Src/BLE.o
                0x00000000080030fc                ble_send
 .text.gps_init
                0x0000000008003108      0x108 Src/GPS.o
                0x0000000008003108                gps_init
 .text.gps_recieve_full
                0x0000000008003210       0x34 Src/GPS.o
                0x0000000008003210                gps_recieve_full
 .text.gps_recieve_half
                0x0000000008003244       0x34 Src/GPS.o
                0x0000000008003244                gps_recieve_half
 .text.gps_get_data
                0x0000000008003278       0x7c Src/GPS.o
                0x0000000008003278                gps_get_data
 .text.sendCommands16.constprop.9
                0x00000000080032f4      0x218 Src/LCD.o
 .text.writePixel.part.0
                0x000000000800350c      0x1f0 Src/LCD.o
 .text.fillRect.part.1
                0x00000000080036fc      0x128 Src/LCD.o
 .text.fillScreen
                0x0000000008003824       0xfc Src/LCD.o
                0x0000000008003824                fillScreen
 .text.writeLine
                0x0000000008003920      0x154 Src/LCD.o
                0x0000000008003920                writeLine
 .text.drawFastVLine
                0x0000000008003a74       0xfc Src/LCD.o
                0x0000000008003a74                drawFastVLine
 .text.setRotation
                0x0000000008003b70      0x174 Src/LCD.o
                0x0000000008003b70                setRotation
 .text.LCD_Init
                0x0000000008003ce4      0x2c0 Src/LCD.o
                0x0000000008003ce4                LCD_Init
 .text.drawChar
                0x0000000008003fa4      0x238 Src/LCD.o
                0x0000000008003fa4                drawChar
 .text.LCD_draw_text_helper
                0x00000000080041dc      0x37c Src/LCD.o
                0x00000000080041dc                LCD_draw_text_helper
 .text.LCD_draw_text
                0x0000000008004558       0x74 Src/LCD.o
                0x0000000008004558                LCD_draw_text
 .text.print_pos_update_init
                0x00000000080045cc      0x2b0 Src/LCD.o
                0x00000000080045cc                print_pos_update_init
 .text.race     0x000000000800487c       0x68 Src/LCD.o
                0x000000000800487c                race
 .text.print_idle
                0x00000000080048e4       0x88 Src/LCD.o
                0x00000000080048e4                print_idle
 .text.print_race_start
                0x000000000800496c       0x88 Src/LCD.o
                0x000000000800496c                print_race_start
 .text.print_pos_update
                0x00000000080049f4      0x2dc Src/LCD.o
                0x00000000080049f4                print_pos_update
 .text.erase_update
                0x0000000008004cd0      0x19c Src/LCD.o
                0x0000000008004cd0                erase_update
 .text.print_race_end
                0x0000000008004e6c      0x12c Src/LCD.o
                0x0000000008004e6c                print_race_end
 .text.print_gps_rip
                0x0000000008004f98       0xf0 Src/LCD.o
                0x0000000008004f98                print_gps_rip
 .text.erase_end
                0x0000000008005088       0x64 Src/LCD.o
                0x0000000008005088                erase_end
 .text.setLED   0x00000000080050ec       0x40 Src/LEDs.o
                0x00000000080050ec                setLED
 .text.setScale
                0x000000000800512c       0xd4 Src/MMA8452Q.o
                0x000000000800512c                setScale
 .text.setDataRate
                0x0000000008005200       0xd8 Src/MMA8452Q.o
                0x0000000008005200                setDataRate
 .text.initMMA8452Q
                0x00000000080052d8       0xac Src/MMA8452Q.o
                0x00000000080052d8                initMMA8452Q
 .text.getX     0x0000000008005384       0x54 Src/MMA8452Q.o
                0x0000000008005384                getX
 .text.getY     0x00000000080053d8       0x54 Src/MMA8452Q.o
                0x00000000080053d8                getY
 .text.getZ     0x000000000800542c       0x54 Src/MMA8452Q.o
                0x000000000800542c                getZ
 .text.SystemClock_Config
                0x0000000008005480       0x5c Src/main.o
                0x0000000008005480                SystemClock_Config
 .text.startup.main
                0x00000000080054dc      0x254 Src/main.o
                0x00000000080054dc                main
 .text.HAL_UART_RxCpltCallback
                0x0000000008005730       0x30 Src/main.o
                0x0000000008005730                HAL_UART_RxCpltCallback
 .text.HAL_UART_RxHalfCpltCallback
                0x0000000008005760       0x14 Src/main.o
                0x0000000008005760                HAL_UART_RxHalfCpltCallback
 .text.HAL_TIM_PeriodElapsedCallback
                0x0000000008005774       0x18 Src/main.o
                0x0000000008005774                HAL_TIM_PeriodElapsedCallback
 .text.Error_Handler
                0x000000000800578c        0x4 Src/main.o
                0x000000000800578c                Error_Handler
 .text.task_send_ble_packet
                0x0000000008005790      0x104 Src/racing_tasks.o
                0x0000000008005790                task_send_ble_packet
 .text.task_receive_ble_packet
                0x0000000008005894      0x4b4 Src/racing_tasks.o
                0x0000000008005894                task_receive_ble_packet
 .text.RTOS_INIT
                0x0000000008005d48       0x1c Src/racing_tasks.o
                0x0000000008005d48                RTOS_INIT
 .text.RTOS_INIT_TASKS
                0x0000000008005d64       0x50 Src/racing_tasks.o
                0x0000000008005d64                RTOS_INIT_TASKS
 .text.erase_end_all
                0x0000000008005db4      0x11c Src/racing_tasks.o
                0x0000000008005db4                erase_end_all
 .text.HAL_MspInit
                0x0000000008005ed0       0x30 Src/stm32f0xx_hal_msp.o
                0x0000000008005ed0                HAL_MspInit
 .text.HAL_I2C_MspInit
                0x0000000008005f00       0x70 Src/stm32f0xx_hal_msp.o
                0x0000000008005f00                HAL_I2C_MspInit
 .text.HAL_UART_MspInit
                0x0000000008005f70      0x16c Src/stm32f0xx_hal_msp.o
                0x0000000008005f70                HAL_UART_MspInit
 .text.HAL_InitTick
                0x00000000080060dc       0x7c Src/stm32f0xx_hal_timebase_tim.o
                0x00000000080060dc                HAL_InitTick
 .text.NMI_Handler
                0x0000000008006158        0x4 Src/stm32f0xx_it.o
                0x0000000008006158                NMI_Handler
 .text.HardFault_Handler
                0x000000000800615c        0x4 Src/stm32f0xx_it.o
                0x000000000800615c                HardFault_Handler
 .text.DMA1_Channel2_3_IRQHandler
                0x0000000008006160       0x18 Src/stm32f0xx_it.o
                0x0000000008006160                DMA1_Channel2_3_IRQHandler
 .text.DMA1_Channel4_5_IRQHandler
                0x0000000008006178       0x10 Src/stm32f0xx_it.o
                0x0000000008006178                DMA1_Channel4_5_IRQHandler
 .text.TIM1_BRK_UP_TRG_COM_IRQHandler
                0x0000000008006188       0x10 Src/stm32f0xx_it.o
                0x0000000008006188                TIM1_BRK_UP_TRG_COM_IRQHandler
 .text.USART1_IRQHandler
                0x0000000008006198       0x10 Src/stm32f0xx_it.o
                0x0000000008006198                USART1_IRQHandler
 .text.SystemInit
                0x00000000080061a8       0x60 Src/system_stm32f0xx.o
                0x00000000080061a8                SystemInit
 .text.vListInitialise
                0x0000000008006208       0x18 Src/FreeRTOS/Source/list.o
                0x0000000008006208                vListInitialise
 .text.vListInitialiseItem
                0x0000000008006220        0x8 Src/FreeRTOS/Source/list.o
                0x0000000008006220                vListInitialiseItem
 .text.vListInsertEnd
                0x0000000008006228       0x18 Src/FreeRTOS/Source/list.o
                0x0000000008006228                vListInsertEnd
 .text.vListInsert
                0x0000000008006240       0x30 Src/FreeRTOS/Source/list.o
                0x0000000008006240                vListInsert
 .text.uxListRemove
                0x0000000008006270       0x20 Src/FreeRTOS/Source/list.o
                0x0000000008006270                uxListRemove
 .text.xQueueGenericCreate
                0x0000000008006290       0x7c Src/FreeRTOS/Source/queue.o
                0x0000000008006290                xQueueGenericCreate
 .text.xQueueGiveFromISR
                0x000000000800630c       0x74 Src/FreeRTOS/Source/queue.o
                0x000000000800630c                xQueueGiveFromISR
 .text.xQueueGenericReceive
                0x0000000008006380      0x304 Src/FreeRTOS/Source/queue.o
                0x0000000008006380                xQueueGenericReceive
 .text.prvAddCurrentTaskToDelayedList
                0x0000000008006684       0x70 Src/FreeRTOS/Source/tasks.o
 .text.xTaskCreate
                0x00000000080066f4      0x268 Src/FreeRTOS/Source/tasks.o
                0x00000000080066f4                xTaskCreate
 .text.vTaskStartScheduler
                0x000000000800695c      0x1ac Src/FreeRTOS/Source/tasks.o
                0x000000000800695c                vTaskStartScheduler
 .text.vTaskSuspendAll
                0x0000000008006b08       0x10 Src/FreeRTOS/Source/tasks.o
                0x0000000008006b08                vTaskSuspendAll
 .text.xTaskGetTickCount
                0x0000000008006b18        0xc Src/FreeRTOS/Source/tasks.o
                0x0000000008006b18                xTaskGetTickCount
 .text.xTaskIncrementTick
                0x0000000008006b24      0x15c Src/FreeRTOS/Source/tasks.o
                0x0000000008006b24                xTaskIncrementTick
 .text.xTaskResumeAll
                0x0000000008006c80      0x108 Src/FreeRTOS/Source/tasks.o
                0x0000000008006c80                xTaskResumeAll
 .text.vTaskDelayUntil
                0x0000000008006d88       0x60 Src/FreeRTOS/Source/tasks.o
                0x0000000008006d88                vTaskDelayUntil
 .text.vTaskDelay
                0x0000000008006de8       0x30 Src/FreeRTOS/Source/tasks.o
                0x0000000008006de8                vTaskDelay
 .text.prvIdleTask
                0x0000000008006e18       0x88 Src/FreeRTOS/Source/tasks.o
 .text.vTaskSwitchContext
                0x0000000008006ea0       0xec Src/FreeRTOS/Source/tasks.o
                0x0000000008006ea0                vTaskSwitchContext
 .text.vTaskPlaceOnEventList
                0x0000000008006f8c       0x7c Src/FreeRTOS/Source/tasks.o
                0x0000000008006f8c                vTaskPlaceOnEventList
 .text.xTaskRemoveFromEventList
                0x0000000008007008       0x80 Src/FreeRTOS/Source/tasks.o
                0x0000000008007008                xTaskRemoveFromEventList
 .text.vTaskSetTimeOutState
                0x0000000008007088       0x20 Src/FreeRTOS/Source/tasks.o
                0x0000000008007088                vTaskSetTimeOutState
 .text.xTaskCheckForTimeOut
                0x00000000080070a8       0x68 Src/FreeRTOS/Source/tasks.o
                0x00000000080070a8                xTaskCheckForTimeOut
 .text.vTaskMissedYield
                0x0000000008007110        0xc Src/FreeRTOS/Source/tasks.o
                0x0000000008007110                vTaskMissedYield
 .text.xTaskGetSchedulerState
                0x000000000800711c       0x20 Src/FreeRTOS/Source/tasks.o
                0x000000000800711c                xTaskGetSchedulerState
 .text.vTaskPriorityInherit
                0x000000000800713c       0x70 Src/FreeRTOS/Source/tasks.o
                0x000000000800713c                vTaskPriorityInherit
 .text.pvTaskIncrementMutexHeldCount
                0x00000000080071ac       0x18 Src/FreeRTOS/Source/tasks.o
                0x00000000080071ac                pvTaskIncrementMutexHeldCount
 .text.prvTaskExitError
                0x00000000080071c4       0x14 Src/FreeRTOS/Source/portable/GCC/ARM_CM0/port.o
 *fill*         0x00000000080071d8        0x8 
 .text.vPortStartFirstTask
                0x00000000080071e0       0x34 Src/FreeRTOS/Source/portable/GCC/ARM_CM0/port.o
 .text.pxPortInitialiseStack
                0x0000000008007214       0x20 Src/FreeRTOS/Source/portable/GCC/ARM_CM0/port.o
                0x0000000008007214                pxPortInitialiseStack
 .text.SVC_Handler
                0x0000000008007234        0x4 Src/FreeRTOS/Source/portable/GCC/ARM_CM0/port.o
                0x0000000008007234                SVC_Handler
 .text.vPortYield
                0x0000000008007238       0x18 Src/FreeRTOS/Source/portable/GCC/ARM_CM0/port.o
                0x0000000008007238                vPortYield
 .text.vPortEnterCritical
                0x0000000008007250       0x18 Src/FreeRTOS/Source/portable/GCC/ARM_CM0/port.o
                0x0000000008007250                vPortEnterCritical
 .text.vPortExitCritical
                0x0000000008007268       0x1c Src/FreeRTOS/Source/portable/GCC/ARM_CM0/port.o
                0x0000000008007268                vPortExitCritical
 .text.ulSetInterruptMaskFromISR
                0x0000000008007284        0xc Src/FreeRTOS/Source/portable/GCC/ARM_CM0/port.o
                0x0000000008007284                ulSetInterruptMaskFromISR
 .text.vClearInterruptMaskFromISR
                0x0000000008007290        0x8 Src/FreeRTOS/Source/portable/GCC/ARM_CM0/port.o
                0x0000000008007290                vClearInterruptMaskFromISR
 *fill*         0x0000000008007298        0x8 
 .text.PendSV_Handler
                0x00000000080072a0       0x44 Src/FreeRTOS/Source/portable/GCC/ARM_CM0/port.o
                0x00000000080072a0                PendSV_Handler
 .text.SysTick_Handler
                0x00000000080072e4       0x24 Src/FreeRTOS/Source/portable/GCC/ARM_CM0/port.o
                0x00000000080072e4                SysTick_Handler
 .text.vPortSetupTimerInterrupt
                0x0000000008007308       0x28 Src/FreeRTOS/Source/portable/GCC/ARM_CM0/port.o
                0x0000000008007308                vPortSetupTimerInterrupt
 .text.xPortStartScheduler
                0x0000000008007330       0x34 Src/FreeRTOS/Source/portable/GCC/ARM_CM0/port.o
                0x0000000008007330                xPortStartScheduler
 .text.unlikely.prvInsertBlockIntoFreeList
                0x0000000008007364       0x50 Src/FreeRTOS/Source/portable/MemMang/heap_4.o
 .text.pvPortMalloc
                0x00000000080073b4      0x10c Src/FreeRTOS/Source/portable/MemMang/heap_4.o
                0x00000000080073b4                pvPortMalloc
 .text.vPortFree
                0x00000000080074c0       0x4c Src/FreeRTOS/Source/portable/MemMang/heap_4.o
                0x00000000080074c0                vPortFree
 .text.Reset_Handler
                0x000000000800750c       0x50 Startup/startup_stm32f030r8tx.o
                0x000000000800750c                Reset_Handler
 .text.Default_Handler
                0x000000000800755c        0x2 Startup/startup_stm32f030r8tx.o
                0x000000000800755c                TIM1_CC_IRQHandler
                0x000000000800755c                TIM6_IRQHandler
                0x000000000800755c                I2C1_IRQHandler
                0x000000000800755c                SPI1_IRQHandler
                0x000000000800755c                EXTI2_3_IRQHandler
                0x000000000800755c                ADC1_IRQHandler
                0x000000000800755c                I2C2_IRQHandler
                0x000000000800755c                TIM17_IRQHandler
                0x000000000800755c                RTC_IRQHandler
                0x000000000800755c                TIM16_IRQHandler
                0x000000000800755c                TIM3_IRQHandler
                0x000000000800755c                EXTI4_15_IRQHandler
                0x000000000800755c                RCC_IRQHandler
                0x000000000800755c                DMA1_Channel1_IRQHandler
                0x000000000800755c                Default_Handler
                0x000000000800755c                TIM14_IRQHandler
                0x000000000800755c                TIM15_IRQHandler
                0x000000000800755c                EXTI0_1_IRQHandler
                0x000000000800755c                SPI2_IRQHandler
                0x000000000800755c                WWDG_IRQHandler
                0x000000000800755c                USART2_IRQHandler
                0x000000000800755c                FLASH_IRQHandler
 *fill*         0x000000000800755e        0x2 
 .text.__libc_init_array
                0x0000000008007560       0x48 c:/st/stm32cubeide_1.0.2/stm32cubeide/plugins/com.st.stm32cube.ide.mcu.externaltools.gnu-tools-for-stm32.7-2018-q2-update.win32_1.0.0.201904181610/tools/bin/../lib/gcc/arm-none-eabi/7.3.1/../../../../arm-none-eabi/lib/thumb/v6-m\libc_nano.a(lib_a-init.o)
                0x0000000008007560                __libc_init_array
 .text.memcpy   0x00000000080075a8       0x12 c:/st/stm32cubeide_1.0.2/stm32cubeide/plugins/com.st.stm32cube.ide.mcu.externaltools.gnu-tools-for-stm32.7-2018-q2-update.win32_1.0.0.201904181610/tools/bin/../lib/gcc/arm-none-eabi/7.3.1/../../../../arm-none-eabi/lib/thumb/v6-m\libc_nano.a(lib_a-memcpy-stub.o)
                0x00000000080075a8                memcpy
 .text.memset   0x00000000080075ba       0x10 c:/st/stm32cubeide_1.0.2/stm32cubeide/plugins/com.st.stm32cube.ide.mcu.externaltools.gnu-tools-for-stm32.7-2018-q2-update.win32_1.0.0.201904181610/tools/bin/../lib/gcc/arm-none-eabi/7.3.1/../../../../arm-none-eabi/lib/thumb/v6-m\libc_nano.a(lib_a-memset.o)
                0x00000000080075ba                memset
 .text.strcpy   0x00000000080075ca       0x10 c:/st/stm32cubeide_1.0.2/stm32cubeide/plugins/com.st.stm32cube.ide.mcu.externaltools.gnu-tools-for-stm32.7-2018-q2-update.win32_1.0.0.201904181610/tools/bin/../lib/gcc/arm-none-eabi/7.3.1/../../../../arm-none-eabi/lib/thumb/v6-m\libc_nano.a(lib_a-strcpy.o)
                0x00000000080075ca                strcpy
 *(.glue_7)
 .glue_7        0x00000000080075da        0x0 linker stubs
 *(.glue_7t)
 .glue_7t       0x00000000080075da        0x0 linker stubs
 *(.eh_frame)
 *fill*         0x00000000080075da        0x2 
 .eh_frame      0x00000000080075dc        0x0 c:/st/stm32cubeide_1.0.2/stm32cubeide/plugins/com.st.stm32cube.ide.mcu.externaltools.gnu-tools-for-stm32.7-2018-q2-update.win32_1.0.0.201904181610/tools/bin/../lib/gcc/arm-none-eabi/7.3.1/thumb/v6-m/crtbegin.o
 *(.init)
 .init          0x00000000080075dc        0x4 c:/st/stm32cubeide_1.0.2/stm32cubeide/plugins/com.st.stm32cube.ide.mcu.externaltools.gnu-tools-for-stm32.7-2018-q2-update.win32_1.0.0.201904181610/tools/bin/../lib/gcc/arm-none-eabi/7.3.1/thumb/v6-m/crti.o
                0x00000000080075dc                _init
 .init          0x00000000080075e0        0x8 c:/st/stm32cubeide_1.0.2/stm32cubeide/plugins/com.st.stm32cube.ide.mcu.externaltools.gnu-tools-for-stm32.7-2018-q2-update.win32_1.0.0.201904181610/tools/bin/../lib/gcc/arm-none-eabi/7.3.1/thumb/v6-m/crtn.o
 *(.fini)
 .fini          0x00000000080075e8        0x4 c:/st/stm32cubeide_1.0.2/stm32cubeide/plugins/com.st.stm32cube.ide.mcu.externaltools.gnu-tools-for-stm32.7-2018-q2-update.win32_1.0.0.201904181610/tools/bin/../lib/gcc/arm-none-eabi/7.3.1/thumb/v6-m/crti.o
                0x00000000080075e8                _fini
 .fini          0x00000000080075ec        0x8 c:/st/stm32cubeide_1.0.2/stm32cubeide/plugins/com.st.stm32cube.ide.mcu.externaltools.gnu-tools-for-stm32.7-2018-q2-update.win32_1.0.0.201904181610/tools/bin/../lib/gcc/arm-none-eabi/7.3.1/thumb/v6-m/crtn.o
                0x00000000080075f4                . = ALIGN (0x4)
                0x00000000080075f4                _etext = .

.vfp11_veneer   0x00000000080075f4        0x0
 .vfp11_veneer  0x00000000080075f4        0x0 linker stubs

.v4_bx          0x00000000080075f4        0x0
 .v4_bx         0x00000000080075f4        0x0 linker stubs

.iplt           0x00000000080075f4        0x0
 .iplt          0x00000000080075f4        0x0 c:/st/stm32cubeide_1.0.2/stm32cubeide/plugins/com.st.stm32cube.ide.mcu.externaltools.gnu-tools-for-stm32.7-2018-q2-update.win32_1.0.0.201904181610/tools/bin/../lib/gcc/arm-none-eabi/7.3.1/thumb/v6-m/crtbegin.o

.rodata         0x00000000080075f4      0x7fc
                0x00000000080075f4                . = ALIGN (0x4)
 *(.rodata)
 .rodata        0x00000000080075f4       0x20 Drivers/STM32F0xx_HAL_Driver/Src/stm32f0xx_hal_rcc.o
 .rodata        0x0000000008007614       0x6e Src/GPS.o
 *fill*         0x0000000008007682        0x2 
 .rodata        0x0000000008007684       0x80 c:/st/stm32cubeide_1.0.2/stm32cubeide/plugins/com.st.stm32cube.ide.mcu.externaltools.gnu-tools-for-stm32.7-2018-q2-update.win32_1.0.0.201904181610/tools/bin/../lib/gcc/arm-none-eabi/7.3.1/thumb/v6-m\libgcc.a(divsf3.o)
 .rodata        0x0000000008007704       0x40 c:/st/stm32cubeide_1.0.2/stm32cubeide/plugins/com.st.stm32cube.ide.mcu.externaltools.gnu-tools-for-stm32.7-2018-q2-update.win32_1.0.0.201904181610/tools/bin/../lib/gcc/arm-none-eabi/7.3.1/thumb/v6-m\libgcc.a(mulsf3.o)
 *(.rodata*)
 .rodata.CSWTCH.57
                0x0000000008007744        0x4 Drivers/STM32F0xx_HAL_Driver/Src/stm32f0xx_hal_uart.o
 .rodata.font   0x0000000008007748      0x500 Src/LCD.o
 .rodata.initcmd
                0x0000000008007c48       0x6f Src/LCD.o
 *fill*         0x0000000008007cb7        0x1 
 .rodata.print_gps_rip.str1.4
                0x0000000008007cb8       0x26 Src/LCD.o
 *fill*         0x0000000008007cde        0x2 
 .rodata.print_idle.str1.4
                0x0000000008007ce0       0x27 Src/LCD.o
 *fill*         0x0000000008007d07        0x1 
 .rodata.print_race_end.str1.4
                0x0000000008007d08       0x27 Src/LCD.o
 *fill*         0x0000000008007d2f        0x1 
 .rodata.print_race_start.str1.4
                0x0000000008007d30       0x27 Src/LCD.o
 *fill*         0x0000000008007d57        0x1 
 .rodata.race.str1.4
                0x0000000008007d58        0xd Src/LCD.o
 *fill*         0x0000000008007d65        0x3 
 .rodata.str1.4
                0x0000000008007d68       0x17 Src/LCD.o
 *fill*         0x0000000008007d7f        0x1 
 .rodata.task_receive_ble_packet
                0x0000000008007d80       0x18 Src/racing_tasks.o
 .rodata.RTOS_INIT_TASKS.str1.4
                0x0000000008007d98       0x23 Src/racing_tasks.o
 *fill*         0x0000000008007dbb        0x1 
 .rodata.task_receive_ble_packet.str1.4
                0x0000000008007dbc       0x1c Src/racing_tasks.o
                                         0x1b (size before relaxing)
 .rodata.AHBPrescTable
                0x0000000008007dd8       0x10 Src/system_stm32f0xx.o
                0x0000000008007dd8                AHBPrescTable
 .rodata.APBPrescTable
                0x0000000008007de8        0x8 Src/system_stm32f0xx.o
                0x0000000008007de8                APBPrescTable
                0x0000000008007df0                . = ALIGN (0x4)

.rel.dyn        0x0000000008007df0        0x0
 .rel.iplt      0x0000000008007df0        0x0 c:/st/stm32cubeide_1.0.2/stm32cubeide/plugins/com.st.stm32cube.ide.mcu.externaltools.gnu-tools-for-stm32.7-2018-q2-update.win32_1.0.0.201904181610/tools/bin/../lib/gcc/arm-none-eabi/7.3.1/thumb/v6-m/crtbegin.o

.ARM.extab      0x0000000008007df0        0x0
                0x0000000008007df0                . = ALIGN (0x4)
 *(.ARM.extab* .gnu.linkonce.armextab.*)
                0x0000000008007df0                . = ALIGN (0x4)

.ARM            0x0000000008007df0        0x0
                0x0000000008007df0                . = ALIGN (0x4)
                0x0000000008007df0                __exidx_start = .
 *(.ARM.exidx*)
                0x0000000008007df0                __exidx_end = .
                0x0000000008007df0                . = ALIGN (0x4)

.preinit_array  0x0000000008007df0        0x0
                0x0000000008007df0                . = ALIGN (0x4)
                0x0000000008007df0                PROVIDE (__preinit_array_start = .)
 *(.preinit_array*)
                0x0000000008007df0                PROVIDE (__preinit_array_end = .)
                0x0000000008007df0                . = ALIGN (0x4)

.init_array     0x0000000008007df0        0x4
                0x0000000008007df0                . = ALIGN (0x4)
                0x0000000008007df0                PROVIDE (__init_array_start = .)
 *(SORT_BY_NAME(.init_array.*))
 *(.init_array*)
 .init_array    0x0000000008007df0        0x4 c:/st/stm32cubeide_1.0.2/stm32cubeide/plugins/com.st.stm32cube.ide.mcu.externaltools.gnu-tools-for-stm32.7-2018-q2-update.win32_1.0.0.201904181610/tools/bin/../lib/gcc/arm-none-eabi/7.3.1/thumb/v6-m/crtbegin.o
                0x0000000008007df4                PROVIDE (__init_array_end = .)
                0x0000000008007df4                . = ALIGN (0x4)

.fini_array     0x0000000008007df4        0x4
                0x0000000008007df4                . = ALIGN (0x4)
                [!provide]                        PROVIDE (__fini_array_start = .)
 *(SORT_BY_NAME(.fini_array.*))
 *(.fini_array*)
 .fini_array    0x0000000008007df4        0x4 c:/st/stm32cubeide_1.0.2/stm32cubeide/plugins/com.st.stm32cube.ide.mcu.externaltools.gnu-tools-for-stm32.7-2018-q2-update.win32_1.0.0.201904181610/tools/bin/../lib/gcc/arm-none-eabi/7.3.1/thumb/v6-m/crtbegin.o
                [!provide]                        PROVIDE (__fini_array_end = .)
                0x0000000008007df8                . = ALIGN (0x4)
                0x0000000008007df8                _sidata = LOADADDR (.data)

.data           0x0000000020000000        0xc load address 0x0000000008007df8
                0x0000000020000000                . = ALIGN (0x4)
                0x0000000020000000                _sdata = .
 *(.data)
 *(.data*)
 .data.uwTickFreq
                0x0000000020000000        0x1 Drivers/STM32F0xx_HAL_Driver/Src/stm32f0xx_hal.o
                0x0000000020000000                uwTickFreq
 *fill*         0x0000000020000001        0x3 
 .data.SystemCoreClock
                0x0000000020000004        0x4 Src/system_stm32f0xx.o
                0x0000000020000004                SystemCoreClock
 .data.uxCriticalNesting
                0x0000000020000008        0x4 Src/FreeRTOS/Source/portable/GCC/ARM_CM0/port.o
                0x000000002000000c                . = ALIGN (0x4)
                0x000000002000000c                _edata = .

.igot.plt       0x000000002000000c        0x0 load address 0x0000000008007e04
 .igot.plt      0x000000002000000c        0x0 c:/st/stm32cubeide_1.0.2/stm32cubeide/plugins/com.st.stm32cube.ide.mcu.externaltools.gnu-tools-for-stm32.7-2018-q2-update.win32_1.0.0.201904181610/tools/bin/../lib/gcc/arm-none-eabi/7.3.1/thumb/v6-m/crtbegin.o
                0x000000002000000c                . = ALIGN (0x4)

.bss            0x000000002000000c     0x170c load address 0x0000000008007e04
                0x000000002000000c                _sbss = .
                0x000000002000000c                __bss_start__ = _sbss
 *(.bss)
 .bss           0x000000002000000c       0x1c c:/st/stm32cubeide_1.0.2/stm32cubeide/plugins/com.st.stm32cube.ide.mcu.externaltools.gnu-tools-for-stm32.7-2018-q2-update.win32_1.0.0.201904181610/tools/bin/../lib/gcc/arm-none-eabi/7.3.1/thumb/v6-m/crtbegin.o
 *(.bss*)
 .bss.pxCurrentTCB
                0x0000000020000028        0x4 Src/FreeRTOS/Source/tasks.o
                0x0000000020000028                pxCurrentTCB
 .bss.pxDelayedTaskList
                0x000000002000002c        0x4 Src/FreeRTOS/Source/tasks.o
 .bss.pxOverflowDelayedTaskList
                0x0000000020000030        0x4 Src/FreeRTOS/Source/tasks.o
 .bss.pxReadyTasksLists
                0x0000000020000034       0x8c Src/FreeRTOS/Source/tasks.o
 .bss.uxCurrentNumberOfTasks
                0x00000000200000c0        0x4 Src/FreeRTOS/Source/tasks.o
 .bss.uxDeletedTasksWaitingCleanUp
                0x00000000200000c4        0x4 Src/FreeRTOS/Source/tasks.o
 .bss.uxPendedTicks
                0x00000000200000c8        0x4 Src/FreeRTOS/Source/tasks.o
 .bss.uxSchedulerSuspended
                0x00000000200000cc        0x4 Src/FreeRTOS/Source/tasks.o
 .bss.uxTaskNumber
                0x00000000200000d0        0x4 Src/FreeRTOS/Source/tasks.o
 .bss.uxTopReadyPriority
                0x00000000200000d4        0x4 Src/FreeRTOS/Source/tasks.o
 .bss.xDelayedTaskList1
                0x00000000200000d8       0x14 Src/FreeRTOS/Source/tasks.o
 .bss.xDelayedTaskList2
                0x00000000200000ec       0x14 Src/FreeRTOS/Source/tasks.o
 .bss.xIdleTaskHandle
                0x0000000020000100        0x4 Src/FreeRTOS/Source/tasks.o
 .bss.xNextTaskUnblockTime
                0x0000000020000104        0x4 Src/FreeRTOS/Source/tasks.o
 .bss.xNumOfOverflows
                0x0000000020000108        0x4 Src/FreeRTOS/Source/tasks.o
 .bss.xPendingReadyList
                0x000000002000010c       0x14 Src/FreeRTOS/Source/tasks.o
 .bss.xSchedulerRunning
                0x0000000020000120        0x4 Src/FreeRTOS/Source/tasks.o
 .bss.xSuspendedTaskList
                0x0000000020000124       0x14 Src/FreeRTOS/Source/tasks.o
 .bss.xTasksWaitingTermination
                0x0000000020000138       0x14 Src/FreeRTOS/Source/tasks.o
 .bss.xTickCount
                0x000000002000014c        0x4 Src/FreeRTOS/Source/tasks.o
 .bss.xYieldPending
                0x0000000020000150        0x4 Src/FreeRTOS/Source/tasks.o
 .bss.pxEnd     0x0000000020000154        0x4 Src/FreeRTOS/Source/portable/MemMang/heap_4.o
 .bss.ucHeap    0x0000000020000158      0xc00 Src/FreeRTOS/Source/portable/MemMang/heap_4.o
 .bss.xBlockAllocatedBit
                0x0000000020000d58        0x4 Src/FreeRTOS/Source/portable/MemMang/heap_4.o
 .bss.xFreeBytesRemaining
                0x0000000020000d5c        0x4 Src/FreeRTOS/Source/portable/MemMang/heap_4.o
 .bss.xMinimumEverFreeBytesRemaining
                0x0000000020000d60        0x4 Src/FreeRTOS/Source/portable/MemMang/heap_4.o
 .bss.xStart    0x0000000020000d64        0x8 Src/FreeRTOS/Source/portable/MemMang/heap_4.o
 *(COMMON)
 COMMON         0x0000000020000d6c        0x4 Drivers/STM32F0xx_HAL_Driver/Src/stm32f0xx_hal.o
                0x0000000020000d6c                uwTick
 COMMON         0x0000000020000d70      0x750 Src/BLE.o
                0x0000000020000d70                ble_receive_ready
                0x0000000020000d74                lastcase
                0x0000000020000d78                RX_BUFFER
                0x0000000020000df4                ble_tx_packet
                0x0000000020000ee4                RACERS
                0x0000000020000f5c                START_TIME
                0x0000000020000f60                first_pos_update
                0x0000000020000f64                FINISH_TIME
                0x0000000020000f68                update_time
                0x0000000020000f7c                task_send_ble_packet_handle
                0x0000000020000f80                cursor_y
                0x0000000020000f84                txBufferReadIndex
                0x0000000020000f88                num_racer_results
                0x0000000020000f8c                Y
                0x0000000020000f90                bgcolor
                0x0000000020000f92                DIST_FRACTION_SIZE
                0x0000000020000f94                text
                0x0000000020000fbc                textsize_x
                0x0000000020000fbd                update_pos
                0x0000000020000fbe                rotation
                0x0000000020000fc0                txBufferInsertIndex
                0x0000000020000fc4                task_receive_ble_packet_handle
                0x0000000020000fc8                _cp437
                0x0000000020000fcc                rxBuffer
                0x000000002000100c                DIST_FRACTION
                0x0000000020001020                txBuffer
                0x0000000020001420                Z
                0x0000000020001424                _width
                0x0000000020001428                RESULTS
                0x00000000200014a0                cursor_x
                0x00000000200014a2                wrap
                0x00000000200014a4                _height
                0x00000000200014a6                SCALE
                0x00000000200014a7                finish_pos
                0x00000000200014a8                read_params
                0x00000000200014b0                textbgcolor
                0x00000000200014b2                textsize_y
                0x00000000200014b4                textcolor
                0x00000000200014b8                POSITION
                0x00000000200014bc                X
 COMMON         0x00000000200014c0      0x218 Src/main.o
                0x00000000200014c0                hdma_usart2_rx
                0x0000000020001504                hi2c1
                0x0000000020001550                hdma_usart1_tx
                0x0000000020001594                hdma_usart1_rx
                0x00000000200015d8                huart1
                0x0000000020001658                huart2
 COMMON         0x00000000200016d8       0x40 Src/stm32f0xx_hal_timebase_tim.o
                0x00000000200016d8                htim1
                0x0000000020001718                . = ALIGN (0x4)
                0x0000000020001718                _ebss = .
                0x0000000020001718                __bss_end__ = _ebss

._user_heap_stack
                0x0000000020001718      0x600 load address 0x0000000008007e04
                0x0000000020001718                . = ALIGN (0x8)
                0x0000000020001718                PROVIDE (end = .)
                [!provide]                        PROVIDE (_end = .)
                0x0000000020001918                . = (. + _Min_Heap_Size)
 *fill*         0x0000000020001718      0x200 
                0x0000000020001d18                . = (. + _Min_Stack_Size)
 *fill*         0x0000000020001918      0x400 
                0x0000000020001d18                . = ALIGN (0x8)

/DISCARD/
 libc.a(*)
 libm.a(*)
 libgcc.a(*)

.ARM.attributes
                0x0000000000000000       0x28
 *(.ARM.attributes)
 .ARM.attributes
                0x0000000000000000       0x1e c:/st/stm32cubeide_1.0.2/stm32cubeide/plugins/com.st.stm32cube.ide.mcu.externaltools.gnu-tools-for-stm32.7-2018-q2-update.win32_1.0.0.201904181610/tools/bin/../lib/gcc/arm-none-eabi/7.3.1/thumb/v6-m/crti.o
 .ARM.attributes
                0x000000000000001e       0x2c c:/st/stm32cubeide_1.0.2/stm32cubeide/plugins/com.st.stm32cube.ide.mcu.externaltools.gnu-tools-for-stm32.7-2018-q2-update.win32_1.0.0.201904181610/tools/bin/../lib/gcc/arm-none-eabi/7.3.1/thumb/v6-m/crtbegin.o
 .ARM.attributes
                0x000000000000004a       0x31 Drivers/STM32F0xx_HAL_Driver/Src/stm32f0xx_hal.o
 .ARM.attributes
                0x000000000000007b       0x31 Drivers/STM32F0xx_HAL_Driver/Src/stm32f0xx_hal_cortex.o
 .ARM.attributes
                0x00000000000000ac       0x31 Drivers/STM32F0xx_HAL_Driver/Src/stm32f0xx_hal_dma.o
 .ARM.attributes
                0x00000000000000dd       0x31 Drivers/STM32F0xx_HAL_Driver/Src/stm32f0xx_hal_gpio.o
 .ARM.attributes
                0x000000000000010e       0x31 Drivers/STM32F0xx_HAL_Driver/Src/stm32f0xx_hal_i2c.o
 .ARM.attributes
                0x000000000000013f       0x31 Drivers/STM32F0xx_HAL_Driver/Src/stm32f0xx_hal_i2c_ex.o
 .ARM.attributes
                0x0000000000000170       0x31 Drivers/STM32F0xx_HAL_Driver/Src/stm32f0xx_hal_rcc.o
 .ARM.attributes
                0x00000000000001a1       0x31 Drivers/STM32F0xx_HAL_Driver/Src/stm32f0xx_hal_rcc_ex.o
 .ARM.attributes
                0x00000000000001d2       0x31 Drivers/STM32F0xx_HAL_Driver/Src/stm32f0xx_hal_tim.o
 .ARM.attributes
                0x0000000000000203       0x31 Drivers/STM32F0xx_HAL_Driver/Src/stm32f0xx_hal_tim_ex.o
 .ARM.attributes
                0x0000000000000234       0x31 Drivers/STM32F0xx_HAL_Driver/Src/stm32f0xx_hal_uart.o
 .ARM.attributes
                0x0000000000000265       0x31 Src/BLE.o
 .ARM.attributes
                0x0000000000000296       0x31 Src/GPS.o
 .ARM.attributes
                0x00000000000002c7       0x31 Src/LCD.o
 .ARM.attributes
                0x00000000000002f8       0x31 Src/LEDs.o
 .ARM.attributes
                0x0000000000000329       0x31 Src/MMA8452Q.o
 .ARM.attributes
                0x000000000000035a       0x31 Src/main.o
 .ARM.attributes
                0x000000000000038b       0x31 Src/racing_tasks.o
 .ARM.attributes
                0x00000000000003bc       0x31 Src/stm32f0xx_hal_msp.o
 .ARM.attributes
                0x00000000000003ed       0x31 Src/stm32f0xx_hal_timebase_tim.o
 .ARM.attributes
                0x000000000000041e       0x31 Src/stm32f0xx_it.o
 .ARM.attributes
                0x000000000000044f       0x31 Src/system_stm32f0xx.o
 .ARM.attributes
                0x0000000000000480       0x31 Src/FreeRTOS/Source/list.o
 .ARM.attributes
                0x00000000000004b1       0x31 Src/FreeRTOS/Source/queue.o
 .ARM.attributes
                0x00000000000004e2       0x31 Src/FreeRTOS/Source/tasks.o
 .ARM.attributes
                0x0000000000000513       0x31 Src/FreeRTOS/Source/portable/GCC/ARM_CM0/port.o
 .ARM.attributes
                0x0000000000000544       0x31 Src/FreeRTOS/Source/portable/MemMang/heap_4.o
 .ARM.attributes
                0x0000000000000575       0x21 Startup/startup_stm32f030r8tx.o
 .ARM.attributes
                0x0000000000000596       0x2c c:/st/stm32cubeide_1.0.2/stm32cubeide/plugins/com.st.stm32cube.ide.mcu.externaltools.gnu-tools-for-stm32.7-2018-q2-update.win32_1.0.0.201904181610/tools/bin/../lib/gcc/arm-none-eabi/7.3.1/../../../../arm-none-eabi/lib/thumb/v6-m\libc_nano.a(lib_a-init.o)
 .ARM.attributes
                0x00000000000005c2       0x2c c:/st/stm32cubeide_1.0.2/stm32cubeide/plugins/com.st.stm32cube.ide.mcu.externaltools.gnu-tools-for-stm32.7-2018-q2-update.win32_1.0.0.201904181610/tools/bin/../lib/gcc/arm-none-eabi/7.3.1/../../../../arm-none-eabi/lib/thumb/v6-m\libc_nano.a(lib_a-memcpy-stub.o)
 .ARM.attributes
                0x00000000000005ee       0x2c c:/st/stm32cubeide_1.0.2/stm32cubeide/plugins/com.st.stm32cube.ide.mcu.externaltools.gnu-tools-for-stm32.7-2018-q2-update.win32_1.0.0.201904181610/tools/bin/../lib/gcc/arm-none-eabi/7.3.1/../../../../arm-none-eabi/lib/thumb/v6-m\libc_nano.a(lib_a-memset.o)
 .ARM.attributes
                0x000000000000061a       0x2c c:/st/stm32cubeide_1.0.2/stm32cubeide/plugins/com.st.stm32cube.ide.mcu.externaltools.gnu-tools-for-stm32.7-2018-q2-update.win32_1.0.0.201904181610/tools/bin/../lib/gcc/arm-none-eabi/7.3.1/../../../../arm-none-eabi/lib/thumb/v6-m\libc_nano.a(lib_a-strcpy.o)
 .ARM.attributes
                0x0000000000000646       0x1c c:/st/stm32cubeide_1.0.2/stm32cubeide/plugins/com.st.stm32cube.ide.mcu.externaltools.gnu-tools-for-stm32.7-2018-q2-update.win32_1.0.0.201904181610/tools/bin/../lib/gcc/arm-none-eabi/7.3.1/../../../../arm-none-eabi/lib/thumb/v6-m\libc_nano.a(lib_a-strlen.o)
 .ARM.attributes
                0x0000000000000662       0x1e c:/st/stm32cubeide_1.0.2/stm32cubeide/plugins/com.st.stm32cube.ide.mcu.externaltools.gnu-tools-for-stm32.7-2018-q2-update.win32_1.0.0.201904181610/tools/bin/../lib/gcc/arm-none-eabi/7.3.1/thumb/v6-m\libgcc.a(_udivsi3.o)
 .ARM.attributes
                0x0000000000000680       0x1e c:/st/stm32cubeide_1.0.2/stm32cubeide/plugins/com.st.stm32cube.ide.mcu.externaltools.gnu-tools-for-stm32.7-2018-q2-update.win32_1.0.0.201904181610/tools/bin/../lib/gcc/arm-none-eabi/7.3.1/thumb/v6-m\libgcc.a(_dvmd_tls.o)
 .ARM.attributes
                0x000000000000069e       0x2c c:/st/stm32cubeide_1.0.2/stm32cubeide/plugins/com.st.stm32cube.ide.mcu.externaltools.gnu-tools-for-stm32.7-2018-q2-update.win32_1.0.0.201904181610/tools/bin/../lib/gcc/arm-none-eabi/7.3.1/thumb/v6-m\libgcc.a(_fixunssfsi.o)
 .ARM.attributes
                0x00000000000006ca       0x2c c:/st/stm32cubeide_1.0.2/stm32cubeide/plugins/com.st.stm32cube.ide.mcu.externaltools.gnu-tools-for-stm32.7-2018-q2-update.win32_1.0.0.201904181610/tools/bin/../lib/gcc/arm-none-eabi/7.3.1/thumb/v6-m\libgcc.a(addsf3.o)
 .ARM.attributes
                0x00000000000006f6       0x2c c:/st/stm32cubeide_1.0.2/stm32cubeide/plugins/com.st.stm32cube.ide.mcu.externaltools.gnu-tools-for-stm32.7-2018-q2-update.win32_1.0.0.201904181610/tools/bin/../lib/gcc/arm-none-eabi/7.3.1/thumb/v6-m\libgcc.a(divsf3.o)
 .ARM.attributes
                0x0000000000000722       0x2c c:/st/stm32cubeide_1.0.2/stm32cubeide/plugins/com.st.stm32cube.ide.mcu.externaltools.gnu-tools-for-stm32.7-2018-q2-update.win32_1.0.0.201904181610/tools/bin/../lib/gcc/arm-none-eabi/7.3.1/thumb/v6-m\libgcc.a(mulsf3.o)
 .ARM.attributes
                0x000000000000074e       0x2c c:/st/stm32cubeide_1.0.2/stm32cubeide/plugins/com.st.stm32cube.ide.mcu.externaltools.gnu-tools-for-stm32.7-2018-q2-update.win32_1.0.0.201904181610/tools/bin/../lib/gcc/arm-none-eabi/7.3.1/thumb/v6-m\libgcc.a(subsf3.o)
 .ARM.attributes
                0x000000000000077a       0x2c c:/st/stm32cubeide_1.0.2/stm32cubeide/plugins/com.st.stm32cube.ide.mcu.externaltools.gnu-tools-for-stm32.7-2018-q2-update.win32_1.0.0.201904181610/tools/bin/../lib/gcc/arm-none-eabi/7.3.1/thumb/v6-m\libgcc.a(fixsfsi.o)
 .ARM.attributes
                0x00000000000007a6       0x2c c:/st/stm32cubeide_1.0.2/stm32cubeide/plugins/com.st.stm32cube.ide.mcu.externaltools.gnu-tools-for-stm32.7-2018-q2-update.win32_1.0.0.201904181610/tools/bin/../lib/gcc/arm-none-eabi/7.3.1/thumb/v6-m\libgcc.a(floatsisf.o)
 .ARM.attributes
                0x00000000000007d2       0x2c c:/st/stm32cubeide_1.0.2/stm32cubeide/plugins/com.st.stm32cube.ide.mcu.externaltools.gnu-tools-for-stm32.7-2018-q2-update.win32_1.0.0.201904181610/tools/bin/../lib/gcc/arm-none-eabi/7.3.1/thumb/v6-m\libgcc.a(floatunsisf.o)
 .ARM.attributes
                0x00000000000007fe       0x1e c:/st/stm32cubeide_1.0.2/stm32cubeide/plugins/com.st.stm32cube.ide.mcu.externaltools.gnu-tools-for-stm32.7-2018-q2-update.win32_1.0.0.201904181610/tools/bin/../lib/gcc/arm-none-eabi/7.3.1/thumb/v6-m\libgcc.a(_arm_cmpsf2.o)
 .ARM.attributes
                0x000000000000081c       0x1e c:/st/stm32cubeide_1.0.2/stm32cubeide/plugins/com.st.stm32cube.ide.mcu.externaltools.gnu-tools-for-stm32.7-2018-q2-update.win32_1.0.0.201904181610/tools/bin/../lib/gcc/arm-none-eabi/7.3.1/thumb/v6-m\libgcc.a(_clzsi2.o)
 .ARM.attributes
                0x000000000000083a       0x2c c:/st/stm32cubeide_1.0.2/stm32cubeide/plugins/com.st.stm32cube.ide.mcu.externaltools.gnu-tools-for-stm32.7-2018-q2-update.win32_1.0.0.201904181610/tools/bin/../lib/gcc/arm-none-eabi/7.3.1/thumb/v6-m\libgcc.a(eqsf2.o)
 .ARM.attributes
                0x0000000000000866       0x2c c:/st/stm32cubeide_1.0.2/stm32cubeide/plugins/com.st.stm32cube.ide.mcu.externaltools.gnu-tools-for-stm32.7-2018-q2-update.win32_1.0.0.201904181610/tools/bin/../lib/gcc/arm-none-eabi/7.3.1/thumb/v6-m\libgcc.a(gesf2.o)
 .ARM.attributes
                0x0000000000000892       0x2c c:/st/stm32cubeide_1.0.2/stm32cubeide/plugins/com.st.stm32cube.ide.mcu.externaltools.gnu-tools-for-stm32.7-2018-q2-update.win32_1.0.0.201904181610/tools/bin/../lib/gcc/arm-none-eabi/7.3.1/thumb/v6-m\libgcc.a(lesf2.o)
 .ARM.attributes
                0x00000000000008be       0x1e c:/st/stm32cubeide_1.0.2/stm32cubeide/plugins/com.st.stm32cube.ide.mcu.externaltools.gnu-tools-for-stm32.7-2018-q2-update.win32_1.0.0.201904181610/tools/bin/../lib/gcc/arm-none-eabi/7.3.1/thumb/v6-m/crtn.o
OUTPUT(RemoteRacing.elf elf32-littlearm)

.comment        0x0000000000000000       0x7b
 .comment       0x0000000000000000       0x7b Drivers/STM32F0xx_HAL_Driver/Src/stm32f0xx_hal.o
                                         0x7c (size before relaxing)
 .comment       0x000000000000007b       0x7c Drivers/STM32F0xx_HAL_Driver/Src/stm32f0xx_hal_cortex.o
 .comment       0x000000000000007b       0x7c Drivers/STM32F0xx_HAL_Driver/Src/stm32f0xx_hal_dma.o
 .comment       0x000000000000007b       0x7c Drivers/STM32F0xx_HAL_Driver/Src/stm32f0xx_hal_gpio.o
 .comment       0x000000000000007b       0x7c Drivers/STM32F0xx_HAL_Driver/Src/stm32f0xx_hal_i2c.o
 .comment       0x000000000000007b       0x7c Drivers/STM32F0xx_HAL_Driver/Src/stm32f0xx_hal_i2c_ex.o
 .comment       0x000000000000007b       0x7c Drivers/STM32F0xx_HAL_Driver/Src/stm32f0xx_hal_rcc.o
 .comment       0x000000000000007b       0x7c Drivers/STM32F0xx_HAL_Driver/Src/stm32f0xx_hal_rcc_ex.o
 .comment       0x000000000000007b       0x7c Drivers/STM32F0xx_HAL_Driver/Src/stm32f0xx_hal_tim.o
 .comment       0x000000000000007b       0x7c Drivers/STM32F0xx_HAL_Driver/Src/stm32f0xx_hal_tim_ex.o
 .comment       0x000000000000007b       0x7c Drivers/STM32F0xx_HAL_Driver/Src/stm32f0xx_hal_uart.o
 .comment       0x000000000000007b       0x7c Src/BLE.o
 .comment       0x000000000000007b       0x7c Src/GPS.o
 .comment       0x000000000000007b       0x7c Src/LCD.o
 .comment       0x000000000000007b       0x7c Src/LEDs.o
 .comment       0x000000000000007b       0x7c Src/MMA8452Q.o
 .comment       0x000000000000007b       0x7c Src/main.o
 .comment       0x000000000000007b       0x7c Src/racing_tasks.o
 .comment       0x000000000000007b       0x7c Src/stm32f0xx_hal_msp.o
 .comment       0x000000000000007b       0x7c Src/stm32f0xx_hal_timebase_tim.o
 .comment       0x000000000000007b       0x7c Src/stm32f0xx_it.o
 .comment       0x000000000000007b       0x7c Src/system_stm32f0xx.o
 .comment       0x000000000000007b       0x7c Src/FreeRTOS/Source/list.o
 .comment       0x000000000000007b       0x7c Src/FreeRTOS/Source/queue.o
 .comment       0x000000000000007b       0x7c Src/FreeRTOS/Source/tasks.o
 .comment       0x000000000000007b       0x7c Src/FreeRTOS/Source/portable/GCC/ARM_CM0/port.o
 .comment       0x000000000000007b       0x7c Src/FreeRTOS/Source/portable/MemMang/heap_4.o

.debug_frame    0x0000000000000000      0x2c0
 .debug_frame   0x0000000000000000       0x2c c:/st/stm32cubeide_1.0.2/stm32cubeide/plugins/com.st.stm32cube.ide.mcu.externaltools.gnu-tools-for-stm32.7-2018-q2-update.win32_1.0.0.201904181610/tools/bin/../lib/gcc/arm-none-eabi/7.3.1/../../../../arm-none-eabi/lib/thumb/v6-m\libc_nano.a(lib_a-init.o)
 .debug_frame   0x000000000000002c       0x28 c:/st/stm32cubeide_1.0.2/stm32cubeide/plugins/com.st.stm32cube.ide.mcu.externaltools.gnu-tools-for-stm32.7-2018-q2-update.win32_1.0.0.201904181610/tools/bin/../lib/gcc/arm-none-eabi/7.3.1/../../../../arm-none-eabi/lib/thumb/v6-m\libc_nano.a(lib_a-memcpy-stub.o)
 .debug_frame   0x0000000000000054       0x20 c:/st/stm32cubeide_1.0.2/stm32cubeide/plugins/com.st.stm32cube.ide.mcu.externaltools.gnu-tools-for-stm32.7-2018-q2-update.win32_1.0.0.201904181610/tools/bin/../lib/gcc/arm-none-eabi/7.3.1/../../../../arm-none-eabi/lib/thumb/v6-m\libc_nano.a(lib_a-memset.o)
 .debug_frame   0x0000000000000074       0x20 c:/st/stm32cubeide_1.0.2/stm32cubeide/plugins/com.st.stm32cube.ide.mcu.externaltools.gnu-tools-for-stm32.7-2018-q2-update.win32_1.0.0.201904181610/tools/bin/../lib/gcc/arm-none-eabi/7.3.1/../../../../arm-none-eabi/lib/thumb/v6-m\libc_nano.a(lib_a-strcpy.o)
 .debug_frame   0x0000000000000094       0x20 c:/st/stm32cubeide_1.0.2/stm32cubeide/plugins/com.st.stm32cube.ide.mcu.externaltools.gnu-tools-for-stm32.7-2018-q2-update.win32_1.0.0.201904181610/tools/bin/../lib/gcc/arm-none-eabi/7.3.1/thumb/v6-m\libgcc.a(_udivsi3.o)
 .debug_frame   0x00000000000000b4       0x28 c:/st/stm32cubeide_1.0.2/stm32cubeide/plugins/com.st.stm32cube.ide.mcu.externaltools.gnu-tools-for-stm32.7-2018-q2-update.win32_1.0.0.201904181610/tools/bin/../lib/gcc/arm-none-eabi/7.3.1/thumb/v6-m\libgcc.a(_fixunssfsi.o)
 .debug_frame   0x00000000000000dc       0x38 c:/st/stm32cubeide_1.0.2/stm32cubeide/plugins/com.st.stm32cube.ide.mcu.externaltools.gnu-tools-for-stm32.7-2018-q2-update.win32_1.0.0.201904181610/tools/bin/../lib/gcc/arm-none-eabi/7.3.1/thumb/v6-m\libgcc.a(addsf3.o)
 .debug_frame   0x0000000000000114       0x3c c:/st/stm32cubeide_1.0.2/stm32cubeide/plugins/com.st.stm32cube.ide.mcu.externaltools.gnu-tools-for-stm32.7-2018-q2-update.win32_1.0.0.201904181610/tools/bin/../lib/gcc/arm-none-eabi/7.3.1/thumb/v6-m\libgcc.a(divsf3.o)
 .debug_frame   0x0000000000000150       0x3c c:/st/stm32cubeide_1.0.2/stm32cubeide/plugins/com.st.stm32cube.ide.mcu.externaltools.gnu-tools-for-stm32.7-2018-q2-update.win32_1.0.0.201904181610/tools/bin/../lib/gcc/arm-none-eabi/7.3.1/thumb/v6-m\libgcc.a(mulsf3.o)
 .debug_frame   0x000000000000018c       0x38 c:/st/stm32cubeide_1.0.2/stm32cubeide/plugins/com.st.stm32cube.ide.mcu.externaltools.gnu-tools-for-stm32.7-2018-q2-update.win32_1.0.0.201904181610/tools/bin/../lib/gcc/arm-none-eabi/7.3.1/thumb/v6-m\libgcc.a(subsf3.o)
 .debug_frame   0x00000000000001c4       0x20 c:/st/stm32cubeide_1.0.2/stm32cubeide/plugins/com.st.stm32cube.ide.mcu.externaltools.gnu-tools-for-stm32.7-2018-q2-update.win32_1.0.0.201904181610/tools/bin/../lib/gcc/arm-none-eabi/7.3.1/thumb/v6-m\libgcc.a(fixsfsi.o)
 .debug_frame   0x00000000000001e4       0x2c c:/st/stm32cubeide_1.0.2/stm32cubeide/plugins/com.st.stm32cube.ide.mcu.externaltools.gnu-tools-for-stm32.7-2018-q2-update.win32_1.0.0.201904181610/tools/bin/../lib/gcc/arm-none-eabi/7.3.1/thumb/v6-m\libgcc.a(floatsisf.o)
 .debug_frame   0x0000000000000210       0x2c c:/st/stm32cubeide_1.0.2/stm32cubeide/plugins/com.st.stm32cube.ide.mcu.externaltools.gnu-tools-for-stm32.7-2018-q2-update.win32_1.0.0.201904181610/tools/bin/../lib/gcc/arm-none-eabi/7.3.1/thumb/v6-m\libgcc.a(floatunsisf.o)
 .debug_frame   0x000000000000023c       0x2c c:/st/stm32cubeide_1.0.2/stm32cubeide/plugins/com.st.stm32cube.ide.mcu.externaltools.gnu-tools-for-stm32.7-2018-q2-update.win32_1.0.0.201904181610/tools/bin/../lib/gcc/arm-none-eabi/7.3.1/thumb/v6-m\libgcc.a(eqsf2.o)
 .debug_frame   0x0000000000000268       0x2c c:/st/stm32cubeide_1.0.2/stm32cubeide/plugins/com.st.stm32cube.ide.mcu.externaltools.gnu-tools-for-stm32.7-2018-q2-update.win32_1.0.0.201904181610/tools/bin/../lib/gcc/arm-none-eabi/7.3.1/thumb/v6-m\libgcc.a(gesf2.o)
 .debug_frame   0x0000000000000294       0x2c c:/st/stm32cubeide_1.0.2/stm32cubeide/plugins/com.st.stm32cube.ide.mcu.externaltools.gnu-tools-for-stm32.7-2018-q2-update.win32_1.0.0.201904181610/tools/bin/../lib/gcc/arm-none-eabi/7.3.1/thumb/v6-m\libgcc.a(lesf2.o)
