MMA8452Q.c:107:6:writeRegisters	24	static
MMA8452Q.c:112:6:writeRegister	16	static
MMA8452Q.c:122:6:readRegisters	24	static
MMA8452Q.c:95:6:read	24	static
MMA8452Q.c:116:9:readRegister	16	static
MMA8452Q.c:64:6:standby	8	static
MMA8452Q.c:71:6:active	8	static
MMA8452Q.c:78:9:isActive	8	static
MMA8452Q.c:27:6:setScale	8	static
MMA8452Q.c:47:6:setDataRate	8	static
MMA8452Q.c:6:9:initMMA8452Q	16	static
MMA8452Q.c:90:9:available	8	static
MMA8452Q.c:127:7:getRawX	16	static
MMA8452Q.c:134:7:getRawY	16	static
MMA8452Q.c:141:7:getRawZ	16	static
MMA8452Q.c:148:7:getX	8	static
MMA8452Q.c:154:7:getY	8	static
MMA8452Q.c:160:7:getZ	8	static
