Archive member included to satisfy reference by file (symbol)

c:/st/stm32cubeide_1.0.2/stm32cubeide/plugins/com.st.stm32cube.ide.mcu.externaltools.gnu-tools-for-stm32.7-2018-q2-update.win32_1.0.0.201904181610/tools/bin/../lib/gcc/arm-none-eabi/7.3.1/../../../../arm-none-eabi/lib/thumb/v6-m\libc_nano.a(lib_a-errno.o)
                              Src/syscalls.o (__errno)
c:/st/stm32cubeide_1.0.2/stm32cubeide/plugins/com.st.stm32cube.ide.mcu.externaltools.gnu-tools-for-stm32.7-2018-q2-update.win32_1.0.0.201904181610/tools/bin/../lib/gcc/arm-none-eabi/7.3.1/../../../../arm-none-eabi/lib/thumb/v6-m\libc_nano.a(lib_a-exit.o)
                              c:/st/stm32cubeide_1.0.2/stm32cubeide/plugins/com.st.stm32cube.ide.mcu.externaltools.gnu-tools-for-stm32.7-2018-q2-update.win32_1.0.0.201904181610/tools/bin/../lib/gcc/arm-none-eabi/7.3.1/../../../../arm-none-eabi/lib/thumb/v6-m/crt0.o (exit)
c:/st/stm32cubeide_1.0.2/stm32cubeide/plugins/com.st.stm32cube.ide.mcu.externaltools.gnu-tools-for-stm32.7-2018-q2-update.win32_1.0.0.201904181610/tools/bin/../lib/gcc/arm-none-eabi/7.3.1/../../../../arm-none-eabi/lib/thumb/v6-m\libc_nano.a(lib_a-impure.o)
                              c:/st/stm32cubeide_1.0.2/stm32cubeide/plugins/com.st.stm32cube.ide.mcu.externaltools.gnu-tools-for-stm32.7-2018-q2-update.win32_1.0.0.201904181610/tools/bin/../lib/gcc/arm-none-eabi/7.3.1/../../../../arm-none-eabi/lib/thumb/v6-m\libc_nano.a(lib_a-exit.o) (_global_impure_ptr)
c:/st/stm32cubeide_1.0.2/stm32cubeide/plugins/com.st.stm32cube.ide.mcu.externaltools.gnu-tools-for-stm32.7-2018-q2-update.win32_1.0.0.201904181610/tools/bin/../lib/gcc/arm-none-eabi/7.3.1/../../../../arm-none-eabi/lib/thumb/v6-m\libc_nano.a(lib_a-init.o)
                              c:/st/stm32cubeide_1.0.2/stm32cubeide/plugins/com.st.stm32cube.ide.mcu.externaltools.gnu-tools-for-stm32.7-2018-q2-update.win32_1.0.0.201904181610/tools/bin/../lib/gcc/arm-none-eabi/7.3.1/../../../../arm-none-eabi/lib/thumb/v6-m/crt0.o (__libc_init_array)
c:/st/stm32cubeide_1.0.2/stm32cubeide/plugins/com.st.stm32cube.ide.mcu.externaltools.gnu-tools-for-stm32.7-2018-q2-update.win32_1.0.0.201904181610/tools/bin/../lib/gcc/arm-none-eabi/7.3.1/../../../../arm-none-eabi/lib/thumb/v6-m\libc_nano.a(lib_a-memcpy-stub.o)
                              Src/GPS.o (memcpy)
c:/st/stm32cubeide_1.0.2/stm32cubeide/plugins/com.st.stm32cube.ide.mcu.externaltools.gnu-tools-for-stm32.7-2018-q2-update.win32_1.0.0.201904181610/tools/bin/../lib/gcc/arm-none-eabi/7.3.1/../../../../arm-none-eabi/lib/thumb/v6-m\libc_nano.a(lib_a-memset.o)
                              c:/st/stm32cubeide_1.0.2/stm32cubeide/plugins/com.st.stm32cube.ide.mcu.externaltools.gnu-tools-for-stm32.7-2018-q2-update.win32_1.0.0.201904181610/tools/bin/../lib/gcc/arm-none-eabi/7.3.1/../../../../arm-none-eabi/lib/thumb/v6-m/crt0.o (memset)
c:/st/stm32cubeide_1.0.2/stm32cubeide/plugins/com.st.stm32cube.ide.mcu.externaltools.gnu-tools-for-stm32.7-2018-q2-update.win32_1.0.0.201904181610/tools/bin/../lib/gcc/arm-none-eabi/7.3.1/../../../../arm-none-eabi/lib/thumb/v6-m\libc_nano.a(lib_a-strcpy.o)
                              Src/LCD.o (strcpy)
c:/st/stm32cubeide_1.0.2/stm32cubeide/plugins/com.st.stm32cube.ide.mcu.externaltools.gnu-tools-for-stm32.7-2018-q2-update.win32_1.0.0.201904181610/tools/bin/../lib/gcc/arm-none-eabi/7.3.1/../../../../arm-none-eabi/lib/thumb/v6-m\libc_nano.a(lib_a-strlen.o)
                              Src/LCD.o (strlen)
c:/st/stm32cubeide_1.0.2/stm32cubeide/plugins/com.st.stm32cube.ide.mcu.externaltools.gnu-tools-for-stm32.7-2018-q2-update.win32_1.0.0.201904181610/tools/bin/../lib/gcc/arm-none-eabi/7.3.1/thumb/v6-m\libgcc.a(_udivsi3.o)
                              Drivers/STM32F0xx_HAL_Driver/Src/stm32f0xx_hal.o (__aeabi_uidiv)
c:/st/stm32cubeide_1.0.2/stm32cubeide/plugins/com.st.stm32cube.ide.mcu.externaltools.gnu-tools-for-stm32.7-2018-q2-update.win32_1.0.0.201904181610/tools/bin/../lib/gcc/arm-none-eabi/7.3.1/thumb/v6-m\libgcc.a(_dvmd_tls.o)
                              c:/st/stm32cubeide_1.0.2/stm32cubeide/plugins/com.st.stm32cube.ide.mcu.externaltools.gnu-tools-for-stm32.7-2018-q2-update.win32_1.0.0.201904181610/tools/bin/../lib/gcc/arm-none-eabi/7.3.1/thumb/v6-m\libgcc.a(_udivsi3.o) (__aeabi_idiv0)
c:/st/stm32cubeide_1.0.2/stm32cubeide/plugins/com.st.stm32cube.ide.mcu.externaltools.gnu-tools-for-stm32.7-2018-q2-update.win32_1.0.0.201904181610/tools/bin/../lib/gcc/arm-none-eabi/7.3.1/thumb/v6-m\libgcc.a(_fixunssfsi.o)
                              Src/racing_tasks.o (__aeabi_f2uiz)
c:/st/stm32cubeide_1.0.2/stm32cubeide/plugins/com.st.stm32cube.ide.mcu.externaltools.gnu-tools-for-stm32.7-2018-q2-update.win32_1.0.0.201904181610/tools/bin/../lib/gcc/arm-none-eabi/7.3.1/thumb/v6-m\libgcc.a(addsf3.o)
                              Src/racing_tasks.o (__aeabi_fadd)
[...]
Memory Configuration

Name             Origin             Length             Attributes
RAM              0x0000000020000000 0x0000000000002000 xrw
FLASH            0x0000000008000000 0x0000000000010000 xr
*default*        0x0000000000000000 0xffffffffffffffff

Linker script and memory map

LOAD c:/st/stm32cubeide_1.0.2/stm32cubeide/plugins/com.st.stm32cube.ide.mcu.externaltools.gnu-tools-for-stm32.7-2018-q2-update.win32_1.0.0.201904181610/tools/bin/../lib/gcc/arm-none-eabi/7.3.1/thumb/v6-m/crti.o
LOAD c:/st/stm32cubeide_1.0.2/stm32cubeide/plugins/com.st.stm32cube.ide.mcu.externaltools.gnu-tools-for-stm32.7-2018-q2-update.win32_1.0.0.201904181610/tools/bin/../lib/gcc/arm-none-eabi/7.3.1/thumb/v6-m/crtbegin.o
LOAD c:/st/stm32cubeide_1.0.2/stm32cubeide/plugins/com.st.stm32cube.ide.mcu.externaltools.gnu-tools-for-stm32.7-2018-q2-update.win32_1.0.0.201904181610/tools/bin/../lib/gcc/arm-none-eabi/7.3.1/../../../../arm-none-eabi/lib/thumb/v6-m/crt0.o
LOAD Drivers/STM32F0xx_HAL_Driver/Src/stm32f0xx_hal.o
LOAD Drivers/STM32F0xx_HAL_Driver/Src/stm32f0xx_hal_cortex.o
LOAD Drivers/STM32F0xx_HAL_Driver/Src/stm32f0xx_hal_dma.o
LOAD Drivers/STM32F0xx_HAL_Driver/Src/stm32f0xx_hal_exti.o
LOAD Drivers/STM32F0xx_HAL_Driver/Src/stm32f0xx_hal_flash.o
LOAD Drivers/STM32F0xx_HAL_Driver/Src/stm32f0xx_hal_flash_ex.o
LOAD Drivers/STM32F0xx_HAL_Driver/Src/stm32f0xx_hal_gpio.o
LOAD Drivers/STM32F0xx_HAL_Driver/Src/stm32f0xx_hal_i2c.o
LOAD Drivers/STM32F0xx_HAL_Driver/Src/stm32f0xx_hal_i2c_ex.o
LOAD Drivers/STM32F0xx_HAL_Driver/Src/stm32f0xx_hal_pwr.o
LOAD Drivers/STM32F0xx_HAL_Driver/Src/stm32f0xx_hal_pwr_ex.o
LOAD Drivers/STM32F0xx_HAL_Driver/Src/stm32f0xx_hal_rcc.o
LOAD Drivers/STM32F0xx_HAL_Driver/Src/stm32f0xx_hal_rcc_ex.o
LOAD Drivers/STM32F0xx_HAL_Driver/Src/stm32f0xx_hal_tim.o
LOAD Drivers/STM32F0xx_HAL_Driver/Src/stm32f0xx_hal_tim_ex.o
LOAD Drivers/STM32F0xx_HAL_Driver/Src/stm32f0xx_hal_uart.o
LOAD Drivers/STM32F0xx_HAL_Driver/Src/stm32f0xx_hal_uart_ex.o
LOAD Src/BLE.o
LOAD Src/GPS.o
LOAD Src/LCD.o
LOAD Src/LEDs.o
LOAD Src/MMA8452Q.o
LOAD Src/freertos.o
LOAD Src/main.o
LOAD Src/racing_tasks.o
LOAD Src/stm32f0xx_hal_msp.o
LOAD Src/stm32f0xx_hal_timebase_tim.o
LOAD Src/stm32f0xx_it.o
LOAD Src/syscalls.o
LOAD Src/sysmem.o
LOAD Src/system_stm32f0xx.o
LOAD Src/FreeRTOS/Source/CMSIS_RTOS/cmsis_os.o
LOAD Src/FreeRTOS/Source/croutine.o
LOAD Src/FreeRTOS/Source/event_groups.o
LOAD Src/FreeRTOS/Source/list.o
LOAD Src/FreeRTOS/Source/queue.o
LOAD Src/FreeRTOS/Source/tasks.o
LOAD Src/FreeRTOS/Source/timers.o
LOAD Src/FreeRTOS/Source/portable/GCC/ARM_CM0/port.o
LOAD Src/FreeRTOS/Source/portable/MemMang/heap_4.o
LOAD Startup/startup_stm32f030r8tx.o
START GROUP
LOAD c:/st/stm32cubeide_1.0.2/stm32cubeide/plugins/com.st.stm32cube.ide.mcu.externaltools.gnu-tools-for-stm32.7-2018-q2-update.win32_1.0.0.201904181610/tools/bin/../lib/gcc/arm-none-eabi/7.3.1/../../../../arm-none-eabi/lib/thumb/v6-m\libc_nano.a
LOAD c:/st/stm32cubeide_1.0.2/stm32cubeide/plugins/com.st.stm32cube.ide.mcu.externaltools.gnu-tools-for-stm32.7-2018-q2-update.win32_1.0.0.201904181610/tools/bin/../lib/gcc/arm-none-eabi/7.3.1/../../../../arm-none-eabi/lib/thumb/v6-m\libm.a
END GROUP
START GROUP
LOAD c:/st/stm32cubeide_1.0.2/stm32cubeide/plugins/com.st.stm32cube.ide.mcu.externaltools.gnu-tools-for-stm32.7-2018-q2-update.win32_1.0.0.201904181610/tools/bin/../lib/gcc/arm-none-eabi/7.3.1/thumb/v6-m\libgcc.a
LOAD c:/st/stm32cubeide_1.0.2/stm32cubeide/plugins/com.st.stm32cube.ide.mcu.externaltools.gnu-tools-for-stm32.7-2018-q2-update.win32_1.0.0.201904181610/tools/bin/../lib/gcc/arm-none-eabi/7.3.1/../../../../arm-none-eabi/lib/thumb/v6-m\libc_nano.a
END GROUP
START GROUP
LOAD c:/st/stm32cubeide_1.0.2/stm32cubeide/plugins/com.st.stm32cube.ide.mcu.externaltools.gnu-tools-for-stm32.7-2018-q2-update.win32_1.0.0.201904181610/tools/bin/../lib/gcc/arm-none-eabi/7.3.1/thumb/v6-m\libgcc.a
LOAD c:/st/stm32cubeide_1.0.2/stm32cubeide/plugins/com.st.stm32cube.ide.mcu.externaltools.gnu-tools-for-stm32.7-2018-q2-update.win32_1.0.0.201904181610/tools/bin/../lib/gcc/arm-none-eabi/7.3.1/../../../../arm-none-eabi/lib/thumb/v6-m\libc_nano.a
LOAD c:/st/stm32cubeide_1.0.2/stm32cubeide/plugins/com.st.stm32cube.ide.mcu.externaltools.gnu-tools-for-stm32.7-2018-q2-update.win32_1.0.0.201904181610/tools/bin/../lib/gcc/arm-none-eabi/7.3.1/../../../../arm-none-eabi/lib/thumb/v6-m\libnosys.a
END GROUP
START GROUP
LOAD c:/st/stm32cubeide_1.0.2/stm32cubeide/plugins/com.st.stm32cube.ide.mcu.externaltools.gnu-tools-for-stm32.7-2018-q2-update.win32_1.0.0.201904181610/tools/bin/../lib/gcc/arm-none-eabi/7.3.1/thumb/v6-m\libgcc.a
LOAD c:/st/stm32cubeide_1.0.2/stm32cubeide/plugins/com.st.stm32cube.ide.mcu.externaltools.gnu-tools-for-stm32.7-2018-q2-update.win32_1.0.0.201904181610/tools/bin/../lib/gcc/arm-none-eabi/7.3.1/../../../../arm-none-eabi/lib/thumb/v6-m\libc_nano.a
LOAD c:/st/stm32cubeide_1.0.2/stm32cubeide/plugins/com.st.stm32cube.ide.mcu.externaltools.gnu-tools-for-stm32.7-2018-q2-update.win32_1.0.0.201904181610/tools/bin/../lib/gcc/arm-none-eabi/7.3.1/../../../../arm-none-eabi/lib/thumb/v6-m\libnosys.a
END GROUP
LOAD c:/st/stm32cubeide_1.0.2/stm32cubeide/plugins/com.st.stm32cube.ide.mcu.externaltools.gnu-tools-for-stm32.7-2018-q2-update.win32_1.0.0.201904181610/tools/bin/../lib/gcc/arm-none-eabi/7.3.1/thumb/v6-m/crtend.o
LOAD c:/st/stm32cubeide_1.0.2/stm32cubeide/plugins/com.st.stm32cube.ide.mcu.externaltools.gnu-tools-for-stm32.7-2018-q2-update.win32_1.0.0.201904181610/tools/bin/../lib/gcc/arm-none-eabi/7.3.1/thumb/v6-m/crtn.o
                0x0000000020002000                _estack = 0x20002000
                0x0000000000000200                _Min_Heap_Size = 0x200
                0x0000000000000400                _Min_Stack_Size = 0x400

.isr_vector     0x0000000008000000       0xc0
                0x0000000008000000                . = ALIGN (0x4)
 *(.isr_vector)
 .isr_vector    0x0000000008000000       0xc0 Startup/startup_stm32f030r8tx.o
                0x0000000008000000                g_pfnVectors
                0x00000000080000c0                . = ALIGN (0x4)

.text           0x00000000080000c0     0x8d14
                0x00000000080000c0                . = ALIGN (0x4)
 *(.text)
 .text          0x00000000080000c0       0x48 c:/st/stm32cubeide_1.0.2/stm32cubeide/plugins/com.st.stm32cube.ide.mcu.externaltools.gnu-tools-for-stm32.7-2018-q2-update.win32_1.0.0.201904181610/tools/bin/../lib/gcc/arm-none-eabi/7.3.1/thumb/v6-m/crtbegin.o
 .text          0x0000000008000108        0xe c:/st/stm32cubeide_1.0.2/stm32cubeide/plugins/com.st.stm32cube.ide.mcu.externaltools.gnu-tools-for-stm32.7-2018-q2-update.win32_1.0.0.201904181610/tools/bin/../lib/gcc/arm-none-eabi/7.3.1/../../../../arm-none-eabi/lib/thumb/v6-m\libc_nano.a(lib_a-strlen.o)
                0x0000000008000108                strlen
 *fill*         0x0000000008000116        0x2 
 .text          0x0000000008000118      0x114 c:/st/stm32cubeide_1.0.2/stm32cubeide/plugins/com.st.stm32cube.ide.mcu.externaltools.gnu-tools-for-stm32.7-2018-q2-update.win32_1.0.0.201904181610/tools/bin/../lib/gcc/arm-none-eabi/7.3.1/thumb/v6-m\libgcc.a(_udivsi3.o)
                0x0000000008000118                __aeabi_uidiv
                0x0000000008000118                __udivsi3
                0x0000000008000224                __aeabi_uidivmod
 .text          0x000000000800022c        0x4 c:/st/stm32cubeide_1.0.2/stm32cubeide/plugins/com.st.stm32cube.ide.mcu.externaltools.gnu-tools-for-stm32.7-2018-q2-update.win32_1.0.0.201904181610/tools/bin/../lib/gcc/arm-none-eabi/7.3.1/thumb/v6-m\libgcc.a(_dvmd_tls.o)
                0x000000000800022c                __aeabi_idiv0
                0x000000000800022c                __aeabi_ldiv0
 .text          0x0000000008000230       0x30 c:/st/stm32cubeide_1.0.2/stm32cubeide/plugins/com.st.stm32cube.ide.mcu.externaltools.gnu-tools-for-stm32.7-2018-q2-update.win32_1.0.0.201904181610/tools/bin/../lib/gcc/arm-none-eabi/7.3.1/thumb/v6-m\libgcc.a(_fixunssfsi.o)
                0x0000000008000230                __fixunssfsi
                0x0000000008000230                __aeabi_f2uiz
 .text          0x0000000008000260      0x334 c:/st/stm32cubeide_1.0.2/stm32cubeide/plugins/com.st.stm32cube.ide.mcu.externaltools.gnu-tools-for-stm32.7-2018-q2-update.win32_1.0.0.201904181610/tools/bin/../lib/gcc/arm-none-eabi/7.3.1/thumb/v6-m\libgcc.a(addsf3.o)
                0x0000000008000260                __aeabi_fadd
 .text          0x0000000008000594      0x224 c:/st/stm32cubeide_1.0.2/stm32cubeide/plugins/com.st.stm32cube.ide.mcu.externaltools.gnu-tools-for-stm32.7-2018-q2-update.win32_1.0.0.201904181610/tools/bin/../lib/gcc/arm-none-eabi/7.3.1/thumb/v6-m\libgcc.a(divsf3.o)
                0x0000000008000594                __aeabi_fdiv
 .text          0x00000000080007b8      0x264 c:/st/stm32cubeide_1.0.2/stm32cubeide/plugins/com.st.stm32cube.ide.mcu.externaltools.gnu-tools-for-stm32.7-2018-q2-update.win32_1.0.0.201904181610/tools/bin/../lib/gcc/arm-none-eabi/7.3.1/thumb/v6-m\libgcc.a(mulsf3.o)
                0x00000000080007b8                __aeabi_fmul
 .text          0x0000000008000a1c      0x388 c:/st/stm32cubeide_1.0.2/stm32cubeide/plugins/com.st.stm32cube.ide.mcu.externaltools.gnu-tools-for-stm32.7-2018-q2-update.win32_1.0.0.201904181610/tools/bin/../lib/gcc/arm-none-eabi/7.3.1/thumb/v6-m\libgcc.a(subsf3.o)
                0x0000000008000a1c                __aeabi_fsub
 .text          0x0000000008000da4       0x40 c:/st/stm32cubeide_1.0.2/stm32cubeide/plugins/com.st.stm32cube.ide.mcu.externaltools.gnu-tools-for-stm32.7-2018-q2-update.win32_1.0.0.201904181610/tools/bin/../lib/gcc/arm-none-eabi/7.3.1/thumb/v6-m\libgcc.a(fixsfsi.o)
                0x0000000008000da4                __aeabi_f2iz
 .text          0x0000000008000de4       0x94 c:/st/stm32cubeide_1.0.2/stm32cubeide/plugins/com.st.stm32cube.ide.mcu.externaltools.gnu-tools-for-stm32.7-2018-q2-update.win32_1.0.0.201904181610/tools/bin/../lib/gcc/arm-none-eabi/7.3.1/thumb/v6-m\libgcc.a(floatsisf.o)
                0x0000000008000de4                __aeabi_i2f
 .text          0x0000000008000e78       0x80 c:/st/stm32cubeide_1.0.2/stm32cubeide/plugins/com.st.stm32cube.ide.mcu.externaltools.gnu-tools-for-stm32.7-2018-q2-update.win32_1.0.0.201904181610/tools/bin/../lib/gcc/arm-none-eabi/7.3.1/thumb/v6-m\libgcc.a(floatunsisf.o)
                0x0000000008000e78                __aeabi_ui2f
 .text          0x0000000008000ef8       0x74 c:/st/stm32cubeide_1.0.2/stm32cubeide/plugins/com.st.stm32cube.ide.mcu.externaltools.gnu-tools-for-stm32.7-2018-q2-update.win32_1.0.0.201904181610/tools/bin/../lib/gcc/arm-none-eabi/7.3.1/thumb/v6-m\libgcc.a(_arm_cmpsf2.o)
                0x0000000008000ef8                __aeabi_cfrcmple
                0x0000000008000f00                __aeabi_cfcmpeq
                0x0000000008000f00                __aeabi_cfcmple
                0x0000000008000f10                __aeabi_fcmpeq
                0x0000000008000f1c                __aeabi_fcmplt
                0x0000000008000f30                __aeabi_fcmple
                0x0000000008000f44                __aeabi_fcmpgt
                0x0000000008000f58                __aeabi_fcmpge
 .text          0x0000000008000f6c       0x3c c:/st/stm32cubeide_1.0.2/stm32cubeide/plugins/com.st.stm32cube.ide.mcu.externaltools.gnu-tools-for-stm32.7-2018-q2-update.win32_1.0.0.201904181610/tools/bin/../lib/gcc/arm-none-eabi/7.3.1/thumb/v6-m\libgcc.a(_clzsi2.o)
                0x0000000008000f6c                __clzsi2
 .text          0x0000000008000fa8       0x50 c:/st/stm32cubeide_1.0.2/stm32cubeide/plugins/com.st.stm32cube.ide.mcu.externaltools.gnu-tools-for-stm32.7-2018-q2-update.win32_1.0.0.201904181610/tools/bin/../lib/gcc/arm-none-eabi/7.3.1/thumb/v6-m\libgcc.a(eqsf2.o)
                0x0000000008000fa8                __eqsf2
                0x0000000008000fa8                __nesf2
 .text          0x0000000008000ff8       0x9c c:/st/stm32cubeide_1.0.2/stm32cubeide/plugins/com.st.stm32cube.ide.mcu.externaltools.gnu-tools-for-stm32.7-2018-q2-update.win32_1.0.0.201904181610/tools/bin/../lib/gcc/arm-none-eabi/7.3.1/thumb/v6-m\libgcc.a(gesf2.o)
                0x0000000008000ff8                __gesf2
                0x0000000008000ff8                __gtsf2
 .text          0x0000000008001094       0xa0 c:/st/stm32cubeide_1.0.2/stm32cubeide/plugins/com.st.stm32cube.ide.mcu.externaltools.gnu-tools-for-stm32.7-2018-q2-update.win32_1.0.0.201904181610/tools/bin/../lib/gcc/arm-none-eabi/7.3.1/thumb/v6-m\libgcc.a(lesf2.o)
                0x0000000008001094                __ltsf2
                0x0000000008001094                __lesf2
 *(.text*)
 .text.HAL_Init
                0x0000000008001134       0x28 Drivers/STM32F0xx_HAL_Driver/Src/stm32f0xx_hal.o
                0x0000000008001134                HAL_Init
 .text.HAL_IncTick
                0x000000000800115c       0x24 Drivers/STM32F0xx_HAL_Driver/Src/stm32f0xx_hal.o
                0x000000000800115c                HAL_IncTick
 .text.HAL_GetTick
                0x0000000008001180       0x14 Drivers/STM32F0xx_HAL_Driver/Src/stm32f0xx_hal.o
                0x0000000008001180                HAL_GetTick
 .text.HAL_Delay
                0x0000000008001194       0x44 Drivers/STM32F0xx_HAL_Driver/Src/stm32f0xx_hal.o
                0x0000000008001194                HAL_Delay
 .text.__NVIC_EnableIRQ
                0x00000000080011d8       0x34 Drivers/STM32F0xx_HAL_Driver/Src/stm32f0xx_hal_cortex.o
 .text.__NVIC_SetPriority
                0x000000000800120c       0xdc Drivers/STM32F0xx_HAL_Driver/Src/stm32f0xx_hal_cortex.o
 .text.HAL_NVIC_SetPriority
                0x00000000080012e8       0x2a Drivers/STM32F0xx_HAL_Driver/Src/stm32f0xx_hal_cortex.o
                0x00000000080012e8                HAL_NVIC_SetPriority
 .text.HAL_NVIC_EnableIRQ
                0x0000000008001312       0x20 Drivers/STM32F0xx_HAL_Driver/Src/stm32f0xx_hal_cortex.o
                0x0000000008001312                HAL_NVIC_EnableIRQ
 *fill*         0x0000000008001332        0x2 
 .text.HAL_DMA_Init
                0x0000000008001334       0x90 Drivers/STM32F0xx_HAL_Driver/Src/stm32f0xx_hal_dma.o
                0x0000000008001334                HAL_DMA_Init
 .text.HAL_DMA_Start_IT
                0x00000000080013c4       0xcc Drivers/STM32F0xx_HAL_Driver/Src/stm32f0xx_hal_dma.o
                0x00000000080013c4                HAL_DMA_Start_IT
 .text.HAL_DMA_Abort_IT
                0x0000000008001490       0x8c Drivers/STM32F0xx_HAL_Driver/Src/stm32f0xx_hal_dma.o
                0x0000000008001490                HAL_DMA_Abort_IT
 .text.HAL_DMA_IRQHandler
                0x000000000800151c      0x144 Drivers/STM32F0xx_HAL_Driver/Src/stm32f0xx_hal_dma.o
                0x000000000800151c                HAL_DMA_IRQHandler
 .text.DMA_SetConfig
                0x0000000008001660       0x58 Drivers/STM32F0xx_HAL_Driver/Src/stm32f0xx_hal_dma.o
 .text.DMA_CalcBaseAndBitshift
                0x00000000080016b8       0x38 Drivers/STM32F0xx_HAL_Driver/Src/stm32f0xx_hal_dma.o
 .text.HAL_GPIO_Init
                0x00000000080016f0      0x2e0 Drivers/STM32F0xx_HAL_Driver/Src/stm32f0xx_hal_gpio.o
                0x00000000080016f0                HAL_GPIO_Init
 .text.HAL_GPIO_WritePin
                0x00000000080019d0       0x3a Drivers/STM32F0xx_HAL_Driver/Src/stm32f0xx_hal_gpio.o
                0x00000000080019d0                HAL_GPIO_WritePin
 *fill*         0x0000000008001a0a        0x2 
 .text.HAL_I2C_Init
                0x0000000008001a0c      0x12c Drivers/STM32F0xx_HAL_Driver/Src/stm32f0xx_hal_i2c.o
                0x0000000008001a0c                HAL_I2C_Init
 .text.HAL_I2C_Mem_Write
                0x0000000008001b38      0x25c Drivers/STM32F0xx_HAL_Driver/Src/stm32f0xx_hal_i2c.o
                0x0000000008001b38                HAL_I2C_Mem_Write
 .text.HAL_I2C_Mem_Read
                0x0000000008001d94      0x268 Drivers/STM32F0xx_HAL_Driver/Src/stm32f0xx_hal_i2c.o
                0x0000000008001d94                HAL_I2C_Mem_Read
 .text.I2C_RequestMemoryWrite
                0x0000000008001ffc       0xc8 Drivers/STM32F0xx_HAL_Driver/Src/stm32f0xx_hal_i2c.o
 .text.I2C_RequestMemoryRead
                0x00000000080020c4       0xc4 Drivers/STM32F0xx_HAL_Driver/Src/stm32f0xx_hal_i2c.o
 .text.I2C_Flush_TXDR
                0x0000000008002188       0x44 Drivers/STM32F0xx_HAL_Driver/Src/stm32f0xx_hal_i2c.o
 .text.I2C_WaitOnFlagUntilTimeout
                0x00000000080021cc       0x7e Drivers/STM32F0xx_HAL_Driver/Src/stm32f0xx_hal_i2c.o
 .text.I2C_WaitOnTXISFlagUntilTimeout
                0x000000000800224a       0x7e Drivers/STM32F0xx_HAL_Driver/Src/stm32f0xx_hal_i2c.o
 .text.I2C_WaitOnSTOPFlagUntilTimeout
                0x00000000080022c8       0x78 Drivers/STM32F0xx_HAL_Driver/Src/stm32f0xx_hal_i2c.o
 .text.I2C_IsAcknowledgeFailed
                0x0000000008002340       0xcc Drivers/STM32F0xx_HAL_Driver/Src/stm32f0xx_hal_i2c.o
 .text.I2C_TransferConfig
                0x000000000800240c       0x6c Drivers/STM32F0xx_HAL_Driver/Src/stm32f0xx_hal_i2c.o
 .text.HAL_I2CEx_ConfigAnalogFilter
                0x0000000008002478       0x98 Drivers/STM32F0xx_HAL_Driver/Src/stm32f0xx_hal_i2c_ex.o
                0x0000000008002478                HAL_I2CEx_ConfigAnalogFilter
 .text.HAL_I2CEx_ConfigDigitalFilter
                0x0000000008002510       0x98 Drivers/STM32F0xx_HAL_Driver/Src/stm32f0xx_hal_i2c_ex.o
                0x0000000008002510                HAL_I2CEx_ConfigDigitalFilter
 .text.HAL_RCC_OscConfig
                0x00000000080025a8      0x638 Drivers/STM32F0xx_HAL_Driver/Src/stm32f0xx_hal_rcc.o
                0x00000000080025a8                HAL_RCC_OscConfig
 .text.HAL_RCC_ClockConfig
                0x0000000008002be0      0x19c Drivers/STM32F0xx_HAL_Driver/Src/stm32f0xx_hal_rcc.o
                0x0000000008002be0                HAL_RCC_ClockConfig
 .text.HAL_RCC_GetSysClockFreq
                0x0000000008002d7c       0xc8 Drivers/STM32F0xx_HAL_Driver/Src/stm32f0xx_hal_rcc.o
                0x0000000008002d7c                HAL_RCC_GetSysClockFreq
 .text.HAL_RCC_GetHCLKFreq
                0x0000000008002e44       0x14 Drivers/STM32F0xx_HAL_Driver/Src/stm32f0xx_hal_rcc.o
                0x0000000008002e44                HAL_RCC_GetHCLKFreq
 .text.HAL_RCC_GetPCLK1Freq
                0x0000000008002e58       0x2c Drivers/STM32F0xx_HAL_Driver/Src/stm32f0xx_hal_rcc.o
                0x0000000008002e58                HAL_RCC_GetPCLK1Freq
 .text.HAL_RCC_GetClockConfig
                0x0000000008002e84       0x54 Drivers/STM32F0xx_HAL_Driver/Src/stm32f0xx_hal_rcc.o
                0x0000000008002e84                HAL_RCC_GetClockConfig
 .text.HAL_RCCEx_PeriphCLKConfig
                0x0000000008002ed8      0x19c Drivers/STM32F0xx_HAL_Driver/Src/stm32f0xx_hal_rcc_ex.o
                0x0000000008002ed8                HAL_RCCEx_PeriphCLKConfig
 .text.HAL_TIM_Base_Init
                0x0000000008003074       0x58 Drivers/STM32F0xx_HAL_Driver/Src/stm32f0xx_hal_tim.o
                0x0000000008003074                HAL_TIM_Base_Init
 .text.HAL_TIM_Base_MspInit
                0x00000000080030cc       0x10 Drivers/STM32F0xx_HAL_Driver/Src/stm32f0xx_hal_tim.o
                0x00000000080030cc                HAL_TIM_Base_MspInit
 .text.HAL_TIM_Base_Start_IT
                0x00000000080030dc       0x44 Drivers/STM32F0xx_HAL_Driver/Src/stm32f0xx_hal_tim.o
                0x00000000080030dc                HAL_TIM_Base_Start_IT
 .text.HAL_TIM_IRQHandler
                0x0000000008003120      0x22c Drivers/STM32F0xx_HAL_Driver/Src/stm32f0xx_hal_tim.o
                0x0000000008003120                HAL_TIM_IRQHandler
 .text.HAL_TIM_OC_DelayElapsedCallback
                0x000000000800334c       0x10 Drivers/STM32F0xx_HAL_Driver/Src/stm32f0xx_hal_tim.o
                0x000000000800334c                HAL_TIM_OC_DelayElapsedCallback
 .text.HAL_TIM_IC_CaptureCallback
                0x000000000800335c       0x10 Drivers/STM32F0xx_HAL_Driver/Src/stm32f0xx_hal_tim.o
                0x000000000800335c                HAL_TIM_IC_CaptureCallback
 .text.HAL_TIM_PWM_PulseFinishedCallback
                0x000000000800336c       0x10 Drivers/STM32F0xx_HAL_Driver/Src/stm32f0xx_hal_tim.o
                0x000000000800336c                HAL_TIM_PWM_PulseFinishedCallback
 .text.HAL_TIM_TriggerCallback
                0x000000000800337c       0x10 Drivers/STM32F0xx_HAL_Driver/Src/stm32f0xx_hal_tim.o
                0x000000000800337c                HAL_TIM_TriggerCallback
 .text.TIM_Base_SetConfig
                0x000000000800338c       0xec Drivers/STM32F0xx_HAL_Driver/Src/stm32f0xx_hal_tim.o
                0x000000000800338c                TIM_Base_SetConfig
 .text.HAL_TIMEx_CommutCallback
                0x0000000008003478       0x10 Drivers/STM32F0xx_HAL_Driver/Src/stm32f0xx_hal_tim_ex.o
                0x0000000008003478                HAL_TIMEx_CommutCallback
 .text.HAL_TIMEx_BreakCallback
                0x0000000008003488       0x10 Drivers/STM32F0xx_HAL_Driver/Src/stm32f0xx_hal_tim_ex.o
                0x0000000008003488                HAL_TIMEx_BreakCallback
 .text.HAL_UART_Init
                0x0000000008003498       0xa8 Drivers/STM32F0xx_HAL_Driver/Src/stm32f0xx_hal_uart.o
                0x0000000008003498                HAL_UART_Init
 .text.HAL_UART_Transmit
                0x0000000008003540      0x150 Drivers/STM32F0xx_HAL_Driver/Src/stm32f0xx_hal_uart.o
                0x0000000008003540                HAL_UART_Transmit
 .text.HAL_UART_Transmit_DMA
                0x0000000008003690      0x120 Drivers/STM32F0xx_HAL_Driver/Src/stm32f0xx_hal_uart.o
                0x0000000008003690                HAL_UART_Transmit_DMA
 .text.HAL_UART_Receive_DMA
                0x00000000080037b0      0x130 Drivers/STM32F0xx_HAL_Driver/Src/stm32f0xx_hal_uart.o
                0x00000000080037b0                HAL_UART_Receive_DMA
 .text.HAL_UART_IRQHandler
                0x00000000080038e0      0x250 Drivers/STM32F0xx_HAL_Driver/Src/stm32f0xx_hal_uart.o
                0x00000000080038e0                HAL_UART_IRQHandler
 .text.HAL_UART_TxCpltCallback
                0x0000000008003b30       0x10 Drivers/STM32F0xx_HAL_Driver/Src/stm32f0xx_hal_uart.o
                0x0000000008003b30                HAL_UART_TxCpltCallback
 .text.HAL_UART_TxHalfCpltCallback
                0x0000000008003b40       0x10 Drivers/STM32F0xx_HAL_Driver/Src/stm32f0xx_hal_uart.o
                0x0000000008003b40                HAL_UART_TxHalfCpltCallback
 .text.HAL_UART_ErrorCallback
                0x0000000008003b50       0x10 Drivers/STM32F0xx_HAL_Driver/Src/stm32f0xx_hal_uart.o
                0x0000000008003b50                HAL_UART_ErrorCallback
 .text.UART_SetConfig
                0x0000000008003b60      0x30c Drivers/STM32F0xx_HAL_Driver/Src/stm32f0xx_hal_uart.o
                0x0000000008003b60                UART_SetConfig
 .text.UART_AdvFeatureConfig
                0x0000000008003e6c      0x168 Drivers/STM32F0xx_HAL_Driver/Src/stm32f0xx_hal_uart.o
                0x0000000008003e6c                UART_AdvFeatureConfig
 .text.UART_CheckIdleState
                0x0000000008003fd4       0x8c Drivers/STM32F0xx_HAL_Driver/Src/stm32f0xx_hal_uart.o
                0x0000000008003fd4                UART_CheckIdleState
 .text.UART_WaitOnFlagUntilTimeout
                0x0000000008004060       0xfc Drivers/STM32F0xx_HAL_Driver/Src/stm32f0xx_hal_uart.o
                0x0000000008004060                UART_WaitOnFlagUntilTimeout
 .text.UART_EndTxTransfer
                0x000000000800415c       0x26 Drivers/STM32F0xx_HAL_Driver/Src/stm32f0xx_hal_uart.o
 *fill*         0x0000000008004182        0x2 
 .text.UART_EndRxTransfer
                0x0000000008004184       0x40 Drivers/STM32F0xx_HAL_Driver/Src/stm32f0xx_hal_uart.o
 .text.UART_DMATransmitCplt
                0x00000000080041c4       0x50 Drivers/STM32F0xx_HAL_Driver/Src/stm32f0xx_hal_uart.o
 .text.UART_DMATxHalfCplt
                0x0000000008004214       0x1e Drivers/STM32F0xx_HAL_Driver/Src/stm32f0xx_hal_uart.o
 *fill*         0x0000000008004232        0x2 
 .text.UART_DMAReceiveCplt
                0x0000000008004234       0x68 Drivers/STM32F0xx_HAL_Driver/Src/stm32f0xx_hal_uart.o
 .text.UART_DMARxHalfCplt
                0x000000000800429c       0x1e Drivers/STM32F0xx_HAL_Driver/Src/stm32f0xx_hal_uart.o
 .text.UART_DMAError
                0x00000000080042ba       0x7e Drivers/STM32F0xx_HAL_Driver/Src/stm32f0xx_hal_uart.o
 .text.UART_DMAAbortOnError
                0x0000000008004338       0x2e Drivers/STM32F0xx_HAL_Driver/Src/stm32f0xx_hal_uart.o
 .text.UART_EndTransmit_IT
                0x0000000008004366       0x34 Drivers/STM32F0xx_HAL_Driver/Src/stm32f0xx_hal_uart.o
 *fill*         0x000000000800439a        0x2 
 .text.ble_init
                0x000000000800439c       0x28 Src/BLE.o
                0x000000000800439c                ble_init
 .text.ble_send
                0x00000000080043c4       0x1e Src/BLE.o
                0x00000000080043c4                ble_send
 *fill*         0x00000000080043e2        0x2 
 .text.gps_init
                0x00000000080043e4      0x164 Src/GPS.o
                0x00000000080043e4                gps_init
 .text.gps_recieve_full
                0x0000000008004548       0x44 Src/GPS.o
                0x0000000008004548                gps_recieve_full
 .text.gps_recieve_half
                0x000000000800458c       0x44 Src/GPS.o
                0x000000000800458c                gps_recieve_half
 .text.gps_get_data
                0x00000000080045d0       0xbc Src/GPS.o
                0x00000000080045d0                gps_get_data
 .text.print_gps_rip
                0x000000000800468c       0x78 Src/LCD.o
                0x000000000800468c                print_gps_rip
 .text.print_idle
                0x0000000008004704       0x60 Src/LCD.o
                0x0000000008004704                print_idle
 .text.print_race_start
                0x0000000008004764       0x60 Src/LCD.o
                0x0000000008004764                print_race_start
 .text.race     0x00000000080047c4       0x48 Src/LCD.o
                0x00000000080047c4                race
 .text.print_pos_update_init
                0x000000000800480c       0x94 Src/LCD.o
                0x000000000800480c                print_pos_update_init
 .text.print_pos_update
                0x00000000080048a0       0x7c Src/LCD.o
                0x00000000080048a0                print_pos_update
 .text.print_race_end
                0x000000000800491c       0xf4 Src/LCD.o
                0x000000000800491c                print_race_end
 .text.LCD_Init
                0x0000000008004a10      0x10c Src/LCD.o
                0x0000000008004a10                LCD_Init
 .text.fillScreen
                0x0000000008004b1c       0x44 Src/LCD.o
                0x0000000008004b1c                fillScreen
 .text.fillRect
                0x0000000008004b60      0x220 Src/LCD.o
                0x0000000008004b60                fillRect
 .text.LCD_draw_text
                0x0000000008004d80       0x8c Src/LCD.o
                0x0000000008004d80                LCD_draw_text
 .text.sendCommand
                0x0000000008004e0c       0x64 Src/LCD.o
                0x0000000008004e0c                sendCommand
 .text.sendCommands
                0x0000000008004e70       0xd0 Src/LCD.o
                0x0000000008004e70                sendCommands
 .text.sendCommands16
                0x0000000008004f40      0x104 Src/LCD.o
                0x0000000008004f40                sendCommands16
 .text.write8Bit
                0x0000000008005044       0xe8 Src/LCD.o
                0x0000000008005044                write8Bit
 .text.writePixel
                0x000000000800512c       0xec Src/LCD.o
                0x000000000800512c                writePixel
 .text.setAddrWindow
                0x0000000008005218       0x8c Src/LCD.o
                0x0000000008005218                setAddrWindow
 .text.writeLine
                0x00000000080052a4      0x1f2 Src/LCD.o
                0x00000000080052a4                writeLine
 .text.drawFastVLine
                0x0000000008005496       0x7a Src/LCD.o
                0x0000000008005496                drawFastVLine
 .text.setRotation
                0x0000000008005510       0xac Src/LCD.o
                0x0000000008005510                setRotation
 .text.setTextSize
                0x00000000080055bc       0x44 Src/LCD.o
                0x00000000080055bc                setTextSize
 .text.setTextColor
                0x0000000008005600       0x2c Src/LCD.o
                0x0000000008005600                setTextColor
 .text.setCursor
                0x000000000800562c       0x34 Src/LCD.o
                0x000000000800562c                setCursor
 .text.drawChar
                0x0000000008005660      0x318 Src/LCD.o
                0x0000000008005660                drawChar
 .text.write    0x0000000008005978      0x10c Src/LCD.o
                0x0000000008005978                write
 .text.LCD_draw_text_helper
                0x0000000008005a84       0xa0 Src/LCD.o
                0x0000000008005a84                LCD_draw_text_helper
 .text.erase_update
                0x0000000008005b24       0x40 Src/LCD.o
                0x0000000008005b24                erase_update
 .text.erase_end
                0x0000000008005b64       0x88 Src/LCD.o
                0x0000000008005b64                erase_end
 .text.setLED   0x0000000008005bec       0x68 Src/LEDs.o
                0x0000000008005bec                setLED
 .text.initMMA8452Q
                0x0000000008005c54       0x54 Src/MMA8452Q.o
                0x0000000008005c54                initMMA8452Q
 .text.setScale
                0x0000000008005ca8       0x70 Src/MMA8452Q.o
                0x0000000008005ca8                setScale
 .text.setDataRate
                0x0000000008005d18       0x66 Src/MMA8452Q.o
                0x0000000008005d18                setDataRate
 .text.standby  0x0000000008005d7e       0x2c Src/MMA8452Q.o
                0x0000000008005d7e                standby
 .text.active   0x0000000008005daa       0x2c Src/MMA8452Q.o
                0x0000000008005daa                active
 .text.isActive
                0x0000000008005dd6       0x34 Src/MMA8452Q.o
                0x0000000008005dd6                isActive
 *fill*         0x0000000008005e0a        0x2 
 .text.writeRegisters
                0x0000000008005e0c       0x40 Src/MMA8452Q.o
                0x0000000008005e0c                writeRegisters
 .text.writeRegister
                0x0000000008005e4c       0x28 Src/MMA8452Q.o
                0x0000000008005e4c                writeRegister
 .text.readRegister
                0x0000000008005e74       0x28 Src/MMA8452Q.o
                0x0000000008005e74                readRegister
 .text.readRegisters
                0x0000000008005e9c       0x40 Src/MMA8452Q.o
                0x0000000008005e9c                readRegisters
 .text.getRawX  0x0000000008005edc       0x30 Src/MMA8452Q.o
                0x0000000008005edc                getRawX
 .text.getRawY  0x0000000008005f0c       0x30 Src/MMA8452Q.o
                0x0000000008005f0c                getRawY
 .text.getRawZ  0x0000000008005f3c       0x30 Src/MMA8452Q.o
                0x0000000008005f3c                getRawZ
 .text.getX     0x0000000008005f6c       0x50 Src/MMA8452Q.o
                0x0000000008005f6c                getX
 .text.getY     0x0000000008005fbc       0x50 Src/MMA8452Q.o
                0x0000000008005fbc                getY
 .text.getZ     0x000000000800600c       0x50 Src/MMA8452Q.o
                0x000000000800600c                getZ
 .text.main     0x000000000800605c       0x60 Src/main.o
                0x000000000800605c                main
 .text.SystemClock_Config
                0x00000000080060bc       0xb4 Src/main.o
                0x00000000080060bc                SystemClock_Config
 .text.MX_I2C1_Init
                0x0000000008006170       0x80 Src/main.o
 .text.MX_USART1_UART_Init
                0x00000000080061f0       0x68 Src/main.o
 .text.MX_USART2_UART_Init
                0x0000000008006258       0x68 Src/main.o
 .text.MX_DMA_Init
                0x00000000080062c0       0x4c Src/main.o
 .text.MX_GPIO_Init
                0x000000000800630c      0x1fc Src/main.o
 .text.HAL_UART_RxCpltCallback
                0x0000000008006508       0x40 Src/main.o
                0x0000000008006508                HAL_UART_RxCpltCallback
 .text.HAL_UART_RxHalfCpltCallback
                0x0000000008006548       0x20 Src/main.o
                0x0000000008006548                HAL_UART_RxHalfCpltCallback
 .text.HAL_TIM_PeriodElapsedCallback
                0x0000000008006568       0x24 Src/main.o
                0x0000000008006568                HAL_TIM_PeriodElapsedCallback
 .text.Error_Handler
                0x000000000800658c        0xa Src/main.o
                0x000000000800658c                Error_Handler
 *fill*         0x0000000008006596        0x2 
 .text.RTOS_INIT
                0x0000000008006598       0x24 Src/racing_tasks.o
                0x0000000008006598                RTOS_INIT
 .text.RTOS_INIT_TASKS
                0x00000000080065bc       0x54 Src/racing_tasks.o
                0x00000000080065bc                RTOS_INIT_TASKS
 .text.task_send_ble_packet
                0x0000000008006610      0x23c Src/racing_tasks.o
                0x0000000008006610                task_send_ble_packet
 .text.task_receive_ble_packet
                0x000000000800684c      0x2ac Src/racing_tasks.o
                0x000000000800684c                task_receive_ble_packet
 .text.gps_get_time
                0x0000000008006af8       0x64 Src/racing_tasks.o
                0x0000000008006af8                gps_get_time
 .text.convert_time
                0x0000000008006b5c       0xb0 Src/racing_tasks.o
                0x0000000008006b5c                convert_time
 .text.print_race_end_all
                0x0000000008006c0c      0x278 Src/racing_tasks.o
                0x0000000008006c0c                print_race_end_all
 .text.erase_end_all
                0x0000000008006e84      0x174 Src/racing_tasks.o
                0x0000000008006e84                erase_end_all
 .text.HAL_MspInit
                0x0000000008006ff8       0x48 Src/stm32f0xx_hal_msp.o
                0x0000000008006ff8                HAL_MspInit
 .text.HAL_I2C_MspInit
                0x0000000008007040       0x9c Src/stm32f0xx_hal_msp.o
                0x0000000008007040                HAL_I2C_MspInit
 .text.HAL_UART_MspInit
                0x00000000080070dc      0x224 Src/stm32f0xx_hal_msp.o
                0x00000000080070dc                HAL_UART_MspInit
 .text.HAL_InitTick
                0x0000000008007300       0xbc Src/stm32f0xx_hal_timebase_tim.o
                0x0000000008007300                HAL_InitTick
 .text.NMI_Handler
                0x00000000080073bc        0xa Src/stm32f0xx_it.o
                0x00000000080073bc                NMI_Handler
 .text.HardFault_Handler
                0x00000000080073c6        0x6 Src/stm32f0xx_it.o
                0x00000000080073c6                HardFault_Handler
 .text.DMA1_Channel2_3_IRQHandler
                0x00000000080073cc       0x24 Src/stm32f0xx_it.o
                0x00000000080073cc                DMA1_Channel2_3_IRQHandler
 .text.DMA1_Channel4_5_IRQHandler
                0x00000000080073f0       0x18 Src/stm32f0xx_it.o
                0x00000000080073f0                DMA1_Channel4_5_IRQHandler
 .text.TIM1_BRK_UP_TRG_COM_IRQHandler
                0x0000000008007408       0x18 Src/stm32f0xx_it.o
                0x0000000008007408                TIM1_BRK_UP_TRG_COM_IRQHandler
 .text.USART1_IRQHandler
                0x0000000008007420       0x18 Src/stm32f0xx_it.o
                0x0000000008007420                USART1_IRQHandler
 .text.SystemInit
                0x0000000008007438       0x88 Src/system_stm32f0xx.o
                0x0000000008007438                SystemInit
 .text.vListInitialise
                0x00000000080074c0       0x3c Src/FreeRTOS/Source/list.o
                0x00000000080074c0                vListInitialise
 .text.vListInitialiseItem
                0x00000000080074fc       0x16 Src/FreeRTOS/Source/list.o
                0x00000000080074fc                vListInitialiseItem
 .text.vListInsertEnd
                0x0000000008007512       0x44 Src/FreeRTOS/Source/list.o
                0x0000000008007512                vListInsertEnd
 .text.vListInsert
                0x0000000008007556       0x6c Src/FreeRTOS/Source/list.o
                0x0000000008007556                vListInsert
 .text.uxListRemove
                0x00000000080075c2       0x50 Src/FreeRTOS/Source/list.o
                0x00000000080075c2                uxListRemove
 .text.xQueueGenericReset
                0x0000000008007612       0xa8 Src/FreeRTOS/Source/queue.o
                0x0000000008007612                xQueueGenericReset
 .text.xQueueGenericCreate
                0x00000000080076ba       0x64 Src/FreeRTOS/Source/queue.o
                0x00000000080076ba                xQueueGenericCreate
 .text.prvInitialiseNewQueue
                0x000000000800771e       0x44 Src/FreeRTOS/Source/queue.o
 .text.xQueueGiveFromISR
                0x0000000008007762       0xca Src/FreeRTOS/Source/queue.o
                0x0000000008007762                xQueueGiveFromISR
 .text.xQueueGenericReceive
                0x000000000800782c      0x1c8 Src/FreeRTOS/Source/queue.o
                0x000000000800782c                xQueueGenericReceive
 .text.prvCopyDataFromQueue
                0x00000000080079f4       0x4c Src/FreeRTOS/Source/queue.o
 .text.prvUnlockQueue
                0x0000000008007a40       0xbc Src/FreeRTOS/Source/queue.o
 .text.prvIsQueueEmpty
                0x0000000008007afc       0x2c Src/FreeRTOS/Source/queue.o
 .text.xTaskCreate
                0x0000000008007b28       0x90 Src/FreeRTOS/Source/tasks.o
                0x0000000008007b28                xTaskCreate
 .text.prvInitialiseNewTask
                0x0000000008007bb8       0xf4 Src/FreeRTOS/Source/tasks.o
 .text.prvAddNewTaskToReadyList
                0x0000000008007cac       0xc8 Src/FreeRTOS/Source/tasks.o
 .text.vTaskDelayUntil
                0x0000000008007d74       0xb8 Src/FreeRTOS/Source/tasks.o
                0x0000000008007d74                vTaskDelayUntil
 .text.vTaskDelay
                0x0000000008007e2c       0x4c Src/FreeRTOS/Source/tasks.o
                0x0000000008007e2c                vTaskDelay
 .text.vTaskStartScheduler
                0x0000000008007e78       0x6c Src/FreeRTOS/Source/tasks.o
                0x0000000008007e78                vTaskStartScheduler
 .text.vTaskSuspendAll
                0x0000000008007ee4       0x18 Src/FreeRTOS/Source/tasks.o
                0x0000000008007ee4                vTaskSuspendAll
 .text.xTaskResumeAll
                0x0000000008007efc      0x118 Src/FreeRTOS/Source/tasks.o
                0x0000000008007efc                xTaskResumeAll
 .text.xTaskGetTickCount
                0x0000000008008014       0x1c Src/FreeRTOS/Source/tasks.o
                0x0000000008008014                xTaskGetTickCount
 .text.xTaskIncrementTick
                0x0000000008008030      0x168 Src/FreeRTOS/Source/tasks.o
                0x0000000008008030                xTaskIncrementTick
 .text.vTaskSwitchContext
                0x0000000008008198       0xa4 Src/FreeRTOS/Source/tasks.o
                0x0000000008008198                vTaskSwitchContext
 .text.vTaskPlaceOnEventList
                0x000000000800823c       0x3c Src/FreeRTOS/Source/tasks.o
                0x000000000800823c                vTaskPlaceOnEventList
 .text.xTaskRemoveFromEventList
                0x0000000008008278       0xb8 Src/FreeRTOS/Source/tasks.o
                0x0000000008008278                xTaskRemoveFromEventList
 .text.vTaskSetTimeOutState
                0x0000000008008330       0x34 Src/FreeRTOS/Source/tasks.o
                0x0000000008008330                vTaskSetTimeOutState
 .text.xTaskCheckForTimeOut
                0x0000000008008364       0x9c Src/FreeRTOS/Source/tasks.o
                0x0000000008008364                xTaskCheckForTimeOut
 .text.vTaskMissedYield
                0x0000000008008400       0x14 Src/FreeRTOS/Source/tasks.o
                0x0000000008008400                vTaskMissedYield
 .text.prvIdleTask
                0x0000000008008414       0x20 Src/FreeRTOS/Source/tasks.o
 .text.prvInitialiseTaskLists
                0x0000000008008434       0x88 Src/FreeRTOS/Source/tasks.o
 .text.prvCheckTasksWaitingTermination
                0x00000000080084bc       0x74 Src/FreeRTOS/Source/tasks.o
 .text.prvDeleteTCB
                0x0000000008008530       0x22 Src/FreeRTOS/Source/tasks.o
 *fill*         0x0000000008008552        0x2 
 .text.prvResetNextTaskUnblockTime
                0x0000000008008554       0x48 Src/FreeRTOS/Source/tasks.o
 .text.xTaskGetSchedulerState
                0x000000000800859c       0x38 Src/FreeRTOS/Source/tasks.o
                0x000000000800859c                xTaskGetSchedulerState
 .text.vTaskPriorityInherit
                0x00000000080085d4       0xbc Src/FreeRTOS/Source/tasks.o
                0x00000000080085d4                vTaskPriorityInherit
 .text.pvTaskIncrementMutexHeldCount
                0x0000000008008690       0x24 Src/FreeRTOS/Source/tasks.o
                0x0000000008008690                pvTaskIncrementMutexHeldCount
 .text.prvAddCurrentTaskToDelayedList
                0x00000000080086b4       0xa8 Src/FreeRTOS/Source/tasks.o
 .text.pxPortInitialiseStack
                0x000000000800875c       0x54 Src/FreeRTOS/Source/portable/GCC/ARM_CM0/port.o
                0x000000000800875c                pxPortInitialiseStack
 .text.prvTaskExitError
                0x00000000080087b0       0x18 Src/FreeRTOS/Source/portable/GCC/ARM_CM0/port.o
 .text.SVC_Handler
                0x00000000080087c8        0xa Src/FreeRTOS/Source/portable/GCC/ARM_CM0/port.o
                0x00000000080087c8                SVC_Handler
 *fill*         0x00000000080087d2        0xe 
 .text.vPortStartFirstTask
                0x00000000080087e0       0x38 Src/FreeRTOS/Source/portable/GCC/ARM_CM0/port.o
 .text.xPortStartScheduler
                0x0000000008008818       0x44 Src/FreeRTOS/Source/portable/GCC/ARM_CM0/port.o
                0x0000000008008818                xPortStartScheduler
 .text.vPortYield
                0x000000000800885c       0x20 Src/FreeRTOS/Source/portable/GCC/ARM_CM0/port.o
                0x000000000800885c                vPortYield
 .text.vPortEnterCritical
                0x000000000800887c       0x24 Src/FreeRTOS/Source/portable/GCC/ARM_CM0/port.o
                0x000000000800887c                vPortEnterCritical
 .text.vPortExitCritical
                0x00000000080088a0       0x30 Src/FreeRTOS/Source/portable/GCC/ARM_CM0/port.o
                0x00000000080088a0                vPortExitCritical
 .text.ulSetInterruptMaskFromISR
                0x00000000080088d0        0xc Src/FreeRTOS/Source/portable/GCC/ARM_CM0/port.o
                0x00000000080088d0                ulSetInterruptMaskFromISR
 .text.vClearInterruptMaskFromISR
                0x00000000080088dc        0x8 Src/FreeRTOS/Source/portable/GCC/ARM_CM0/port.o
                0x00000000080088dc                vClearInterruptMaskFromISR
 *fill*         0x00000000080088e4        0xc 
 .text.PendSV_Handler
                0x00000000080088f0       0x48 Src/FreeRTOS/Source/portable/GCC/ARM_CM0/port.o
                0x00000000080088f0                PendSV_Handler
 .text.SysTick_Handler
                0x0000000008008938       0x34 Src/FreeRTOS/Source/portable/GCC/ARM_CM0/port.o
                0x0000000008008938                SysTick_Handler
 .text.vPortSetupTimerInterrupt
                0x000000000800896c       0x34 Src/FreeRTOS/Source/portable/GCC/ARM_CM0/port.o
                0x000000000800896c                vPortSetupTimerInterrupt
 .text.pvPortMalloc
                0x00000000080089a0      0x14c Src/FreeRTOS/Source/portable/MemMang/heap_4.o
                0x00000000080089a0                pvPortMalloc
 .text.vPortFree
                0x0000000008008aec       0x90 Src/FreeRTOS/Source/portable/MemMang/heap_4.o
                0x0000000008008aec                vPortFree
 .text.prvHeapInit
                0x0000000008008b7c       0xc0 Src/FreeRTOS/Source/portable/MemMang/heap_4.o
 .text.prvInsertBlockIntoFreeList
                0x0000000008008c3c       0xb0 Src/FreeRTOS/Source/portable/MemMang/heap_4.o
 .text.Reset_Handler
                0x0000000008008cec       0x50 Startup/startup_stm32f030r8tx.o
                0x0000000008008cec                Reset_Handler
 .text.Default_Handler
                0x0000000008008d3c        0x2 Startup/startup_stm32f030r8tx.o
                0x0000000008008d3c                TIM1_CC_IRQHandler
                0x0000000008008d3c                TIM6_IRQHandler
                0x0000000008008d3c                I2C1_IRQHandler
                0x0000000008008d3c                SPI1_IRQHandler
                0x0000000008008d3c                EXTI2_3_IRQHandler
                0x0000000008008d3c                ADC1_IRQHandler
                0x0000000008008d3c                I2C2_IRQHandler
                0x0000000008008d3c                TIM17_IRQHandler
                0x0000000008008d3c                RTC_IRQHandler
                0x0000000008008d3c                TIM16_IRQHandler
                0x0000000008008d3c                TIM3_IRQHandler
                0x0000000008008d3c                EXTI4_15_IRQHandler
                0x0000000008008d3c                RCC_IRQHandler
                0x0000000008008d3c                DMA1_Channel1_IRQHandler
                0x0000000008008d3c                Default_Handler
                0x0000000008008d3c                TIM14_IRQHandler
                0x0000000008008d3c                TIM15_IRQHandler
                0x0000000008008d3c                EXTI0_1_IRQHandler
                0x0000000008008d3c                SPI2_IRQHandler
                0x0000000008008d3c                WWDG_IRQHandler
                0x0000000008008d3c                USART2_IRQHandler
                0x0000000008008d3c                FLASH_IRQHandler
 *fill*         0x0000000008008d3e        0x2 
 .text.__libc_init_array
                0x0000000008008d40       0x48 c:/st/stm32cubeide_1.0.2/stm32cubeide/plugins/com.st.stm32cube.ide.mcu.externaltools.gnu-tools-for-stm32.7-2018-q2-update.win32_1.0.0.201904181610/tools/bin/../lib/gcc/arm-none-eabi/7.3.1/../../../../arm-none-eabi/lib/thumb/v6-m\libc_nano.a(lib_a-init.o)
                0x0000000008008d40                __libc_init_array
 .text.memcpy   0x0000000008008d88       0x12 c:/st/stm32cubeide_1.0.2/stm32cubeide/plugins/com.st.stm32cube.ide.mcu.externaltools.gnu-tools-for-stm32.7-2018-q2-update.win32_1.0.0.201904181610/tools/bin/../lib/gcc/arm-none-eabi/7.3.1/../../../../arm-none-eabi/lib/thumb/v6-m\libc_nano.a(lib_a-memcpy-stub.o)
                0x0000000008008d88                memcpy
 .text.memset   0x0000000008008d9a       0x10 c:/st/stm32cubeide_1.0.2/stm32cubeide/plugins/com.st.stm32cube.ide.mcu.externaltools.gnu-tools-for-stm32.7-2018-q2-update.win32_1.0.0.201904181610/tools/bin/../lib/gcc/arm-none-eabi/7.3.1/../../../../arm-none-eabi/lib/thumb/v6-m\libc_nano.a(lib_a-memset.o)
                0x0000000008008d9a                memset
 .text.strcpy   0x0000000008008daa       0x10 c:/st/stm32cubeide_1.0.2/stm32cubeide/plugins/com.st.stm32cube.ide.mcu.externaltools.gnu-tools-for-stm32.7-2018-q2-update.win32_1.0.0.201904181610/tools/bin/../lib/gcc/arm-none-eabi/7.3.1/../../../../arm-none-eabi/lib/thumb/v6-m\libc_nano.a(lib_a-strcpy.o)
                0x0000000008008daa                strcpy
 *(.glue_7)
 .glue_7        0x0000000008008dba        0x0 linker stubs
 *(.glue_7t)
 .glue_7t       0x0000000008008dba        0x0 linker stubs
 *(.eh_frame)
 *fill*         0x0000000008008dba        0x2 
 .eh_frame      0x0000000008008dbc        0x0 c:/st/stm32cubeide_1.0.2/stm32cubeide/plugins/com.st.stm32cube.ide.mcu.externaltools.gnu-tools-for-stm32.7-2018-q2-update.win32_1.0.0.201904181610/tools/bin/../lib/gcc/arm-none-eabi/7.3.1/thumb/v6-m/crtbegin.o
 *(.init)
 .init          0x0000000008008dbc        0x4 c:/st/stm32cubeide_1.0.2/stm32cubeide/plugins/com.st.stm32cube.ide.mcu.externaltools.gnu-tools-for-stm32.7-2018-q2-update.win32_1.0.0.201904181610/tools/bin/../lib/gcc/arm-none-eabi/7.3.1/thumb/v6-m/crti.o
                0x0000000008008dbc                _init
 .init          0x0000000008008dc0        0x8 c:/st/stm32cubeide_1.0.2/stm32cubeide/plugins/com.st.stm32cube.ide.mcu.externaltools.gnu-tools-for-stm32.7-2018-q2-update.win32_1.0.0.201904181610/tools/bin/../lib/gcc/arm-none-eabi/7.3.1/thumb/v6-m/crtn.o
 *(.fini)
 .fini          0x0000000008008dc8        0x4 c:/st/stm32cubeide_1.0.2/stm32cubeide/plugins/com.st.stm32cube.ide.mcu.externaltools.gnu-tools-for-stm32.7-2018-q2-update.win32_1.0.0.201904181610/tools/bin/../lib/gcc/arm-none-eabi/7.3.1/thumb/v6-m/crti.o
                0x0000000008008dc8                _fini
 .fini          0x0000000008008dcc        0x8 c:/st/stm32cubeide_1.0.2/stm32cubeide/plugins/com.st.stm32cube.ide.mcu.externaltools.gnu-tools-for-stm32.7-2018-q2-update.win32_1.0.0.201904181610/tools/bin/../lib/gcc/arm-none-eabi/7.3.1/thumb/v6-m/crtn.o
                0x0000000008008dd4                . = ALIGN (0x4)
                0x0000000008008dd4                _etext = .

.vfp11_veneer   0x0000000008008dd4        0x0
 .vfp11_veneer  0x0000000008008dd4        0x0 linker stubs

.v4_bx          0x0000000008008dd4        0x0
 .v4_bx         0x0000000008008dd4        0x0 linker stubs

.iplt           0x0000000008008dd4        0x0
 .iplt          0x0000000008008dd4        0x0 c:/st/stm32cubeide_1.0.2/stm32cubeide/plugins/com.st.stm32cube.ide.mcu.externaltools.gnu-tools-for-stm32.7-2018-q2-update.win32_1.0.0.201904181610/tools/bin/../lib/gcc/arm-none-eabi/7.3.1/thumb/v6-m/crtbegin.o

.rodata         0x0000000008008dd4      0x800
                0x0000000008008dd4                . = ALIGN (0x4)
 *(.rodata)
 .rodata        0x0000000008008dd4       0x20 Drivers/STM32F0xx_HAL_Driver/Src/stm32f0xx_hal_rcc.o
 .rodata        0x0000000008008df4       0x6e Src/GPS.o
 *fill*         0x0000000008008e62        0x2 
 .rodata        0x0000000008008e64       0xc7 Src/LCD.o
 *fill*         0x0000000008008f2b        0x1 
 .rodata        0x0000000008008f2c       0x3f Src/racing_tasks.o
 *fill*         0x0000000008008f6b        0x1 
 .rodata        0x0000000008008f6c        0x5 Src/FreeRTOS/Source/tasks.o
 *fill*         0x0000000008008f71        0x3 
 .rodata        0x0000000008008f74       0x80 c:/st/stm32cubeide_1.0.2/stm32cubeide/plugins/com.st.stm32cube.ide.mcu.externaltools.gnu-tools-for-stm32.7-2018-q2-update.win32_1.0.0.201904181610/tools/bin/../lib/gcc/arm-none-eabi/7.3.1/thumb/v6-m\libgcc.a(divsf3.o)
 .rodata        0x0000000008008ff4       0x40 c:/st/stm32cubeide_1.0.2/stm32cubeide/plugins/com.st.stm32cube.ide.mcu.externaltools.gnu-tools-for-stm32.7-2018-q2-update.win32_1.0.0.201904181610/tools/bin/../lib/gcc/arm-none-eabi/7.3.1/thumb/v6-m\libgcc.a(mulsf3.o)
 *(.rodata*)
 .rodata.initcmd
                0x0000000008009034       0x6f Src/LCD.o
 *fill*         0x00000000080090a3        0x1 
 .rodata.font   0x00000000080090a4      0x500 Src/LCD.o
 .rodata.task_receive_ble_packet
                0x00000000080095a4       0x18 Src/racing_tasks.o
 .rodata.AHBPrescTable
                0x00000000080095bc       0x10 Src/system_stm32f0xx.o
                0x00000000080095bc                AHBPrescTable
 .rodata.APBPrescTable
                0x00000000080095cc        0x8 Src/system_stm32f0xx.o
                0x00000000080095cc                APBPrescTable
                0x00000000080095d4                . = ALIGN (0x4)

.rel.dyn        0x00000000080095d4        0x0
 .rel.iplt      0x00000000080095d4        0x0 c:/st/stm32cubeide_1.0.2/stm32cubeide/plugins/com.st.stm32cube.ide.mcu.externaltools.gnu-tools-for-stm32.7-2018-q2-update.win32_1.0.0.201904181610/tools/bin/../lib/gcc/arm-none-eabi/7.3.1/thumb/v6-m/crtbegin.o

.ARM.extab      0x00000000080095d4        0x0
                0x00000000080095d4                . = ALIGN (0x4)
 *(.ARM.extab* .gnu.linkonce.armextab.*)
                0x00000000080095d4                . = ALIGN (0x4)

.ARM            0x00000000080095d4        0x0
                0x00000000080095d4                . = ALIGN (0x4)
                0x00000000080095d4                __exidx_start = .
 *(.ARM.exidx*)
                0x00000000080095d4                __exidx_end = .
                0x00000000080095d4                . = ALIGN (0x4)

.preinit_array  0x00000000080095d4        0x0
                0x00000000080095d4                . = ALIGN (0x4)
                0x00000000080095d4                PROVIDE (__preinit_array_start = .)
 *(.preinit_array*)
                0x00000000080095d4                PROVIDE (__preinit_array_end = .)
                0x00000000080095d4                . = ALIGN (0x4)

.init_array     0x00000000080095d4        0x4
                0x00000000080095d4                . = ALIGN (0x4)
                0x00000000080095d4                PROVIDE (__init_array_start = .)
 *(SORT_BY_NAME(.init_array.*))
 *(.init_array*)
 .init_array    0x00000000080095d4        0x4 c:/st/stm32cubeide_1.0.2/stm32cubeide/plugins/com.st.stm32cube.ide.mcu.externaltools.gnu-tools-for-stm32.7-2018-q2-update.win32_1.0.0.201904181610/tools/bin/../lib/gcc/arm-none-eabi/7.3.1/thumb/v6-m/crtbegin.o
                0x00000000080095d8                PROVIDE (__init_array_end = .)
                0x00000000080095d8                . = ALIGN (0x4)

.fini_array     0x00000000080095d8        0x4
                0x00000000080095d8                . = ALIGN (0x4)
                [!provide]                        PROVIDE (__fini_array_start = .)
 *(SORT_BY_NAME(.fini_array.*))
 *(.fini_array*)
 .fini_array    0x00000000080095d8        0x4 c:/st/stm32cubeide_1.0.2/stm32cubeide/plugins/com.st.stm32cube.ide.mcu.externaltools.gnu-tools-for-stm32.7-2018-q2-update.win32_1.0.0.201904181610/tools/bin/../lib/gcc/arm-none-eabi/7.3.1/thumb/v6-m/crtbegin.o
                [!provide]                        PROVIDE (__fini_array_end = .)
                0x00000000080095dc                . = ALIGN (0x4)
                0x00000000080095dc                _sidata = LOADADDR (.data)

.data           0x0000000020000000        0xc load address 0x00000000080095dc
                0x0000000020000000                . = ALIGN (0x4)
                0x0000000020000000                _sdata = .
 *(.data)
 *(.data*)
 .data.uwTickFreq
                0x0000000020000000        0x1 Drivers/STM32F0xx_HAL_Driver/Src/stm32f0xx_hal.o
                0x0000000020000000                uwTickFreq
 *fill*         0x0000000020000001        0x3 
 .data.SystemCoreClock
                0x0000000020000004        0x4 Src/system_stm32f0xx.o
                0x0000000020000004                SystemCoreClock
 .data.uxCriticalNesting
                0x0000000020000008        0x4 Src/FreeRTOS/Source/portable/GCC/ARM_CM0/port.o
                0x000000002000000c                . = ALIGN (0x4)
                0x000000002000000c                _edata = .

.igot.plt       0x000000002000000c        0x0 load address 0x00000000080095e8
 .igot.plt      0x000000002000000c        0x0 c:/st/stm32cubeide_1.0.2/stm32cubeide/plugins/com.st.stm32cube.ide.mcu.externaltools.gnu-tools-for-stm32.7-2018-q2-update.win32_1.0.0.201904181610/tools/bin/../lib/gcc/arm-none-eabi/7.3.1/thumb/v6-m/crtbegin.o
                0x000000002000000c                . = ALIGN (0x4)

.bss            0x000000002000000c     0x170c load address 0x00000000080095e8
                0x000000002000000c                _sbss = .
                0x000000002000000c                __bss_start__ = _sbss
 *(.bss)
 .bss           0x000000002000000c       0x1c c:/st/stm32cubeide_1.0.2/stm32cubeide/plugins/com.st.stm32cube.ide.mcu.externaltools.gnu-tools-for-stm32.7-2018-q2-update.win32_1.0.0.201904181610/tools/bin/../lib/gcc/arm-none-eabi/7.3.1/thumb/v6-m/crtbegin.o
 *(.bss*)
 .bss.pxCurrentTCB
                0x0000000020000028        0x4 Src/FreeRTOS/Source/tasks.o
                0x0000000020000028                pxCurrentTCB
 .bss.pxReadyTasksLists
                0x000000002000002c       0x8c Src/FreeRTOS/Source/tasks.o
 .bss.xDelayedTaskList1
                0x00000000200000b8       0x14 Src/FreeRTOS/Source/tasks.o
 .bss.xDelayedTaskList2
                0x00000000200000cc       0x14 Src/FreeRTOS/Source/tasks.o
 .bss.pxDelayedTaskList
                0x00000000200000e0        0x4 Src/FreeRTOS/Source/tasks.o
 .bss.pxOverflowDelayedTaskList
                0x00000000200000e4        0x4 Src/FreeRTOS/Source/tasks.o
 .bss.xPendingReadyList
                0x00000000200000e8       0x14 Src/FreeRTOS/Source/tasks.o
 .bss.xTasksWaitingTermination
                0x00000000200000fc       0x14 Src/FreeRTOS/Source/tasks.o
 .bss.uxDeletedTasksWaitingCleanUp
                0x0000000020000110        0x4 Src/FreeRTOS/Source/tasks.o
 .bss.xSuspendedTaskList
                0x0000000020000114       0x14 Src/FreeRTOS/Source/tasks.o
 .bss.uxCurrentNumberOfTasks
                0x0000000020000128        0x4 Src/FreeRTOS/Source/tasks.o
 .bss.xTickCount
                0x000000002000012c        0x4 Src/FreeRTOS/Source/tasks.o
 .bss.uxTopReadyPriority
                0x0000000020000130        0x4 Src/FreeRTOS/Source/tasks.o
 .bss.xSchedulerRunning
                0x0000000020000134        0x4 Src/FreeRTOS/Source/tasks.o
 .bss.uxPendedTicks
                0x0000000020000138        0x4 Src/FreeRTOS/Source/tasks.o
 .bss.xYieldPending
                0x000000002000013c        0x4 Src/FreeRTOS/Source/tasks.o
 .bss.xNumOfOverflows
                0x0000000020000140        0x4 Src/FreeRTOS/Source/tasks.o
 .bss.uxTaskNumber
                0x0000000020000144        0x4 Src/FreeRTOS/Source/tasks.o
 .bss.xNextTaskUnblockTime
                0x0000000020000148        0x4 Src/FreeRTOS/Source/tasks.o
 .bss.xIdleTaskHandle
                0x000000002000014c        0x4 Src/FreeRTOS/Source/tasks.o
 .bss.uxSchedulerSuspended
                0x0000000020000150        0x4 Src/FreeRTOS/Source/tasks.o
 .bss.ucHeap    0x0000000020000154      0xc00 Src/FreeRTOS/Source/portable/MemMang/heap_4.o
 .bss.xStart    0x0000000020000d54        0x8 Src/FreeRTOS/Source/portable/MemMang/heap_4.o
 .bss.pxEnd     0x0000000020000d5c        0x4 Src/FreeRTOS/Source/portable/MemMang/heap_4.o
 .bss.xFreeBytesRemaining
                0x0000000020000d60        0x4 Src/FreeRTOS/Source/portable/MemMang/heap_4.o
 .bss.xMinimumEverFreeBytesRemaining
                0x0000000020000d64        0x4 Src/FreeRTOS/Source/portable/MemMang/heap_4.o
 .bss.xBlockAllocatedBit
                0x0000000020000d68        0x4 Src/FreeRTOS/Source/portable/MemMang/heap_4.o
 *(COMMON)
 COMMON         0x0000000020000d6c        0x4 Drivers/STM32F0xx_HAL_Driver/Src/stm32f0xx_hal.o
                0x0000000020000d6c                uwTick
 COMMON         0x0000000020000d70      0x750 Src/BLE.o
                0x0000000020000d70                ble_receive_ready
                0x0000000020000d74                lastcase
                0x0000000020000d78                RX_BUFFER
                0x0000000020000df4                ble_tx_packet
                0x0000000020000ee4                RACERS
                0x0000000020000f5c                START_TIME
                0x0000000020000f60                first_pos_update
                0x0000000020000f64                FINISH_TIME
                0x0000000020000f68                update_time
                0x0000000020000f7c                task_send_ble_packet_handle
                0x0000000020000f80                cursor_y
                0x0000000020000f84                txBufferReadIndex
                0x0000000020000f88                num_racer_results
                0x0000000020000f8c                Y
                0x0000000020000f90                bgcolor
                0x0000000020000f92                DIST_FRACTION_SIZE
                0x0000000020000f94                text
                0x0000000020000fbc                textsize_x
                0x0000000020000fbd                update_pos
                0x0000000020000fbe                rotation
                0x0000000020000fc0                txBufferInsertIndex
                0x0000000020000fc4                task_receive_ble_packet_handle
                0x0000000020000fc8                _cp437
                0x0000000020000fcc                rxBuffer
                0x000000002000100c                DIST_FRACTION
                0x0000000020001020                txBuffer
                0x0000000020001420                Z
                0x0000000020001424                _width
                0x0000000020001428                RESULTS
                0x00000000200014a0                cursor_x
                0x00000000200014a2                wrap
                0x00000000200014a4                _height
                0x00000000200014a6                SCALE
                0x00000000200014a7                finish_pos
                0x00000000200014a8                read_params
                0x00000000200014b0                textbgcolor
                0x00000000200014b2                textsize_y
                0x00000000200014b4                textcolor
                0x00000000200014b8                POSITION
                0x00000000200014bc                X
 COMMON         0x00000000200014c0      0x218 Src/main.o
                0x00000000200014c0                hdma_usart2_rx
                0x0000000020001504                hi2c1
                0x0000000020001550                hdma_usart1_tx
                0x0000000020001594                hdma_usart1_rx
                0x00000000200015d8                huart1
                0x0000000020001658                huart2
 COMMON         0x00000000200016d8       0x40 Src/stm32f0xx_hal_timebase_tim.o
                0x00000000200016d8                htim1
                0x0000000020001718                . = ALIGN (0x4)
                0x0000000020001718                _ebss = .
                0x0000000020001718                __bss_end__ = _ebss

._user_heap_stack
                0x0000000020001718      0x600 load address 0x00000000080095e8
                0x0000000020001718                . = ALIGN (0x8)
                0x0000000020001718                PROVIDE (end = .)
                [!provide]                        PROVIDE (_end = .)
                0x0000000020001918                . = (. + _Min_Heap_Size)
 *fill*         0x0000000020001718      0x200 
                0x0000000020001d18                . = (. + _Min_Stack_Size)
 *fill*         0x0000000020001918      0x400 
                0x0000000020001d18                . = ALIGN (0x8)

/DISCARD/
 libc.a(*)
 libm.a(*)
 libgcc.a(*)

.ARM.attributes
                0x0000000000000000       0x28
 *(.ARM.attributes)
 .ARM.attributes
                0x0000000000000000       0x1e c:/st/stm32cubeide_1.0.2/stm32cubeide/plugins/com.st.stm32cube.ide.mcu.externaltools.gnu-tools-for-stm32.7-2018-q2-update.win32_1.0.0.201904181610/tools/bin/../lib/gcc/arm-none-eabi/7.3.1/thumb/v6-m/crti.o
 .ARM.attributes
                0x000000000000001e       0x2c c:/st/stm32cubeide_1.0.2/stm32cubeide/plugins/com.st.stm32cube.ide.mcu.externaltools.gnu-tools-for-stm32.7-2018-q2-update.win32_1.0.0.201904181610/tools/bin/../lib/gcc/arm-none-eabi/7.3.1/thumb/v6-m/crtbegin.o
 .ARM.attributes
                0x000000000000004a       0x31 Drivers/STM32F0xx_HAL_Driver/Src/stm32f0xx_hal.o
 .ARM.attributes
                0x000000000000007b       0x31 Drivers/STM32F0xx_HAL_Driver/Src/stm32f0xx_hal_cortex.o
 .ARM.attributes
                0x00000000000000ac       0x31 Drivers/STM32F0xx_HAL_Driver/Src/stm32f0xx_hal_dma.o
 .ARM.attributes
                0x00000000000000dd       0x31 Drivers/STM32F0xx_HAL_Driver/Src/stm32f0xx_hal_gpio.o
 .ARM.attributes
                0x000000000000010e       0x31 Drivers/STM32F0xx_HAL_Driver/Src/stm32f0xx_hal_i2c.o
 .ARM.attributes
                0x000000000000013f       0x31 Drivers/STM32F0xx_HAL_Driver/Src/stm32f0xx_hal_i2c_ex.o
 .ARM.attributes
                0x0000000000000170       0x31 Drivers/STM32F0xx_HAL_Driver/Src/stm32f0xx_hal_rcc.o
 .ARM.attributes
                0x00000000000001a1       0x31 Drivers/STM32F0xx_HAL_Driver/Src/stm32f0xx_hal_rcc_ex.o
 .ARM.attributes
                0x00000000000001d2       0x31 Drivers/STM32F0xx_HAL_Driver/Src/stm32f0xx_hal_tim.o
 .ARM.attributes
                0x0000000000000203       0x31 Drivers/STM32F0xx_HAL_Driver/Src/stm32f0xx_hal_tim_ex.o
 .ARM.attributes
                0x0000000000000234       0x31 Drivers/STM32F0xx_HAL_Driver/Src/stm32f0xx_hal_uart.o
 .ARM.attributes
                0x0000000000000265       0x31 Src/BLE.o
 .ARM.attributes
                0x0000000000000296       0x31 Src/GPS.o
 .ARM.attributes
                0x00000000000002c7       0x31 Src/LCD.o
 .ARM.attributes
                0x00000000000002f8       0x31 Src/LEDs.o
 .ARM.attributes
                0x0000000000000329       0x31 Src/MMA8452Q.o
 .ARM.attributes
                0x000000000000035a       0x31 Src/main.o
 .ARM.attributes
                0x000000000000038b       0x31 Src/racing_tasks.o
 .ARM.attributes
                0x00000000000003bc       0x31 Src/stm32f0xx_hal_msp.o
 .ARM.attributes
                0x00000000000003ed       0x31 Src/stm32f0xx_hal_timebase_tim.o
 .ARM.attributes
                0x000000000000041e       0x31 Src/stm32f0xx_it.o
 .ARM.attributes
                0x000000000000044f       0x31 Src/system_stm32f0xx.o
 .ARM.attributes
                0x0000000000000480       0x31 Src/FreeRTOS/Source/list.o
 .ARM.attributes
                0x00000000000004b1       0x31 Src/FreeRTOS/Source/queue.o
 .ARM.attributes
                0x00000000000004e2       0x31 Src/FreeRTOS/Source/tasks.o
 .ARM.attributes
                0x0000000000000513       0x31 Src/FreeRTOS/Source/portable/GCC/ARM_CM0/port.o
 .ARM.attributes
                0x0000000000000544       0x31 Src/FreeRTOS/Source/portable/MemMang/heap_4.o
 .ARM.attributes
                0x0000000000000575       0x21 Startup/startup_stm32f030r8tx.o
 .ARM.attributes
                0x0000000000000596       0x2c c:/st/stm32cubeide_1.0.2/stm32cubeide/plugins/com.st.stm32cube.ide.mcu.externaltools.gnu-tools-for-stm32.7-2018-q2-update.win32_1.0.0.201904181610/tools/bin/../lib/gcc/arm-none-eabi/7.3.1/../../../../arm-none-eabi/lib/thumb/v6-m\libc_nano.a(lib_a-init.o)
 .ARM.attributes
                0x00000000000005c2       0x2c c:/st/stm32cubeide_1.0.2/stm32cubeide/plugins/com.st.stm32cube.ide.mcu.externaltools.gnu-tools-for-stm32.7-2018-q2-update.win32_1.0.0.201904181610/tools/bin/../lib/gcc/arm-none-eabi/7.3.1/../../../../arm-none-eabi/lib/thumb/v6-m\libc_nano.a(lib_a-memcpy-stub.o)
 .ARM.attributes
                0x00000000000005ee       0x2c c:/st/stm32cubeide_1.0.2/stm32cubeide/plugins/com.st.stm32cube.ide.mcu.externaltools.gnu-tools-for-stm32.7-2018-q2-update.win32_1.0.0.201904181610/tools/bin/../lib/gcc/arm-none-eabi/7.3.1/../../../../arm-none-eabi/lib/thumb/v6-m\libc_nano.a(lib_a-memset.o)
 .ARM.attributes
                0x000000000000061a       0x2c c:/st/stm32cubeide_1.0.2/stm32cubeide/plugins/com.st.stm32cube.ide.mcu.externaltools.gnu-tools-for-stm32.7-2018-q2-update.win32_1.0.0.201904181610/tools/bin/../lib/gcc/arm-none-eabi/7.3.1/../../../../arm-none-eabi/lib/thumb/v6-m\libc_nano.a(lib_a-strcpy.o)
 .ARM.attributes
                0x0000000000000646       0x1c c:/st/stm32cubeide_1.0.2/stm32cubeide/plugins/com.st.stm32cube.ide.mcu.externaltools.gnu-tools-for-stm32.7-2018-q2-update.win32_1.0.0.201904181610/tools/bin/../lib/gcc/arm-none-eabi/7.3.1/../../../../arm-none-eabi/lib/thumb/v6-m\libc_nano.a(lib_a-strlen.o)
 .ARM.attributes
                0x0000000000000662       0x1e c:/st/stm32cubeide_1.0.2/stm32cubeide/plugins/com.st.stm32cube.ide.mcu.externaltools.gnu-tools-for-stm32.7-2018-q2-update.win32_1.0.0.201904181610/tools/bin/../lib/gcc/arm-none-eabi/7.3.1/thumb/v6-m\libgcc.a(_udivsi3.o)
 .ARM.attributes
                0x0000000000000680       0x1e c:/st/stm32cubeide_1.0.2/stm32cubeide/plugins/com.st.stm32cube.ide.mcu.externaltools.gnu-tools-for-stm32.7-2018-q2-update.win32_1.0.0.201904181610/tools/bin/../lib/gcc/arm-none-eabi/7.3.1/thumb/v6-m\libgcc.a(_dvmd_tls.o)
 .ARM.attributes
                0x000000000000069e       0x2c c:/st/stm32cubeide_1.0.2/stm32cubeide/plugins/com.st.stm32cube.ide.mcu.externaltools.gnu-tools-for-stm32.7-2018-q2-update.win32_1.0.0.201904181610/tools/bin/../lib/gcc/arm-none-eabi/7.3.1/thumb/v6-m\libgcc.a(_fixunssfsi.o)
 .ARM.attributes
                0x00000000000006ca       0x2c c:/st/stm32cubeide_1.0.2/stm32cubeide/plugins/com.st.stm32cube.ide.mcu.externaltools.gnu-tools-for-stm32.7-2018-q2-update.win32_1.0.0.201904181610/tools/bin/../lib/gcc/arm-none-eabi/7.3.1/thumb/v6-m\libgcc.a(addsf3.o)
 .ARM.attributes
                0x00000000000006f6       0x2c c:/st/stm32cubeide_1.0.2/stm32cubeide/plugins/com.st.stm32cube.ide.mcu.externaltools.gnu-tools-for-stm32.7-2018-q2-update.win32_1.0.0.201904181610/tools/bin/../lib/gcc/arm-none-eabi/7.3.1/thumb/v6-m\libgcc.a(divsf3.o)
 .ARM.attributes
                0x0000000000000722       0x2c c:/st/stm32cubeide_1.0.2/stm32cubeide/plugins/com.st.stm32cube.ide.mcu.externaltools.gnu-tools-for-stm32.7-2018-q2-update.win32_1.0.0.201904181610/tools/bin/../lib/gcc/arm-none-eabi/7.3.1/thumb/v6-m\libgcc.a(mulsf3.o)
 .ARM.attributes
                0x000000000000074e       0x2c c:/st/stm32cubeide_1.0.2/stm32cubeide/plugins/com.st.stm32cube.ide.mcu.externaltools.gnu-tools-for-stm32.7-2018-q2-update.win32_1.0.0.201904181610/tools/bin/../lib/gcc/arm-none-eabi/7.3.1/thumb/v6-m\libgcc.a(subsf3.o)
 .ARM.attributes
                0x000000000000077a       0x2c c:/st/stm32cubeide_1.0.2/stm32cubeide/plugins/com.st.stm32cube.ide.mcu.externaltools.gnu-tools-for-stm32.7-2018-q2-update.win32_1.0.0.201904181610/tools/bin/../lib/gcc/arm-none-eabi/7.3.1/thumb/v6-m\libgcc.a(fixsfsi.o)
 .ARM.attributes
                0x00000000000007a6       0x2c c:/st/stm32cubeide_1.0.2/stm32cubeide/plugins/com.st.stm32cube.ide.mcu.externaltools.gnu-tools-for-stm32.7-2018-q2-update.win32_1.0.0.201904181610/tools/bin/../lib/gcc/arm-none-eabi/7.3.1/thumb/v6-m\libgcc.a(floatsisf.o)
 .ARM.attributes
                0x00000000000007d2       0x2c c:/st/stm32cubeide_1.0.2/stm32cubeide/plugins/com.st.stm32cube.ide.mcu.externaltools.gnu-tools-for-stm32.7-2018-q2-update.win32_1.0.0.201904181610/tools/bin/../lib/gcc/arm-none-eabi/7.3.1/thumb/v6-m\libgcc.a(floatunsisf.o)
 .ARM.attributes
                0x00000000000007fe       0x1e c:/st/stm32cubeide_1.0.2/stm32cubeide/plugins/com.st.stm32cube.ide.mcu.externaltools.gnu-tools-for-stm32.7-2018-q2-update.win32_1.0.0.201904181610/tools/bin/../lib/gcc/arm-none-eabi/7.3.1/thumb/v6-m\libgcc.a(_arm_cmpsf2.o)
 .ARM.attributes
                0x000000000000081c       0x1e c:/st/stm32cubeide_1.0.2/stm32cubeide/plugins/com.st.stm32cube.ide.mcu.externaltools.gnu-tools-for-stm32.7-2018-q2-update.win32_1.0.0.201904181610/tools/bin/../lib/gcc/arm-none-eabi/7.3.1/thumb/v6-m\libgcc.a(_clzsi2.o)
 .ARM.attributes
                0x000000000000083a       0x2c c:/st/stm32cubeide_1.0.2/stm32cubeide/plugins/com.st.stm32cube.ide.mcu.externaltools.gnu-tools-for-stm32.7-2018-q2-update.win32_1.0.0.201904181610/tools/bin/../lib/gcc/arm-none-eabi/7.3.1/thumb/v6-m\libgcc.a(eqsf2.o)
 .ARM.attributes
                0x0000000000000866       0x2c c:/st/stm32cubeide_1.0.2/stm32cubeide/plugins/com.st.stm32cube.ide.mcu.externaltools.gnu-tools-for-stm32.7-2018-q2-update.win32_1.0.0.201904181610/tools/bin/../lib/gcc/arm-none-eabi/7.3.1/thumb/v6-m\libgcc.a(gesf2.o)
 .ARM.attributes
                0x0000000000000892       0x2c c:/st/stm32cubeide_1.0.2/stm32cubeide/plugins/com.st.stm32cube.ide.mcu.externaltools.gnu-tools-for-stm32.7-2018-q2-update.win32_1.0.0.201904181610/tools/bin/../lib/gcc/arm-none-eabi/7.3.1/thumb/v6-m\libgcc.a(lesf2.o)
 .ARM.attributes
                0x00000000000008be       0x1e c:/st/stm32cubeide_1.0.2/stm32cubeide/plugins/com.st.stm32cube.ide.mcu.externaltools.gnu-tools-for-stm32.7-2018-q2-update.win32_1.0.0.201904181610/tools/bin/../lib/gcc/arm-none-eabi/7.3.1/thumb/v6-m/crtn.o
OUTPUT(RemoteRacing.elf elf32-littlearm)

.debug_info     0x0000000000000000    0x1c7a6
 .debug_info    0x0000000000000000      0x685 Drivers/STM32F0xx_HAL_Driver/Src/stm32f0xx_hal.o
 .debug_info    0x0000000000000685      0x762 Drivers/STM32F0xx_HAL_Driver/Src/stm32f0xx_hal_cortex.o
 .debug_info    0x0000000000000de7      0x79f Drivers/STM32F0xx_HAL_Driver/Src/stm32f0xx_hal_dma.o
 .debug_info    0x0000000000001586      0x674 Drivers/STM32F0xx_HAL_Driver/Src/stm32f0xx_hal_gpio.o
 .debug_info    0x0000000000001bfa     0x1fb9 Drivers/STM32F0xx_HAL_Driver/Src/stm32f0xx_hal_i2c.o
 .debug_info    0x0000000000003bb3      0x86e Drivers/STM32F0xx_HAL_Driver/Src/stm32f0xx_hal_i2c_ex.o
 .debug_info    0x0000000000004421      0x80a Drivers/STM32F0xx_HAL_Driver/Src/stm32f0xx_hal_rcc.o
 .debug_info    0x0000000000004c2b      0x3cb Drivers/STM32F0xx_HAL_Driver/Src/stm32f0xx_hal_rcc_ex.o
 .debug_info    0x0000000000004ff6     0x2522 Drivers/STM32F0xx_HAL_Driver/Src/stm32f0xx_hal_tim.o
 .debug_info    0x0000000000007518     0x10e6 Drivers/STM32F0xx_HAL_Driver/Src/stm32f0xx_hal_tim_ex.o
 .debug_info    0x00000000000085fe     0x150a Drivers/STM32F0xx_HAL_Driver/Src/stm32f0xx_hal_uart.o
 .debug_info    0x0000000000009b08     0x1697 Src/BLE.o
 .debug_info    0x000000000000b19f     0x100b Src/GPS.o
 .debug_info    0x000000000000c1aa     0x1539 Src/LCD.o
 .debug_info    0x000000000000d6e3     0x176a Src/LEDs.o
 .debug_info    0x000000000000ee4d     0x1b14 Src/MMA8452Q.o
 .debug_info    0x0000000000010961     0x1f21 Src/main.o
 .debug_info    0x0000000000012882     0x1919 Src/racing_tasks.o
 .debug_info    0x000000000001419b     0x1a67 Src/stm32f0xx_hal_msp.o
 .debug_info    0x0000000000015c02      0x872 Src/stm32f0xx_hal_timebase_tim.o
 .debug_info    0x0000000000016474     0x192c Src/stm32f0xx_it.o
 .debug_info    0x0000000000017da0      0x2a3 Src/system_stm32f0xx.o
 .debug_info    0x0000000000018043      0xac0 Src/FreeRTOS/Source/list.o
 .debug_info    0x0000000000018b03     0x1451 Src/FreeRTOS/Source/queue.o
 .debug_info    0x0000000000019f54     0x1ac2 Src/FreeRTOS/Source/tasks.o
 .debug_info    0x000000000001ba16      0x255 Src/FreeRTOS/Source/portable/GCC/ARM_CM0/port.o
 .debug_info    0x000000000001bc6b      0xb19 Src/FreeRTOS/Source/portable/MemMang/heap_4.o
 .debug_info    0x000000000001c784       0x22 Startup/startup_stm32f030r8tx.o

.debug_abbrev   0x0000000000000000     0x3945
 .debug_abbrev  0x0000000000000000      0x1f2 Drivers/STM32F0xx_HAL_Driver/Src/stm32f0xx_hal.o
 .debug_abbrev  0x00000000000001f2      0x273 Drivers/STM32F0xx_HAL_Driver/Src/stm32f0xx_hal_cortex.o
 .debug_abbrev  0x0000000000000465      0x1ed Drivers/STM32F0xx_HAL_Driver/Src/stm32f0xx_hal_dma.o
 .debug_abbrev  0x0000000000000652      0x1c0 Drivers/STM32F0xx_HAL_Driver/Src/stm32f0xx_hal_gpio.o
 .debug_abbrev  0x0000000000000812      0x239 Drivers/STM32F0xx_HAL_Driver/Src/stm32f0xx_hal_i2c.o
 .debug_abbrev  0x0000000000000a4b      0x1c8 Drivers/STM32F0xx_HAL_Driver/Src/stm32f0xx_hal_i2c_ex.o
 .debug_abbrev  0x0000000000000c13      0x20f Drivers/STM32F0xx_HAL_Driver/Src/stm32f0xx_hal_rcc.o
 .debug_abbrev  0x0000000000000e22      0x175 Drivers/STM32F0xx_HAL_Driver/Src/stm32f0xx_hal_rcc_ex.o
 .debug_abbrev  0x0000000000000f97      0x23f Drivers/STM32F0xx_HAL_Driver/Src/stm32f0xx_hal_tim.o
 .debug_abbrev  0x00000000000011d6      0x22d Drivers/STM32F0xx_HAL_Driver/Src/stm32f0xx_hal_tim_ex.o
 .debug_abbrev  0x0000000000001403      0x214 Drivers/STM32F0xx_HAL_Driver/Src/stm32f0xx_hal_uart.o
 .debug_abbrev  0x0000000000001617      0x22a Src/BLE.o
 .debug_abbrev  0x0000000000001841      0x224 Src/GPS.o
 .debug_abbrev  0x0000000000001a65      0x2c4 Src/LCD.o
 .debug_abbrev  0x0000000000001d29      0x22c Src/LEDs.o
 .debug_abbrev  0x0000000000001f55      0x26a Src/MMA8452Q.o
 .debug_abbrev  0x00000000000021bf      0x2c7 Src/main.o
 .debug_abbrev  0x0000000000002486      0x28c Src/racing_tasks.o
 .debug_abbrev  0x0000000000002712      0x25a Src/stm32f0xx_hal_msp.o
 .debug_abbrev  0x000000000000296c      0x1ac Src/stm32f0xx_hal_timebase_tim.o
 .debug_abbrev  0x0000000000002b18      0x214 Src/stm32f0xx_it.o
 .debug_abbrev  0x0000000000002d2c      0x12b Src/system_stm32f0xx.o
 .debug_abbrev  0x0000000000002e57      0x1c8 Src/FreeRTOS/Source/list.o
 .debug_abbrev  0x000000000000301f      0x272 Src/FreeRTOS/Source/queue.o
 .debug_abbrev  0x0000000000003291      0x2de Src/FreeRTOS/Source/tasks.o
 .debug_abbrev  0x000000000000356f      0x187 Src/FreeRTOS/Source/portable/GCC/ARM_CM0/port.o
 .debug_abbrev  0x00000000000036f6      0x23d Src/FreeRTOS/Source/portable/MemMang/heap_4.o
 .debug_abbrev  0x0000000000003933       0x12 Startup/startup_stm32f030r8tx.o

.debug_aranges  0x0000000000000000     0x1498
 .debug_aranges
                0x0000000000000000       0xd0 Drivers/STM32F0xx_HAL_Driver/Src/stm32f0xx_hal.o
 .debug_aranges
                0x00000000000000d0       0xc0 Drivers/STM32F0xx_HAL_Driver/Src/stm32f0xx_hal_cortex.o
 .debug_aranges
                0x0000000000000190       0x88 Drivers/STM32F0xx_HAL_Driver/Src/stm32f0xx_hal_dma.o
 .debug_aranges
                0x0000000000000218       0x58 Drivers/STM32F0xx_HAL_Driver/Src/stm32f0xx_hal_gpio.o
 .debug_aranges
                0x0000000000000270      0x290 Drivers/STM32F0xx_HAL_Driver/Src/stm32f0xx_hal_i2c.o
 .debug_aranges
                0x0000000000000500       0x38 Drivers/STM32F0xx_HAL_Driver/Src/stm32f0xx_hal_i2c_ex.o
 .debug_aranges
                0x0000000000000538       0x80 Drivers/STM32F0xx_HAL_Driver/Src/stm32f0xx_hal_rcc.o
 .debug_aranges
                0x00000000000005b8       0x30 Drivers/STM32F0xx_HAL_Driver/Src/stm32f0xx_hal_rcc_ex.o
 .debug_aranges
                0x00000000000005e8      0x3b8 Drivers/STM32F0xx_HAL_Driver/Src/stm32f0xx_hal_tim.o
 .debug_aranges
                0x00000000000009a0      0x150 Drivers/STM32F0xx_HAL_Driver/Src/stm32f0xx_hal_tim_ex.o
 .debug_aranges
                0x0000000000000af0      0x200 Drivers/STM32F0xx_HAL_Driver/Src/stm32f0xx_hal_uart.o
 .debug_aranges
                0x0000000000000cf0       0x30 Src/BLE.o
 .debug_aranges
                0x0000000000000d20       0x38 Src/GPS.o
 .debug_aranges
                0x0000000000000d58      0x110 Src/LCD.o
 .debug_aranges
                0x0000000000000e68       0x28 Src/LEDs.o
 .debug_aranges
                0x0000000000000e90       0xa8 Src/MMA8452Q.o
 .debug_aranges
                0x0000000000000f38       0x70 Src/main.o
 .debug_aranges
                0x0000000000000fa8       0x58 Src/racing_tasks.o
 .debug_aranges
                0x0000000000001000       0x40 Src/stm32f0xx_hal_msp.o
 .debug_aranges
                0x0000000000001040       0x30 Src/stm32f0xx_hal_timebase_tim.o
 .debug_aranges
                0x0000000000001070       0x48 Src/stm32f0xx_it.o
 .debug_aranges
                0x00000000000010b8       0x28 Src/system_stm32f0xx.o
 .debug_aranges
                0x00000000000010e0       0x40 Src/FreeRTOS/Source/list.o
 .debug_aranges
                0x0000000000001120       0xe0 Src/FreeRTOS/Source/queue.o
 .debug_aranges
                0x0000000000001200      0x198 Src/FreeRTOS/Source/tasks.o
 .debug_aranges
                0x0000000000001398       0x88 Src/FreeRTOS/Source/portable/GCC/ARM_CM0/port.o
 .debug_aranges
                0x0000000000001420       0x50 Src/FreeRTOS/Source/portable/MemMang/heap_4.o
 .debug_aranges
                0x0000000000001470       0x28 Startup/startup_stm32f030r8tx.o

.debug_ranges   0x0000000000000000     0x12e0
 .debug_ranges  0x0000000000000000       0xc0 Drivers/STM32F0xx_HAL_Driver/Src/stm32f0xx_hal.o
 .debug_ranges  0x00000000000000c0       0xb0 Drivers/STM32F0xx_HAL_Driver/Src/stm32f0xx_hal_cortex.o
 .debug_ranges  0x0000000000000170       0x78 Drivers/STM32F0xx_HAL_Driver/Src/stm32f0xx_hal_dma.o
 .debug_ranges  0x00000000000001e8       0x48 Drivers/STM32F0xx_HAL_Driver/Src/stm32f0xx_hal_gpio.o
 .debug_ranges  0x0000000000000230      0x280 Drivers/STM32F0xx_HAL_Driver/Src/stm32f0xx_hal_i2c.o
 .debug_ranges  0x00000000000004b0       0x28 Drivers/STM32F0xx_HAL_Driver/Src/stm32f0xx_hal_i2c_ex.o
 .debug_ranges  0x00000000000004d8       0x70 Drivers/STM32F0xx_HAL_Driver/Src/stm32f0xx_hal_rcc.o
 .debug_ranges  0x0000000000000548       0x20 Drivers/STM32F0xx_HAL_Driver/Src/stm32f0xx_hal_rcc_ex.o
 .debug_ranges  0x0000000000000568      0x3a8 Drivers/STM32F0xx_HAL_Driver/Src/stm32f0xx_hal_tim.o
 .debug_ranges  0x0000000000000910      0x140 Drivers/STM32F0xx_HAL_Driver/Src/stm32f0xx_hal_tim_ex.o
 .debug_ranges  0x0000000000000a50      0x1f0 Drivers/STM32F0xx_HAL_Driver/Src/stm32f0xx_hal_uart.o
 .debug_ranges  0x0000000000000c40       0x20 Src/BLE.o
 .debug_ranges  0x0000000000000c60       0x28 Src/GPS.o
 .debug_ranges  0x0000000000000c88      0x100 Src/LCD.o
 .debug_ranges  0x0000000000000d88       0x18 Src/LEDs.o
 .debug_ranges  0x0000000000000da0       0x98 Src/MMA8452Q.o
 .debug_ranges  0x0000000000000e38       0x60 Src/main.o
 .debug_ranges  0x0000000000000e98       0x48 Src/racing_tasks.o
 .debug_ranges  0x0000000000000ee0       0x30 Src/stm32f0xx_hal_msp.o
 .debug_ranges  0x0000000000000f10       0x20 Src/stm32f0xx_hal_timebase_tim.o
 .debug_ranges  0x0000000000000f30       0x38 Src/stm32f0xx_it.o
 .debug_ranges  0x0000000000000f68       0x18 Src/system_stm32f0xx.o
 .debug_ranges  0x0000000000000f80       0x30 Src/FreeRTOS/Source/list.o
 .debug_ranges  0x0000000000000fb0       0xd0 Src/FreeRTOS/Source/queue.o
 .debug_ranges  0x0000000000001080      0x188 Src/FreeRTOS/Source/tasks.o
 .debug_ranges  0x0000000000001208       0x78 Src/FreeRTOS/Source/portable/GCC/ARM_CM0/port.o
 .debug_ranges  0x0000000000001280       0x40 Src/FreeRTOS/Source/portable/MemMang/heap_4.o
 .debug_ranges  0x00000000000012c0       0x20 Startup/startup_stm32f030r8tx.o

.debug_macro    0x0000000000000000    0x10883
 .debug_macro   0x0000000000000000      0x1dc Drivers/STM32F0xx_HAL_Driver/Src/stm32f0xx_hal.o
 .debug_macro   0x00000000000001dc      0xa48 Drivers/STM32F0xx_HAL_Driver/Src/stm32f0xx_hal.o
 .debug_macro   0x0000000000000c24      0x133 Drivers/STM32F0xx_HAL_Driver/Src/stm32f0xx_hal.o
 .debug_macro   0x0000000000000d57       0x2e Drivers/STM32F0xx_HAL_Driver/Src/stm32f0xx_hal.o
 .debug_macro   0x0000000000000d85       0x22 Drivers/STM32F0xx_HAL_Driver/Src/stm32f0xx_hal.o
 .debug_macro   0x0000000000000da7       0x22 Drivers/STM32F0xx_HAL_Driver/Src/stm32f0xx_hal.o
 .debug_macro   0x0000000000000dc9       0x8e Drivers/STM32F0xx_HAL_Driver/Src/stm32f0xx_hal.o
 .debug_macro   0x0000000000000e57       0x51 Drivers/STM32F0xx_HAL_Driver/Src/stm32f0xx_hal.o
 .debug_macro   0x0000000000000ea8       0xef Drivers/STM32F0xx_HAL_Driver/Src/stm32f0xx_hal.o
 .debug_macro   0x0000000000000f97       0x6a Drivers/STM32F0xx_HAL_Driver/Src/stm32f0xx_hal.o
 .debug_macro   0x0000000000001001      0x1df Drivers/STM32F0xx_HAL_Driver/Src/stm32f0xx_hal.o
 .debug_macro   0x00000000000011e0       0x1c Drivers/STM32F0xx_HAL_Driver/Src/stm32f0xx_hal.o
 .debug_macro   0x00000000000011fc       0x22 Drivers/STM32F0xx_HAL_Driver/Src/stm32f0xx_hal.o
 .debug_macro   0x000000000000121e       0xb5 Drivers/STM32F0xx_HAL_Driver/Src/stm32f0xx_hal.o
 .debug_macro   0x00000000000012d3      0x391 Drivers/STM32F0xx_HAL_Driver/Src/stm32f0xx_hal.o
 .debug_macro   0x0000000000001664     0x6f39 Drivers/STM32F0xx_HAL_Driver/Src/stm32f0xx_hal.o
 .debug_macro   0x000000000000859d       0x3c Drivers/STM32F0xx_HAL_Driver/Src/stm32f0xx_hal.o
 .debug_macro   0x00000000000085d9      0x174 Drivers/STM32F0xx_HAL_Driver/Src/stm32f0xx_hal.o
 .debug_macro   0x000000000000874d       0x54 Drivers/STM32F0xx_HAL_Driver/Src/stm32f0xx_hal.o
 .debug_macro   0x00000000000087a1      0x924 Drivers/STM32F0xx_HAL_Driver/Src/stm32f0xx_hal.o
 .debug_macro   0x00000000000090c5      0x17f Drivers/STM32F0xx_HAL_Driver/Src/stm32f0xx_hal.o
 .debug_macro   0x0000000000009244      0x12f Drivers/STM32F0xx_HAL_Driver/Src/stm32f0xx_hal.o
 .debug_macro   0x0000000000009373       0xd9 Drivers/STM32F0xx_HAL_Driver/Src/stm32f0xx_hal.o
 .debug_macro   0x000000000000944c      0x1a0 Drivers/STM32F0xx_HAL_Driver/Src/stm32f0xx_hal.o
 .debug_macro   0x00000000000095ec      0x1ed Drivers/STM32F0xx_HAL_Driver/Src/stm32f0xx_hal.o
 .debug_macro   0x00000000000097d9       0x34 Drivers/STM32F0xx_HAL_Driver/Src/stm32f0xx_hal.o
 .debug_macro   0x000000000000980d       0x43 Drivers/STM32F0xx_HAL_Driver/Src/stm32f0xx_hal.o
 .debug_macro   0x0000000000009850       0x28 Drivers/STM32F0xx_HAL_Driver/Src/stm32f0xx_hal.o
 .debug_macro   0x0000000000009878       0xb0 Drivers/STM32F0xx_HAL_Driver/Src/stm32f0xx_hal.o
 .debug_macro   0x0000000000009928      0x199 Drivers/STM32F0xx_HAL_Driver/Src/stm32f0xx_hal.o
 .debug_macro   0x0000000000009ac1      0x22c Drivers/STM32F0xx_HAL_Driver/Src/stm32f0xx_hal.o
 .debug_macro   0x0000000000009ced       0x60 Drivers/STM32F0xx_HAL_Driver/Src/stm32f0xx_hal.o
 .debug_macro   0x0000000000009d4d       0xa5 Drivers/STM32F0xx_HAL_Driver/Src/stm32f0xx_hal.o
 .debug_macro   0x0000000000009df2       0x4c Drivers/STM32F0xx_HAL_Driver/Src/stm32f0xx_hal.o
 .debug_macro   0x0000000000009e3e       0x2b Drivers/STM32F0xx_HAL_Driver/Src/stm32f0xx_hal.o
 .debug_macro   0x0000000000009e69      0x8ae Drivers/STM32F0xx_HAL_Driver/Src/stm32f0xx_hal.o
 .debug_macro   0x000000000000a717       0x28 Drivers/STM32F0xx_HAL_Driver/Src/stm32f0xx_hal.o
 .debug_macro   0x000000000000a73f      0x543 Drivers/STM32F0xx_HAL_Driver/Src/stm32f0xx_hal.o
 .debug_macro   0x000000000000ac82       0x3e Drivers/STM32F0xx_HAL_Driver/Src/stm32f0xx_hal.o
 .debug_macro   0x000000000000acc0       0xff Drivers/STM32F0xx_HAL_Driver/Src/stm32f0xx_hal.o
 .debug_macro   0x000000000000adbf      0x1b8 Drivers/STM32F0xx_HAL_Driver/Src/stm32f0xx_hal_cortex.o
 .debug_macro   0x000000000000af77      0x1b8 Drivers/STM32F0xx_HAL_Driver/Src/stm32f0xx_hal_dma.o
 .debug_macro   0x000000000000b12f      0x1f0 Drivers/STM32F0xx_HAL_Driver/Src/stm32f0xx_hal_gpio.o
 .debug_macro   0x000000000000b31f      0x27d Drivers/STM32F0xx_HAL_Driver/Src/stm32f0xx_hal_i2c.o
 .debug_macro   0x000000000000b59c      0x1b8 Drivers/STM32F0xx_HAL_Driver/Src/stm32f0xx_hal_i2c_ex.o
 .debug_macro   0x000000000000b754      0x1ca Drivers/STM32F0xx_HAL_Driver/Src/stm32f0xx_hal_rcc.o
 .debug_macro   0x000000000000b91e      0x1b8 Drivers/STM32F0xx_HAL_Driver/Src/stm32f0xx_hal_rcc_ex.o
 .debug_macro   0x000000000000bad6      0x1b9 Drivers/STM32F0xx_HAL_Driver/Src/stm32f0xx_hal_tim.o
 .debug_macro   0x000000000000bc8f      0x1b8 Drivers/STM32F0xx_HAL_Driver/Src/stm32f0xx_hal_tim_ex.o
 .debug_macro   0x000000000000be47      0x1d5 Drivers/STM32F0xx_HAL_Driver/Src/stm32f0xx_hal_uart.o
 .debug_macro   0x000000000000c01c      0x3b1 Src/BLE.o
 .debug_macro   0x000000000000c3cd       0x1c Src/BLE.o
 .debug_macro   0x000000000000c3e9      0x19d Src/BLE.o
 .debug_macro   0x000000000000c586       0xb6 Src/BLE.o
 .debug_macro   0x000000000000c63c      0x168 Src/BLE.o
 .debug_macro   0x000000000000c7a4       0xb6 Src/BLE.o
 .debug_macro   0x000000000000c85a       0x10 Src/BLE.o
 .debug_macro   0x000000000000c86a       0x1f Src/BLE.o
 .debug_macro   0x000000000000c889      0x41d Src/BLE.o
 .debug_macro   0x000000000000cca6       0xc0 Src/BLE.o
 .debug_macro   0x000000000000cd66       0x8c Src/BLE.o
 .debug_macro   0x000000000000cdf2       0x91 Src/BLE.o
 .debug_macro   0x000000000000ce83       0x94 Src/BLE.o
 .debug_macro   0x000000000000cf17       0x63 Src/BLE.o
 .debug_macro   0x000000000000cf7a       0x19 Src/BLE.o
 .debug_macro   0x000000000000cf93       0x22 Src/BLE.o
 .debug_macro   0x000000000000cfb5       0x18 Src/BLE.o
 .debug_macro   0x000000000000cfcd       0x46 Src/BLE.o
 .debug_macro   0x000000000000d013       0x3c Src/BLE.o
 .debug_macro   0x000000000000d04f       0x34 Src/BLE.o
 .debug_macro   0x000000000000d083       0x16 Src/BLE.o
 .debug_macro   0x000000000000d099       0x35 Src/BLE.o
 .debug_macro   0x000000000000d0ce       0x52 Src/BLE.o
 .debug_macro   0x000000000000d120       0x1f Src/BLE.o
 .debug_macro   0x000000000000d13f       0x43 Src/BLE.o
 .debug_macro   0x000000000000d182       0x20 Src/BLE.o
 .debug_macro   0x000000000000d1a2      0x1a3 Src/BLE.o
 .debug_macro   0x000000000000d345      0x32a Src/BLE.o
 .debug_macro   0x000000000000d66f       0x16 Src/BLE.o
 .debug_macro   0x000000000000d685       0x29 Src/BLE.o
 .debug_macro   0x000000000000d6ae       0x16 Src/BLE.o
 .debug_macro   0x000000000000d6c4       0x20 Src/BLE.o
 .debug_macro   0x000000000000d6e4      0x1c6 Src/BLE.o
 .debug_macro   0x000000000000d8aa       0x5e Src/BLE.o
 .debug_macro   0x000000000000d908      0x282 Src/GPS.o
 .debug_macro   0x000000000000db8a       0x40 Src/GPS.o
 .debug_macro   0x000000000000dbca       0x94 Src/GPS.o
 .debug_macro   0x000000000000dc5e       0x57 Src/GPS.o
 .debug_macro   0x000000000000dcb5      0x330 Src/GPS.o
 .debug_macro   0x000000000000dfe5       0x10 Src/GPS.o
 .debug_macro   0x000000000000dff5       0xaf Src/GPS.o
 .debug_macro   0x000000000000e0a4       0x4e Src/GPS.o
 .debug_macro   0x000000000000e0f2       0x58 Src/GPS.o
 .debug_macro   0x000000000000e14a      0x2b6 Src/LCD.o
 .debug_macro   0x000000000000e400      0x1f6 Src/LCD.o
 .debug_macro   0x000000000000e5f6      0x3a7 Src/LEDs.o
 .debug_macro   0x000000000000e99d       0x22 Src/LEDs.o
 .debug_macro   0x000000000000e9bf      0x3b1 Src/MMA8452Q.o
 .debug_macro   0x000000000000ed70       0x1c Src/MMA8452Q.o
 .debug_macro   0x000000000000ed8c      0x3a7 Src/main.o
 .debug_macro   0x000000000000f133      0x3a7 Src/racing_tasks.o
 .debug_macro   0x000000000000f4da      0x3a7 Src/stm32f0xx_hal_msp.o
 .debug_macro   0x000000000000f881      0x1b8 Src/stm32f0xx_hal_timebase_tim.o
 .debug_macro   0x000000000000fa39      0x3b1 Src/stm32f0xx_it.o
 .debug_macro   0x000000000000fdea      0x1b8 Src/system_stm32f0xx.o
 .debug_macro   0x000000000000ffa2      0x17b Src/FreeRTOS/Source/list.o
 .debug_macro   0x000000000001011d      0x206 Src/FreeRTOS/Source/queue.o
 .debug_macro   0x0000000000010323      0x270 Src/FreeRTOS/Source/tasks.o
 .debug_macro   0x0000000000010593       0x11 Src/FreeRTOS/Source/tasks.o
 .debug_macro   0x00000000000105a4      0x13d Src/FreeRTOS/Source/portable/GCC/ARM_CM0/port.o
 .debug_macro   0x00000000000106e1      0x1a2 Src/FreeRTOS/Source/portable/MemMang/heap_4.o

.debug_line     0x0000000000000000    0x12766
 .debug_line    0x0000000000000000      0x84d Drivers/STM32F0xx_HAL_Driver/Src/stm32f0xx_hal.o
 .debug_line    0x000000000000084d      0x865 Drivers/STM32F0xx_HAL_Driver/Src/stm32f0xx_hal_cortex.o
 .debug_line    0x00000000000010b2      0x8ab Drivers/STM32F0xx_HAL_Driver/Src/stm32f0xx_hal_dma.o
 .debug_line    0x000000000000195d      0x810 Drivers/STM32F0xx_HAL_Driver/Src/stm32f0xx_hal_gpio.o
 .debug_line    0x000000000000216d     0x1a87 Drivers/STM32F0xx_HAL_Driver/Src/stm32f0xx_hal_i2c.o
 .debug_line    0x0000000000003bf4      0x755 Drivers/STM32F0xx_HAL_Driver/Src/stm32f0xx_hal_i2c_ex.o
 .debug_line    0x0000000000004349      0x90e Drivers/STM32F0xx_HAL_Driver/Src/stm32f0xx_hal_rcc.o
 .debug_line    0x0000000000004c57      0x768 Drivers/STM32F0xx_HAL_Driver/Src/stm32f0xx_hal_rcc_ex.o
 .debug_line    0x00000000000053bf     0x1a70 Drivers/STM32F0xx_HAL_Driver/Src/stm32f0xx_hal_tim.o
 .debug_line    0x0000000000006e2f      0xc94 Drivers/STM32F0xx_HAL_Driver/Src/stm32f0xx_hal_tim_ex.o
 .debug_line    0x0000000000007ac3     0x10e5 Drivers/STM32F0xx_HAL_Driver/Src/stm32f0xx_hal_uart.o
 .debug_line    0x0000000000008ba8      0x9cd Src/BLE.o
 .debug_line    0x0000000000009575      0x89d Src/GPS.o
 .debug_line    0x0000000000009e12      0xc61 Src/LCD.o
 .debug_line    0x000000000000aa73      0x9d4 Src/LEDs.o
 .debug_line    0x000000000000b447      0xb0c Src/MMA8452Q.o
 .debug_line    0x000000000000bf53      0xae8 Src/main.o
 .debug_line    0x000000000000ca3b      0xb64 Src/racing_tasks.o
 .debug_line    0x000000000000d59f      0xa59 Src/stm32f0xx_hal_msp.o
 .debug_line    0x000000000000dff8      0x6c6 Src/stm32f0xx_hal_timebase_tim.o
 .debug_line    0x000000000000e6be      0xa27 Src/stm32f0xx_it.o
 .debug_line    0x000000000000f0e5      0x6b9 Src/system_stm32f0xx.o
 .debug_line    0x000000000000f79e      0x68c Src/FreeRTOS/Source/list.o
 .debug_line    0x000000000000fe2a      0xba0 Src/FreeRTOS/Source/queue.o
 .debug_line    0x00000000000109ca      0xfb7 Src/FreeRTOS/Source/tasks.o
 .debug_line    0x0000000000011981      0x619 Src/FreeRTOS/Source/portable/GCC/ARM_CM0/port.o
 .debug_line    0x0000000000011f9a      0x747 Src/FreeRTOS/Source/portable/MemMang/heap_4.o
 .debug_line    0x00000000000126e1       0x85 Startup/startup_stm32f030r8tx.o

.debug_str      0x0000000000000000    0x546b8
 .debug_str     0x0000000000000000    0x45457 Drivers/STM32F0xx_HAL_Driver/Src/stm32f0xx_hal.o
                                      0x456c4 (size before relaxing)
 .debug_str     0x0000000000045457      0x220 Drivers/STM32F0xx_HAL_Driver/Src/stm32f0xx_hal_cortex.o
                                      0x4557c (size before relaxing)
 .debug_str     0x0000000000045677      0x3f4 Drivers/STM32F0xx_HAL_Driver/Src/stm32f0xx_hal_dma.o
                                      0x45594 (size before relaxing)
 .debug_str     0x0000000000045a6b      0x294 Drivers/STM32F0xx_HAL_Driver/Src/stm32f0xx_hal_gpio.o
                                      0x45458 (size before relaxing)
 .debug_str     0x0000000000045cff     0x10c4 Drivers/STM32F0xx_HAL_Driver/Src/stm32f0xx_hal_i2c.o
                                      0x4646e (size before relaxing)
 .debug_str     0x0000000000046dc3       0xc4 Drivers/STM32F0xx_HAL_Driver/Src/stm32f0xx_hal_i2c_ex.o
                                      0x4572b (size before relaxing)
 .debug_str     0x0000000000046e87      0x35c Drivers/STM32F0xx_HAL_Driver/Src/stm32f0xx_hal_rcc.o
                                      0x455c6 (size before relaxing)
 .debug_str     0x00000000000471e3      0x127 Drivers/STM32F0xx_HAL_Driver/Src/stm32f0xx_hal_rcc_ex.o
                                      0x452f8 (size before relaxing)
 .debug_str     0x000000000004730a     0x100a Drivers/STM32F0xx_HAL_Driver/Src/stm32f0xx_hal_tim.o