13:08:58 **** Incremental Build of configuration Release for project RemoteRacing ****
make -j8 all 
arm-none-eabi-size   RemoteRacing.elf 
   text	   data	    bss	    dec	    hex	filename
  32304	     20	   7436	  39760	   9b50	RemoteRacing.elf
Finished building: default.size.stdout
 
13:09:02 **** Incremental Build of configuration Debug for project RemoteRacing ****
make -j8 all 
arm-none-eabi-size   RemoteRacing.elf 
   text	   data	    bss	    dec	    hex	filename
  38388	     20	   7436	  45844	   b314	RemoteRacing.elf
Finished building: default.size.stdout
 
13:09:14 **** Incremental Build of configuration Release for project RemoteRacing ****
make -j8 all 
arm-none-eabi-size   RemoteRacing.elf 
   text	   data	    bss	    dec	    hex	filename
  32304	     20	   7436	  39760	   9b50	RemoteRacing.elf
Finished building: default.size.stdout
 
